Archive member included to satisfy reference by file (symbol)

d:/st/stm32cubeide_1.7.0/stm32cubeide/plugins/com.st.stm32cube.ide.mcu.externaltools.gnu-tools-for-stm32.9-2020-q2-update.win32_2.0.0.202105311346/tools/bin/../lib/gcc/arm-none-eabi/9.3.1/../../../../arm-none-eabi/lib/thumb/v6-m/nofp\libc_nano.a(lib_a-errno.o)
                              ./Core/Src/syscalls.o (__errno)
d:/st/stm32cubeide_1.7.0/stm32cubeide/plugins/com.st.stm32cube.ide.mcu.externaltools.gnu-tools-for-stm32.9-2020-q2-update.win32_2.0.0.202105311346/tools/bin/../lib/gcc/arm-none-eabi/9.3.1/../../../../arm-none-eabi/lib/thumb/v6-m/nofp\libc_nano.a(lib_a-exit.o)
                              d:/st/stm32cubeide_1.7.0/stm32cubeide/plugins/com.st.stm32cube.ide.mcu.externaltools.gnu-tools-for-stm32.9-2020-q2-update.win32_2.0.0.202105311346/tools/bin/../lib/gcc/arm-none-eabi/9.3.1/../../../../arm-none-eabi/lib/thumb/v6-m/nofp/crt0.o (exit)
d:/st/stm32cubeide_1.7.0/stm32cubeide/plugins/com.st.stm32cube.ide.mcu.externaltools.gnu-tools-for-stm32.9-2020-q2-update.win32_2.0.0.202105311346/tools/bin/../lib/gcc/arm-none-eabi/9.3.1/../../../../arm-none-eabi/lib/thumb/v6-m/nofp\libc_nano.a(lib_a-impure.o)
                              d:/st/stm32cubeide_1.7.0/stm32cubeide/plugins/com.st.stm32cube.ide.mcu.externaltools.gnu-tools-for-stm32.9-2020-q2-update.win32_2.0.0.202105311346/tools/bin/../lib/gcc/arm-none-eabi/9.3.1/../../../../arm-none-eabi/lib/thumb/v6-m/nofp\libc_nano.a(lib_a-exit.o) (_global_impure_ptr)
d:/st/stm32cubeide_1.7.0/stm32cubeide/plugins/com.st.stm32cube.ide.mcu.externaltools.gnu-tools-for-stm32.9-2020-q2-update.win32_2.0.0.202105311346/tools/bin/../lib/gcc/arm-none-eabi/9.3.1/../../../../arm-none-eabi/lib/thumb/v6-m/nofp\libc_nano.a(lib_a-init.o)
                              d:/st/stm32cubeide_1.7.0/stm32cubeide/plugins/com.st.stm32cube.ide.mcu.externaltools.gnu-tools-for-stm32.9-2020-q2-update.win32_2.0.0.202105311346/tools/bin/../lib/gcc/arm-none-eabi/9.3.1/../../../../arm-none-eabi/lib/thumb/v6-m/nofp/crt0.o (__libc_init_array)
d:/st/stm32cubeide_1.7.0/stm32cubeide/plugins/com.st.stm32cube.ide.mcu.externaltools.gnu-tools-for-stm32.9-2020-q2-update.win32_2.0.0.202105311346/tools/bin/../lib/gcc/arm-none-eabi/9.3.1/../../../../arm-none-eabi/lib/thumb/v6-m/nofp\libc_nano.a(lib_a-memcpy-stub.o)
                              ./Core/Src1/modbus.o (memcpy)
d:/st/stm32cubeide_1.7.0/stm32cubeide/plugins/com.st.stm32cube.ide.mcu.externaltools.gnu-tools-for-stm32.9-2020-q2-update.win32_2.0.0.202105311346/tools/bin/../lib/gcc/arm-none-eabi/9.3.1/../../../../arm-none-eabi/lib/thumb/v6-m/nofp\libc_nano.a(lib_a-memset.o)
                              d:/st/stm32cubeide_1.7.0/stm32cubeide/plugins/com.st.stm32cube.ide.mcu.externaltools.gnu-tools-for-stm32.9-2020-q2-update.win32_2.0.0.202105311346/tools/bin/../lib/gcc/arm-none-eabi/9.3.1/../../../../arm-none-eabi/lib/thumb/v6-m/nofp/crt0.o (memset)
d:/st/stm32cubeide_1.7.0/stm32cubeide/plugins/com.st.stm32cube.ide.mcu.externaltools.gnu-tools-for-stm32.9-2020-q2-update.win32_2.0.0.202105311346/tools/bin/../lib/gcc/arm-none-eabi/9.3.1/../../../../arm-none-eabi/lib/thumb/v6-m/nofp\libc_nano.a(lib_a-strlen.o)
                              ./Core/Src1/debug.o (strlen)
d:/st/stm32cubeide_1.7.0/stm32cubeide/plugins/com.st.stm32cube.ide.mcu.externaltools.gnu-tools-for-stm32.9-2020-q2-update.win32_2.0.0.202105311346/tools/bin/../lib/gcc/arm-none-eabi/9.3.1/../../../../arm-none-eabi/lib/thumb/v6-m/nofp\libc_nano.a(lib_a-vsnprintf.o)
                              ./Core/Src1/debug.o (vsnprintf)
d:/st/stm32cubeide_1.7.0/stm32cubeide/plugins/com.st.stm32cube.ide.mcu.externaltools.gnu-tools-for-stm32.9-2020-q2-update.win32_2.0.0.202105311346/tools/bin/../lib/gcc/arm-none-eabi/9.3.1/../../../../arm-none-eabi/lib/thumb/v6-m/nofp\libc_nano.a(lib_a-nano-svfprintf.o)
                              d:/st/stm32cubeide_1.7.0/stm32cubeide/plugins/com.st.stm32cube.ide.mcu.externaltools.gnu-tools-for-stm32.9-2020-q2-update.win32_2.0.0.202105311346/tools/bin/../lib/gcc/arm-none-eabi/9.3.1/../../../../arm-none-eabi/lib/thumb/v6-m/nofp\libc_nano.a(lib_a-vsnprintf.o) (_svfprintf_r)
d:/st/stm32cubeide_1.7.0/stm32cubeide/plugins/com.st.stm32cube.ide.mcu.externaltools.gnu-tools-for-stm32.9-2020-q2-update.win32_2.0.0.202105311346/tools/bin/../lib/gcc/arm-none-eabi/9.3.1/../../../../arm-none-eabi/lib/thumb/v6-m/nofp\libc_nano.a(lib_a-nano-vfprintf_i.o)
                              d:/st/stm32cubeide_1.7.0/stm32cubeide/plugins/com.st.stm32cube.ide.mcu.externaltools.gnu-tools-for-stm32.9-2020-q2-update.win32_2.0.0.202105311346/tools/bin/../lib/gcc/arm-none-eabi/9.3.1/../../../../arm-none-eabi/lib/thumb/v6-m/nofp\libc_nano.a(lib_a-nano-svfprintf.o) (_printf_i)
[...]
Memory Configuration

Name             Origin             Length             Attributes
RAM              0x0000000020000000 0x0000000000002000 xrw
FLASH            0x0000000008000000 0x0000000000008000 xr
*default*        0x0000000000000000 0xffffffffffffffff

Linker script and memory map

LOAD d:/st/stm32cubeide_1.7.0/stm32cubeide/plugins/com.st.stm32cube.ide.mcu.externaltools.gnu-tools-for-stm32.9-2020-q2-update.win32_2.0.0.202105311346/tools/bin/../lib/gcc/arm-none-eabi/9.3.1/thumb/v6-m/nofp/crti.o
LOAD d:/st/stm32cubeide_1.7.0/stm32cubeide/plugins/com.st.stm32cube.ide.mcu.externaltools.gnu-tools-for-stm32.9-2020-q2-update.win32_2.0.0.202105311346/tools/bin/../lib/gcc/arm-none-eabi/9.3.1/thumb/v6-m/nofp/crtbegin.o
LOAD d:/st/stm32cubeide_1.7.0/stm32cubeide/plugins/com.st.stm32cube.ide.mcu.externaltools.gnu-tools-for-stm32.9-2020-q2-update.win32_2.0.0.202105311346/tools/bin/../lib/gcc/arm-none-eabi/9.3.1/../../../../arm-none-eabi/lib/thumb/v6-m/nofp/crt0.o
LOAD ./Core/Src/adc.o
LOAD ./Core/Src/crc.o
LOAD ./Core/Src/gpio.o
LOAD ./Core/Src/i2c.o
LOAD ./Core/Src/main.o
LOAD ./Core/Src/stm32l0xx_it.o
LOAD ./Core/Src/syscalls.o
LOAD ./Core/Src/sysmem.o
LOAD ./Core/Src/system_stm32l0xx.o
LOAD ./Core/Src/tim.o
LOAD ./Core/Src/usart.o
LOAD ./Core/Src1/calculations.o
LOAD ./Core/Src1/debug.o
LOAD ./Core/Src1/device.o
LOAD ./Core/Src1/eeprom.o
LOAD ./Core/Src1/lmp91000.o
LOAD ./Core/Src1/modbus.o
LOAD ./Core/Src1/modbus_lpuart.o
LOAD ./Core/Startup/startup_stm32l031g6ux.o
LOAD ./Drivers/STM32L0xx_HAL_Driver/Src/stm32l0xx_ll_adc.o
LOAD ./Drivers/STM32L0xx_HAL_Driver/Src/stm32l0xx_ll_crc.o
LOAD ./Drivers/STM32L0xx_HAL_Driver/Src/stm32l0xx_ll_dma.o
LOAD ./Drivers/STM32L0xx_HAL_Driver/Src/stm32l0xx_ll_exti.o
LOAD ./Drivers/STM32L0xx_HAL_Driver/Src/stm32l0xx_ll_gpio.o
LOAD ./Drivers/STM32L0xx_HAL_Driver/Src/stm32l0xx_ll_i2c.o
LOAD ./Drivers/STM32L0xx_HAL_Driver/Src/stm32l0xx_ll_lpuart.o
LOAD ./Drivers/STM32L0xx_HAL_Driver/Src/stm32l0xx_ll_pwr.o
LOAD ./Drivers/STM32L0xx_HAL_Driver/Src/stm32l0xx_ll_rcc.o
LOAD ./Drivers/STM32L0xx_HAL_Driver/Src/stm32l0xx_ll_tim.o
LOAD ./Drivers/STM32L0xx_HAL_Driver/Src/stm32l0xx_ll_usart.o
LOAD ./Drivers/STM32L0xx_HAL_Driver/Src/stm32l0xx_ll_utils.o
START GROUP
LOAD d:/st/stm32cubeide_1.7.0/stm32cubeide/plugins/com.st.stm32cube.ide.mcu.externaltools.gnu-tools-for-stm32.9-2020-q2-update.win32_2.0.0.202105311346/tools/bin/../lib/gcc/arm-none-eabi/9.3.1/../../../../arm-none-eabi/lib/thumb/v6-m/nofp\libc_nano.a
LOAD d:/st/stm32cubeide_1.7.0/stm32cubeide/plugins/com.st.stm32cube.ide.mcu.externaltools.gnu-tools-for-stm32.9-2020-q2-update.win32_2.0.0.202105311346/tools/bin/../lib/gcc/arm-none-eabi/9.3.1/../../../../arm-none-eabi/lib/thumb/v6-m/nofp\libm.a
END GROUP
START GROUP
LOAD d:/st/stm32cubeide_1.7.0/stm32cubeide/plugins/com.st.stm32cube.ide.mcu.externaltools.gnu-tools-for-stm32.9-2020-q2-update.win32_2.0.0.202105311346/tools/bin/../lib/gcc/arm-none-eabi/9.3.1/thumb/v6-m/nofp\libgcc.a
LOAD d:/st/stm32cubeide_1.7.0/stm32cubeide/plugins/com.st.stm32cube.ide.mcu.externaltools.gnu-tools-for-stm32.9-2020-q2-update.win32_2.0.0.202105311346/tools/bin/../lib/gcc/arm-none-eabi/9.3.1/../../../../arm-none-eabi/lib/thumb/v6-m/nofp\libc_nano.a
END GROUP
START GROUP
LOAD d:/st/stm32cubeide_1.7.0/stm32cubeide/plugins/com.st.stm32cube.ide.mcu.externaltools.gnu-tools-for-stm32.9-2020-q2-update.win32_2.0.0.202105311346/tools/bin/../lib/gcc/arm-none-eabi/9.3.1/thumb/v6-m/nofp\libgcc.a
LOAD d:/st/stm32cubeide_1.7.0/stm32cubeide/plugins/com.st.stm32cube.ide.mcu.externaltools.gnu-tools-for-stm32.9-2020-q2-update.win32_2.0.0.202105311346/tools/bin/../lib/gcc/arm-none-eabi/9.3.1/../../../../arm-none-eabi/lib/thumb/v6-m/nofp\libc_nano.a
LOAD d:/st/stm32cubeide_1.7.0/stm32cubeide/plugins/com.st.stm32cube.ide.mcu.externaltools.gnu-tools-for-stm32.9-2020-q2-update.win32_2.0.0.202105311346/tools/bin/../lib/gcc/arm-none-eabi/9.3.1/../../../../arm-none-eabi/lib/thumb/v6-m/nofp\libnosys.a
END GROUP
START GROUP
LOAD d:/st/stm32cubeide_1.7.0/stm32cubeide/plugins/com.st.stm32cube.ide.mcu.externaltools.gnu-tools-for-stm32.9-2020-q2-update.win32_2.0.0.202105311346/tools/bin/../lib/gcc/arm-none-eabi/9.3.1/thumb/v6-m/nofp\libgcc.a
LOAD d:/st/stm32cubeide_1.7.0/stm32cubeide/plugins/com.st.stm32cube.ide.mcu.externaltools.gnu-tools-for-stm32.9-2020-q2-update.win32_2.0.0.202105311346/tools/bin/../lib/gcc/arm-none-eabi/9.3.1/../../../../arm-none-eabi/lib/thumb/v6-m/nofp\libc_nano.a
LOAD d:/st/stm32cubeide_1.7.0/stm32cubeide/plugins/com.st.stm32cube.ide.mcu.externaltools.gnu-tools-for-stm32.9-2020-q2-update.win32_2.0.0.202105311346/tools/bin/../lib/gcc/arm-none-eabi/9.3.1/../../../../arm-none-eabi/lib/thumb/v6-m/nofp\libnosys.a
END GROUP
LOAD d:/st/stm32cubeide_1.7.0/stm32cubeide/plugins/com.st.stm32cube.ide.mcu.externaltools.gnu-tools-for-stm32.9-2020-q2-update.win32_2.0.0.202105311346/tools/bin/../lib/gcc/arm-none-eabi/9.3.1/thumb/v6-m/nofp/crtend.o
LOAD d:/st/stm32cubeide_1.7.0/stm32cubeide/plugins/com.st.stm32cube.ide.mcu.externaltools.gnu-tools-for-stm32.9-2020-q2-update.win32_2.0.0.202105311346/tools/bin/../lib/gcc/arm-none-eabi/9.3.1/thumb/v6-m/nofp/crtn.o
                0x0000000020002000                _estack = (ORIGIN (RAM) + LENGTH (RAM))
                0x0000000000000200                _Min_Heap_Size = 0x200
                0x0000000000000400                _Min_Stack_Size = 0x400

.isr_vector     0x0000000008000000       0xc0
                0x0000000008000000                . = ALIGN (0x4)
 *(.isr_vector)
 .isr_vector    0x0000000008000000       0xc0 ./Core/Startup/startup_stm32l031g6ux.o
                0x0000000008000000                g_pfnVectors
                0x00000000080000c0                . = ALIGN (0x4)

.text           0x00000000080000c0     0x32c4
                0x00000000080000c0                . = ALIGN (0x4)
 *(.text)
 .text          0x00000000080000c0       0x48 d:/st/stm32cubeide_1.7.0/stm32cubeide/plugins/com.st.stm32cube.ide.mcu.externaltools.gnu-tools-for-stm32.9-2020-q2-update.win32_2.0.0.202105311346/tools/bin/../lib/gcc/arm-none-eabi/9.3.1/thumb/v6-m/nofp/crtbegin.o
 .text          0x0000000008000108        0xe d:/st/stm32cubeide_1.7.0/stm32cubeide/plugins/com.st.stm32cube.ide.mcu.externaltools.gnu-tools-for-stm32.9-2020-q2-update.win32_2.0.0.202105311346/tools/bin/../lib/gcc/arm-none-eabi/9.3.1/../../../../arm-none-eabi/lib/thumb/v6-m/nofp\libc_nano.a(lib_a-strlen.o)
                0x0000000008000108                strlen
 *fill*         0x0000000008000116        0x2 
 .text          0x0000000008000118       0x14 d:/st/stm32cubeide_1.7.0/stm32cubeide/plugins/com.st.stm32cube.ide.mcu.externaltools.gnu-tools-for-stm32.9-2020-q2-update.win32_2.0.0.202105311346/tools/bin/../lib/gcc/arm-none-eabi/9.3.1/thumb/v6-m/nofp\libgcc.a(_thumb1_case_shi.o)
                0x0000000008000118                __gnu_thumb1_case_shi
 .text          0x000000000800012c      0x114 d:/st/stm32cubeide_1.7.0/stm32cubeide/plugins/com.st.stm32cube.ide.mcu.externaltools.gnu-tools-for-stm32.9-2020-q2-update.win32_2.0.0.202105311346/tools/bin/../lib/gcc/arm-none-eabi/9.3.1/thumb/v6-m/nofp\libgcc.a(_udivsi3.o)
                0x000000000800012c                __aeabi_uidiv
                0x000000000800012c                __udivsi3
                0x0000000008000238                __aeabi_uidivmod
 .text          0x0000000008000240      0x1d4 d:/st/stm32cubeide_1.7.0/stm32cubeide/plugins/com.st.stm32cube.ide.mcu.externaltools.gnu-tools-for-stm32.9-2020-q2-update.win32_2.0.0.202105311346/tools/bin/../lib/gcc/arm-none-eabi/9.3.1/thumb/v6-m/nofp\libgcc.a(_divsi3.o)
                0x0000000008000240                __divsi3
                0x0000000008000240                __aeabi_idiv
                0x000000000800040c                __aeabi_idivmod
 .text          0x0000000008000414        0x4 d:/st/stm32cubeide_1.7.0/stm32cubeide/plugins/com.st.stm32cube.ide.mcu.externaltools.gnu-tools-for-stm32.9-2020-q2-update.win32_2.0.0.202105311346/tools/bin/../lib/gcc/arm-none-eabi/9.3.1/thumb/v6-m/nofp\libgcc.a(_dvmd_tls.o)
                0x0000000008000414                __aeabi_idiv0
                0x0000000008000414                __aeabi_ldiv0
 .text          0x0000000008000418       0x40 d:/st/stm32cubeide_1.7.0/stm32cubeide/plugins/com.st.stm32cube.ide.mcu.externaltools.gnu-tools-for-stm32.9-2020-q2-update.win32_2.0.0.202105311346/tools/bin/../lib/gcc/arm-none-eabi/9.3.1/thumb/v6-m/nofp\libgcc.a(_aeabi_uldivmod.o)
                0x0000000008000418                __aeabi_uldivmod
 .text          0x0000000008000458      0x198 d:/st/stm32cubeide_1.7.0/stm32cubeide/plugins/com.st.stm32cube.ide.mcu.externaltools.gnu-tools-for-stm32.9-2020-q2-update.win32_2.0.0.202105311346/tools/bin/../lib/gcc/arm-none-eabi/9.3.1/thumb/v6-m/nofp\libgcc.a(_udivmoddi4.o)
                0x0000000008000458                __udivmoddi4
 .text          0x00000000080005f0       0x18 d:/st/stm32cubeide_1.7.0/stm32cubeide/plugins/com.st.stm32cube.ide.mcu.externaltools.gnu-tools-for-stm32.9-2020-q2-update.win32_2.0.0.202105311346/tools/bin/../lib/gcc/arm-none-eabi/9.3.1/thumb/v6-m/nofp\libgcc.a(_clzdi2.o)
                0x00000000080005f0                __clzdi2
 .text          0x0000000008000608       0x3c d:/st/stm32cubeide_1.7.0/stm32cubeide/plugins/com.st.stm32cube.ide.mcu.externaltools.gnu-tools-for-stm32.9-2020-q2-update.win32_2.0.0.202105311346/tools/bin/../lib/gcc/arm-none-eabi/9.3.1/thumb/v6-m/nofp\libgcc.a(_clzsi2.o)
                0x0000000008000608                __clzsi2
 *(.text*)
 .text.MX_ADC_Init
                0x0000000008000644      0x180 ./Core/Src/adc.o
                0x0000000008000644                MX_ADC_Init
 .text.MX_CRC_Init
                0x00000000080007c4       0x4c ./Core/Src/crc.o
                0x00000000080007c4                MX_CRC_Init
 .text.CalcCRC  0x0000000008000810       0x2c ./Core/Src/crc.o
                0x0000000008000810                CalcCRC
 .text.MX_GPIO_Init
                0x000000000800083c       0x5c ./Core/Src/gpio.o
                0x000000000800083c                MX_GPIO_Init
 .text.MX_I2C1_Init
                0x0000000008000898       0xd8 ./Core/Src/i2c.o
                0x0000000008000898                MX_I2C1_Init
 .text.printUID
                0x0000000008000970       0x6c ./Core/Src/main.o
                0x0000000008000970                printUID
 .text.SystemClock_Config
                0x00000000080009dc      0x11c ./Core/Src/main.o
                0x00000000080009dc                SystemClock_Config
 .text.main     0x0000000008000af8      0x190 ./Core/Src/main.o
                0x0000000008000af8                main
 .text.NMI_Handler
                0x0000000008000c88        0x2 ./Core/Src/stm32l0xx_it.o
                0x0000000008000c88                NMI_Handler
 .text.HardFault_Handler
                0x0000000008000c8a        0x2 ./Core/Src/stm32l0xx_it.o
                0x0000000008000c8a                HardFault_Handler
 .text.SVC_Handler
                0x0000000008000c8c        0x2 ./Core/Src/stm32l0xx_it.o
                0x0000000008000c8c                SVC_Handler
 .text.PendSV_Handler
                0x0000000008000c8e        0x2 ./Core/Src/stm32l0xx_it.o
                0x0000000008000c8e                PendSV_Handler
 .text.SysTick_Handler
                0x0000000008000c90        0x2 ./Core/Src/stm32l0xx_it.o
                0x0000000008000c90                SysTick_Handler
 *fill*         0x0000000008000c92        0x2 
 .text.ADC1_COMP_IRQHandler
                0x0000000008000c94       0x4c ./Core/Src/stm32l0xx_it.o
                0x0000000008000c94                ADC1_COMP_IRQHandler
 .text.TIM2_IRQHandler
                0x0000000008000ce0       0x1c ./Core/Src/stm32l0xx_it.o
                0x0000000008000ce0                TIM2_IRQHandler
 .text.TIM22_IRQHandler
                0x0000000008000cfc       0x28 ./Core/Src/stm32l0xx_it.o
                0x0000000008000cfc                TIM22_IRQHandler
 .text.USART2_IRQHandler
                0x0000000008000d24        0x8 ./Core/Src/stm32l0xx_it.o
                0x0000000008000d24                USART2_IRQHandler
 .text.LPUART1_IRQHandler
                0x0000000008000d2c        0x8 ./Core/Src/stm32l0xx_it.o
                0x0000000008000d2c                LPUART1_IRQHandler
 .text._sbrk    0x0000000008000d34       0x48 ./Core/Src/sysmem.o
                0x0000000008000d34                _sbrk
 .text.SystemInit
                0x0000000008000d7c        0x2 ./Core/Src/system_stm32l0xx.o
                0x0000000008000d7c                SystemInit
 *fill*         0x0000000008000d7e        0x2 
 .text.MX_TIM2_Init
                0x0000000008000d80       0x80 ./Core/Src/tim.o
                0x0000000008000d80                MX_TIM2_Init
 .text.MX_TIM22_Init
                0x0000000008000e00       0xb0 ./Core/Src/tim.o
                0x0000000008000e00                MX_TIM22_Init
 .text.MX_LPUART1_UART_Init
                0x0000000008000eb0       0xd4 ./Core/Src/usart.o
                0x0000000008000eb0                MX_LPUART1_UART_Init
 .text.MX_USART2_UART_Init
                0x0000000008000f84       0xe4 ./Core/Src/usart.o
                0x0000000008000f84                MX_USART2_UART_Init
 .text.CalibGasZero
                0x0000000008001068       0x18 ./Core/Src1/calculations.o
                0x0000000008001068                CalibGasZero
 .text.CalibGasConc
                0x0000000008001080       0x18 ./Core/Src1/calculations.o
                0x0000000008001080                CalibGasConc
 .text.get_koef_temper_conc
                0x0000000008001098       0xc0 ./Core/Src1/calculations.o
                0x0000000008001098                get_koef_temper_conc
 .text.SetGasValue
                0x0000000008001158       0x7c ./Core/Src1/calculations.o
                0x0000000008001158                SetGasValue
 .text.debug_init
                0x00000000080011d4       0x5c ./Core/Src1/debug.o
                0x00000000080011d4                debug_init
 .text.d_printf
                0x0000000008001230       0x6c ./Core/Src1/debug.o
                0x0000000008001230                d_printf
 .text.Debug_TXEmpty_Callback
                0x000000000800129c       0x48 ./Core/Src1/debug.o
                0x000000000800129c                Debug_TXEmpty_Callback
 .text.Debug_RXNEmpty_Callback
                0x00000000080012e4       0x14 ./Core/Src1/debug.o
                0x00000000080012e4                Debug_RXNEmpty_Callback
 .text.Debug_UART_IRQHandler
                0x00000000080012f8       0x40 ./Core/Src1/debug.o
                0x00000000080012f8                Debug_UART_IRQHandler
 .text.timer_1_128
                0x0000000008001338       0x70 ./Core/Src1/device.o
                0x0000000008001338                timer_1_128
 .text.serviceTimerStart
                0x00000000080013a8        0xc ./Core/Src1/device.o
                0x00000000080013a8                serviceTimerStart
 .text.serviceTimerStop
                0x00000000080013b4       0x40 ./Core/Src1/device.o
                0x00000000080013b4                serviceTimerStop
 .text.serviceTimerProc
                0x00000000080013f4       0x20 ./Core/Src1/device.o
                0x00000000080013f4                serviceTimerProc
 .text.dev_set_config_default
                0x0000000008001414       0x38 ./Core/Src1/device.o
                0x0000000008001414                dev_set_config_default
 .text.dev_init
                0x000000000800144c       0x24 ./Core/Src1/device.o
                0x000000000800144c                dev_init
 .text.dev_proc
                0x0000000008001470       0x1c ./Core/Src1/device.o
                0x0000000008001470                dev_proc
 .text.Adc_Eoc_Callback
                0x000000000800148c       0x38 ./Core/Src1/device.o
                0x000000000800148c                Adc_Eoc_Callback
 .text.Adc_read_data
                0x00000000080014c4      0x13c ./Core/Src1/device.o
                0x00000000080014c4                Adc_read_data
 .text.EEPROM_WaitEOP
                0x0000000008001600       0x2c ./Core/Src1/eeprom.o
                0x0000000008001600                EEPROM_WaitEOP
 .text.writeWordToEEPROM
                0x000000000800162c       0x1c ./Core/Src1/eeprom.o
                0x000000000800162c                writeWordToEEPROM
 .text.write_mem_to_eeprom
                0x0000000008001648       0x20 ./Core/Src1/eeprom.o
                0x0000000008001648                write_mem_to_eeprom
 .text.eeprom_config_write_bank
                0x0000000008001668       0x50 ./Core/Src1/eeprom.o
                0x0000000008001668                eeprom_config_write_bank
 .text.eeprom_config_write
                0x00000000080016b8       0x30 ./Core/Src1/eeprom.o
                0x00000000080016b8                eeprom_config_write
 .text.factory_config_write
                0x00000000080016e8       0x14 ./Core/Src1/eeprom.o
                0x00000000080016e8                factory_config_write
 .text.factory_config_read
                0x00000000080016fc       0x7c ./Core/Src1/eeprom.o
                0x00000000080016fc                factory_config_read
 .text.read_config_from_eeprom
                0x0000000008001778      0x128 ./Core/Src1/eeprom.o
                0x0000000008001778                read_config_from_eeprom
 .text.LMP_MemSet
                0x00000000080018a0       0x78 ./Core/Src1/lmp91000.o
                0x00000000080018a0                LMP_MemSet
 .text.lmp_proc
                0x0000000008001918        0x8 ./Core/Src1/lmp91000.o
                0x0000000008001918                lmp_proc
 .text.TimeOut_Set
                0x0000000008001920       0x1c ./Core/Src1/lmp91000.o
                0x0000000008001920                TimeOut_Set
 .text.TimeOutRead
                0x000000000800193c       0x40 ./Core/Src1/lmp91000.o
                0x000000000800193c                TimeOutRead
 .text.I2C_ByteSend
                0x000000000800197c       0x24 ./Core/Src1/lmp91000.o
                0x000000000800197c                I2C_ByteSend
 .text.LMP_WRITE_REG
                0x00000000080019a0       0x4c ./Core/Src1/lmp91000.o
                0x00000000080019a0                LMP_WRITE_REG
 .text.LMP_write_reg
                0x00000000080019ec       0x40 ./Core/Src1/lmp91000.o
                0x00000000080019ec                LMP_write_reg
 .text.LMP_Set_Mode
                0x0000000008001a2c       0x24 ./Core/Src1/lmp91000.o
                0x0000000008001a2c                LMP_Set_Mode
 .text.LMP_READ_REG
                0x0000000008001a50       0x78 ./Core/Src1/lmp91000.o
                0x0000000008001a50                LMP_READ_REG
 .text.LMP_Init
                0x0000000008001ac8       0x54 ./Core/Src1/lmp91000.o
                0x0000000008001ac8                LMP_Init
 .text.mb_crc   0x0000000008001b1c       0x38 ./Core/Src1/modbus.o
                0x0000000008001b1c                mb_crc
 .text.modbusSet
                0x0000000008001b54       0x60 ./Core/Src1/modbus.o
                0x0000000008001b54                modbusSet
 .text.__CMD_PUT_WORD
                0x0000000008001bb4       0x48 ./Core/Src1/modbus.o
                0x0000000008001bb4                __CMD_PUT_WORD
 .text.CmdFunc3
                0x0000000008001bfc       0xd8 ./Core/Src1/modbus.o
                0x0000000008001bfc                CmdFunc3
 .text.CmdFunc4
                0x0000000008001cd4       0xb8 ./Core/Src1/modbus.o
                0x0000000008001cd4                CmdFunc4
 .text.__CMD_SAVE_WORD
                0x0000000008001d8c       0x44 ./Core/Src1/modbus.o
                0x0000000008001d8c                __CMD_SAVE_WORD
 .text.check_block
                0x0000000008001dd0       0xc8 ./Core/Src1/modbus.o
                0x0000000008001dd0                check_block
 .text.modbusCMD
                0x0000000008001e98       0x8c ./Core/Src1/modbus.o
                0x0000000008001e98                modbusCMD
 .text.CmdFunc6
                0x0000000008001f24       0xf8 ./Core/Src1/modbus.o
                0x0000000008001f24                CmdFunc6
 .text.CmdFunc8
                0x000000000800201c       0x10 ./Core/Src1/modbus.o
                0x000000000800201c                CmdFunc8
 .text.CmdFunc16
                0x000000000800202c      0x130 ./Core/Src1/modbus.o
                0x000000000800202c                CmdFunc16
 .text.cmdModbusRTU
                0x000000000800215c       0x88 ./Core/Src1/modbus.o
                0x000000000800215c                cmdModbusRTU
 .text.mb_proc  0x00000000080021e4       0x80 ./Core/Src1/modbus.o
                0x00000000080021e4                mb_proc
 .text.modbus_init
                0x0000000008002264       0x2c ./Core/Src1/modbus_lpuart.o
                0x0000000008002264                modbus_init
 .text.Modbus_TO_timer
                0x0000000008002290       0x20 ./Core/Src1/modbus_lpuart.o
                0x0000000008002290                Modbus_TO_timer
 .text.Modbus_RXNEmpty_Callback
                0x00000000080022b0       0x44 ./Core/Src1/modbus_lpuart.o
                0x00000000080022b0                Modbus_RXNEmpty_Callback
 .text.Modbus_TXEmpty_Callback
                0x00000000080022f4       0x48 ./Core/Src1/modbus_lpuart.o
                0x00000000080022f4                Modbus_TXEmpty_Callback
 .text.Modbus_LPUART_IRQHandler
                0x000000000800233c       0x64 ./Core/Src1/modbus_lpuart.o
                0x000000000800233c                Modbus_LPUART_IRQHandler
 .text.Reset_Handler
                0x00000000080023a0       0x50 ./Core/Startup/startup_stm32l031g6ux.o
                0x00000000080023a0                Reset_Handler
 .text.Default_Handler
                0x00000000080023f0        0x2 ./Core/Startup/startup_stm32l031g6ux.o
                0x00000000080023f0                PVD_IRQHandler
                0x00000000080023f0                I2C1_IRQHandler
                0x00000000080023f0                SPI1_IRQHandler
                0x00000000080023f0                EXTI2_3_IRQHandler
                0x00000000080023f0                RTC_IRQHandler
                0x00000000080023f0                DMA1_Channel4_5_6_7_IRQHandler
                0x00000000080023f0                EXTI4_15_IRQHandler
                0x00000000080023f0                RCC_IRQHandler
                0x00000000080023f0                DMA1_Channel1_IRQHandler
                0x00000000080023f0                Default_Handler
                0x00000000080023f0                EXTI0_1_IRQHandler
                0x00000000080023f0                TIM21_IRQHandler
                0x00000000080023f0                WWDG_IRQHandler
                0x00000000080023f0                DMA1_Channel2_3_IRQHandler
                0x00000000080023f0                FLASH_IRQHandler
                0x00000000080023f0                LPTIM1_IRQHandler
 *fill*         0x00000000080023f2        0x2 
 .text.LL_ADC_Init
                0x00000000080023f4       0x34 ./Drivers/STM32L0xx_HAL_Driver/Src/stm32l0xx_ll_adc.o
                0x00000000080023f4                LL_ADC_Init
 .text.LL_ADC_REG_Init
                0x0000000008002428       0x30 ./Drivers/STM32L0xx_HAL_Driver/Src/stm32l0xx_ll_adc.o
                0x0000000008002428                LL_ADC_REG_Init
 .text.LL_GPIO_Init
                0x0000000008002458       0xb0 ./Drivers/STM32L0xx_HAL_Driver/Src/stm32l0xx_ll_gpio.o
                0x0000000008002458                LL_GPIO_Init
 .text.LL_I2C_Init
                0x0000000008002508       0x78 ./Drivers/STM32L0xx_HAL_Driver/Src/stm32l0xx_ll_i2c.o
                0x0000000008002508                LL_I2C_Init
 .text.LL_LPUART_Init
                0x0000000008002580       0x80 ./Drivers/STM32L0xx_HAL_Driver/Src/stm32l0xx_ll_lpuart.o
                0x0000000008002580                LL_LPUART_Init
 .text.RCC_GetHCLKClockFreq
                0x0000000008002600       0x1c ./Drivers/STM32L0xx_HAL_Driver/Src/stm32l0xx_ll_rcc.o
                0x0000000008002600                RCC_GetHCLKClockFreq
 .text.RCC_GetPCLK1ClockFreq
                0x000000000800261c       0x1c ./Drivers/STM32L0xx_HAL_Driver/Src/stm32l0xx_ll_rcc.o
                0x000000000800261c                RCC_GetPCLK1ClockFreq
 .text.RCC_PLL_GetFreqDomain_SYS
                0x0000000008002638       0x50 ./Drivers/STM32L0xx_HAL_Driver/Src/stm32l0xx_ll_rcc.o
                0x0000000008002638                RCC_PLL_GetFreqDomain_SYS
 .text.RCC_GetSystemClockFreq
                0x0000000008002688       0x70 ./Drivers/STM32L0xx_HAL_Driver/Src/stm32l0xx_ll_rcc.o
                0x0000000008002688                RCC_GetSystemClockFreq
 .text.LL_RCC_GetUSARTClockFreq
                0x00000000080026f8       0x88 ./Drivers/STM32L0xx_HAL_Driver/Src/stm32l0xx_ll_rcc.o
                0x00000000080026f8                LL_RCC_GetUSARTClockFreq
 .text.LL_RCC_GetLPUARTClockFreq
                0x0000000008002780       0x74 ./Drivers/STM32L0xx_HAL_Driver/Src/stm32l0xx_ll_rcc.o
                0x0000000008002780                LL_RCC_GetLPUARTClockFreq
 .text.OC1Config
                0x00000000080027f4       0x34 ./Drivers/STM32L0xx_HAL_Driver/Src/stm32l0xx_ll_tim.o
 .text.OC2Config
                0x0000000008002828       0x40 ./Drivers/STM32L0xx_HAL_Driver/Src/stm32l0xx_ll_tim.o
 .text.OC3Config
                0x0000000008002868       0x40 ./Drivers/STM32L0xx_HAL_Driver/Src/stm32l0xx_ll_tim.o
 .text.OC4Config
                0x00000000080028a8       0x48 ./Drivers/STM32L0xx_HAL_Driver/Src/stm32l0xx_ll_tim.o
 .text.LL_TIM_Init
                0x00000000080028f0       0x5c ./Drivers/STM32L0xx_HAL_Driver/Src/stm32l0xx_ll_tim.o
                0x00000000080028f0                LL_TIM_Init
 .text.LL_TIM_OC_Init
                0x000000000800294c       0x40 ./Drivers/STM32L0xx_HAL_Driver/Src/stm32l0xx_ll_tim.o
                0x000000000800294c                LL_TIM_OC_Init
 .text.LL_USART_Init
                0x000000000800298c       0xb0 ./Drivers/STM32L0xx_HAL_Driver/Src/stm32l0xx_ll_usart.o
                0x000000000800298c                LL_USART_Init
 .text.LL_Init1msTick
                0x0000000008002a3c       0x20 ./Drivers/STM32L0xx_HAL_Driver/Src/stm32l0xx_ll_utils.o
                0x0000000008002a3c                LL_Init1msTick
 .text.LL_mDelay
                0x0000000008002a5c       0x28 ./Drivers/STM32L0xx_HAL_Driver/Src/stm32l0xx_ll_utils.o
                0x0000000008002a5c                LL_mDelay
 .text.LL_SetSystemCoreClock
                0x0000000008002a84        0xc ./Drivers/STM32L0xx_HAL_Driver/Src/stm32l0xx_ll_utils.o
                0x0000000008002a84                LL_SetSystemCoreClock
 .text.__errno  0x0000000008002a90        0xc d:/st/stm32cubeide_1.7.0/stm32cubeide/plugins/com.st.stm32cube.ide.mcu.externaltools.gnu-tools-for-stm32.9-2020-q2-update.win32_2.0.0.202105311346/tools/bin/../lib/gcc/arm-none-eabi/9.3.1/../../../../arm-none-eabi/lib/thumb/v6-m/nofp\libc_nano.a(lib_a-errno.o)
                0x0000000008002a90                __errno
 .text.__libc_init_array
                0x0000000008002a9c       0x48 d:/st/stm32cubeide_1.7.0/stm32cubeide/plugins/com.st.stm32cube.ide.mcu.externaltools.gnu-tools-for-stm32.9-2020-q2-update.win32_2.0.0.202105311346/tools/bin/../lib/gcc/arm-none-eabi/9.3.1/../../../../arm-none-eabi/lib/thumb/v6-m/nofp\libc_nano.a(lib_a-init.o)
                0x0000000008002a9c                __libc_init_array
 .text.memcpy   0x0000000008002ae4       0x12 d:/st/stm32cubeide_1.7.0/stm32cubeide/plugins/com.st.stm32cube.ide.mcu.externaltools.gnu-tools-for-stm32.9-2020-q2-update.win32_2.0.0.202105311346/tools/bin/../lib/gcc/arm-none-eabi/9.3.1/../../../../arm-none-eabi/lib/thumb/v6-m/nofp\libc_nano.a(lib_a-memcpy-stub.o)
                0x0000000008002ae4                memcpy
 .text.memset   0x0000000008002af6       0x10 d:/st/stm32cubeide_1.7.0/stm32cubeide/plugins/com.st.stm32cube.ide.mcu.externaltools.gnu-tools-for-stm32.9-2020-q2-update.win32_2.0.0.202105311346/tools/bin/../lib/gcc/arm-none-eabi/9.3.1/../../../../arm-none-eabi/lib/thumb/v6-m/nofp\libc_nano.a(lib_a-memset.o)
                0x0000000008002af6                memset
 .text._vsnprintf_r
                0x0000000008002b06       0x56 d:/st/stm32cubeide_1.7.0/stm32cubeide/plugins/com.st.stm32cube.ide.mcu.externaltools.gnu-tools-for-stm32.9-2020-q2-update.win32_2.0.0.202105311346/tools/bin/../lib/gcc/arm-none-eabi/9.3.1/../../../../arm-none-eabi/lib/thumb/v6-m/nofp\libc_nano.a(lib_a-vsnprintf.o)
                0x0000000008002b06                _vsniprintf_r
                0x0000000008002b06                _vsnprintf_r
 .text.vsnprintf
                0x0000000008002b5c       0x18 d:/st/stm32cubeide_1.7.0/stm32cubeide/plugins/com.st.stm32cube.ide.mcu.externaltools.gnu-tools-for-stm32.9-2020-q2-update.win32_2.0.0.202105311346/tools/bin/../lib/gcc/arm-none-eabi/9.3.1/../../../../arm-none-eabi/lib/thumb/v6-m/nofp\libc_nano.a(lib_a-vsnprintf.o)
                0x0000000008002b5c                vsniprintf
                0x0000000008002b5c                vsnprintf
 .text.__ssputs_r
                0x0000000008002b74       0xc4 d:/st/stm32cubeide_1.7.0/stm32cubeide/plugins/com.st.stm32cube.ide.mcu.externaltools.gnu-tools-for-stm32.9-2020-q2-update.win32_2.0.0.202105311346/tools/bin/../lib/gcc/arm-none-eabi/9.3.1/../../../../arm-none-eabi/lib/thumb/v6-m/nofp\libc_nano.a(lib_a-nano-svfprintf.o)
                0x0000000008002b74                __ssputs_r
 .text._svfprintf_r
                0x0000000008002c38      0x200 d:/st/stm32cubeide_1.7.0/stm32cubeide/plugins/com.st.stm32cube.ide.mcu.externaltools.gnu-tools-for-stm32.9-2020-q2-update.win32_2.0.0.202105311346/tools/bin/../lib/gcc/arm-none-eabi/9.3.1/../../../../arm-none-eabi/lib/thumb/v6-m/nofp\libc_nano.a(lib_a-nano-svfprintf.o)
                0x0000000008002c38                _svfiprintf_r
                0x0000000008002c38                _svfprintf_r
 .text._printf_common
                0x0000000008002e38       0xde d:/st/stm32cubeide_1.7.0/stm32cubeide/plugins/com.st.stm32cube.ide.mcu.externaltools.gnu-tools-for-stm32.9-2020-q2-update.win32_2.0.0.202105311346/tools/bin/../lib/gcc/arm-none-eabi/9.3.1/../../../../arm-none-eabi/lib/thumb/v6-m/nofp\libc_nano.a(lib_a-nano-vfprintf_i.o)
                0x0000000008002e38                _printf_common
 *fill*         0x0000000008002f16        0x2 
 .text._printf_i
                0x0000000008002f18      0x224 d:/st/stm32cubeide_1.7.0/stm32cubeide/plugins/com.st.stm32cube.ide.mcu.externaltools.gnu-tools-for-stm32.9-2020-q2-update.win32_2.0.0.202105311346/tools/bin/../lib/gcc/arm-none-eabi/9.3.1/../../../../arm-none-eabi/lib/thumb/v6-m/nofp\libc_nano.a(lib_a-nano-vfprintf_i.o)
                0x0000000008002f18                _printf_i
 .text.memchr   0x000000000800313c       0x16 d:/st/stm32cubeide_1.7.0/stm32cubeide/plugins/com.st.stm32cube.ide.mcu.externaltools.gnu-tools-for-stm32.9-2020-q2-update.win32_2.0.0.202105311346/tools/bin/../lib/gcc/arm-none-eabi/9.3.1/../../../../arm-none-eabi/lib/thumb/v6-m/nofp\libc_nano.a(lib_a-memchr-stub.o)
                0x000000000800313c                memchr
 .text.memmove  0x0000000008003152       0x26 d:/st/stm32cubeide_1.7.0/stm32cubeide/plugins/com.st.stm32cube.ide.mcu.externaltools.gnu-tools-for-stm32.9-2020-q2-update.win32_2.0.0.202105311346/tools/bin/../lib/gcc/arm-none-eabi/9.3.1/../../../../arm-none-eabi/lib/thumb/v6-m/nofp\libc_nano.a(lib_a-memmove.o)
                0x0000000008003152                memmove
 .text._free_r  0x0000000008003178       0x94 d:/st/stm32cubeide_1.7.0/stm32cubeide/plugins/com.st.stm32cube.ide.mcu.externaltools.gnu-tools-for-stm32.9-2020-q2-update.win32_2.0.0.202105311346/tools/bin/../lib/gcc/arm-none-eabi/9.3.1/../../../../arm-none-eabi/lib/thumb/v6-m/nofp\libc_nano.a(lib_a-nano-freer.o)
                0x0000000008003178                _free_r
 .text._malloc_r
                0x000000000800320c       0xbc d:/st/stm32cubeide_1.7.0/stm32cubeide/plugins/com.st.stm32cube.ide.mcu.externaltools.gnu-tools-for-stm32.9-2020-q2-update.win32_2.0.0.202105311346/tools/bin/../lib/gcc/arm-none-eabi/9.3.1/../../../../arm-none-eabi/lib/thumb/v6-m/nofp\libc_nano.a(lib_a-nano-mallocr.o)
                0x000000000800320c                _malloc_r
 .text._realloc_r
                0x00000000080032c8       0x4c d:/st/stm32cubeide_1.7.0/stm32cubeide/plugins/com.st.stm32cube.ide.mcu.externaltools.gnu-tools-for-stm32.9-2020-q2-update.win32_2.0.0.202105311346/tools/bin/../lib/gcc/arm-none-eabi/9.3.1/../../../../arm-none-eabi/lib/thumb/v6-m/nofp\libc_nano.a(lib_a-nano-reallocr.o)
                0x00000000080032c8                _realloc_r
 .text._sbrk_r  0x0000000008003314       0x24 d:/st/stm32cubeide_1.7.0/stm32cubeide/plugins/com.st.stm32cube.ide.mcu.externaltools.gnu-tools-for-stm32.9-2020-q2-update.win32_2.0.0.202105311346/tools/bin/../lib/gcc/arm-none-eabi/9.3.1/../../../../arm-none-eabi/lib/thumb/v6-m/nofp\libc_nano.a(lib_a-sbrkr.o)
                0x0000000008003314                _sbrk_r
 .text.__malloc_lock
                0x0000000008003338       0x10 d:/st/stm32cubeide_1.7.0/stm32cubeide/plugins/com.st.stm32cube.ide.mcu.externaltools.gnu-tools-for-stm32.9-2020-q2-update.win32_2.0.0.202105311346/tools/bin/../lib/gcc/arm-none-eabi/9.3.1/../../../../arm-none-eabi/lib/thumb/v6-m/nofp\libc_nano.a(lib_a-mlock.o)
                0x0000000008003338                __malloc_lock
 .text.__malloc_unlock
                0x0000000008003348       0x10 d:/st/stm32cubeide_1.7.0/stm32cubeide/plugins/com.st.stm32cube.ide.mcu.externaltools.gnu-tools-for-stm32.9-2020-q2-update.win32_2.0.0.202105311346/tools/bin/../lib/gcc/arm-none-eabi/9.3.1/../../../../arm-none-eabi/lib/thumb/v6-m/nofp\libc_nano.a(lib_a-mlock.o)
                0x0000000008003348                __malloc_unlock
 .text._malloc_usable_size_r
                0x0000000008003358       0x10 d:/st/stm32cubeide_1.7.0/stm32cubeide/plugins/com.st.stm32cube.ide.mcu.externaltools.gnu-tools-for-stm32.9-2020-q2-update.win32_2.0.0.202105311346/tools/bin/../lib/gcc/arm-none-eabi/9.3.1/../../../../arm-none-eabi/lib/thumb/v6-m/nofp\libc_nano.a(lib_a-nano-msizer.o)
                0x0000000008003358                _malloc_usable_size_r
 .text.__retarget_lock_acquire_recursive
                0x0000000008003368        0x2 d:/st/stm32cubeide_1.7.0/stm32cubeide/plugins/com.st.stm32cube.ide.mcu.externaltools.gnu-tools-for-stm32.9-2020-q2-update.win32_2.0.0.202105311346/tools/bin/../lib/gcc/arm-none-eabi/9.3.1/../../../../arm-none-eabi/lib/thumb/v6-m/nofp\libc_nano.a(lib_a-lock.o)
                0x0000000008003368                __retarget_lock_acquire_recursive
 .text.__retarget_lock_release_recursive
                0x000000000800336a        0x2 d:/st/stm32cubeide_1.7.0/stm32cubeide/plugins/com.st.stm32cube.ide.mcu.externaltools.gnu-tools-for-stm32.9-2020-q2-update.win32_2.0.0.202105311346/tools/bin/../lib/gcc/arm-none-eabi/9.3.1/../../../../arm-none-eabi/lib/thumb/v6-m/nofp\libc_nano.a(lib_a-lock.o)
                0x000000000800336a                __retarget_lock_release_recursive
 *(.glue_7)
 .glue_7        0x000000000800336c        0x0 linker stubs
 *(.glue_7t)
 .glue_7t       0x000000000800336c        0x0 linker stubs
 *(.eh_frame)
 .eh_frame      0x000000000800336c        0x0 d:/st/stm32cubeide_1.7.0/stm32cubeide/plugins/com.st.stm32cube.ide.mcu.externaltools.gnu-tools-for-stm32.9-2020-q2-update.win32_2.0.0.202105311346/tools/bin/../lib/gcc/arm-none-eabi/9.3.1/thumb/v6-m/nofp/crtbegin.o
 *(.init)
 .init          0x000000000800336c        0x4 d:/st/stm32cubeide_1.7.0/stm32cubeide/plugins/com.st.stm32cube.ide.mcu.externaltools.gnu-tools-for-stm32.9-2020-q2-update.win32_2.0.0.202105311346/tools/bin/../lib/gcc/arm-none-eabi/9.3.1/thumb/v6-m/nofp/crti.o
                0x000000000800336c                _init
 .init          0x0000000008003370        0x8 d:/st/stm32cubeide_1.7.0/stm32cubeide/plugins/com.st.stm32cube.ide.mcu.externaltools.gnu-tools-for-stm32.9-2020-q2-update.win32_2.0.0.202105311346/tools/bin/../lib/gcc/arm-none-eabi/9.3.1/thumb/v6-m/nofp/crtn.o
 *(.fini)
 .fini          0x0000000008003378        0x4 d:/st/stm32cubeide_1.7.0/stm32cubeide/plugins/com.st.stm32cube.ide.mcu.externaltools.gnu-tools-for-stm32.9-2020-q2-update.win32_2.0.0.202105311346/tools/bin/../lib/gcc/arm-none-eabi/9.3.1/thumb/v6-m/nofp/crti.o
                0x0000000008003378                _fini
 .fini          0x000000000800337c        0x8 d:/st/stm32cubeide_1.7.0/stm32cubeide/plugins/com.st.stm32cube.ide.mcu.externaltools.gnu-tools-for-stm32.9-2020-q2-update.win32_2.0.0.202105311346/tools/bin/../lib/gcc/arm-none-eabi/9.3.1/thumb/v6-m/nofp/crtn.o
                0x0000000008003384                . = ALIGN (0x4)
                0x0000000008003384                _etext = .

.vfp11_veneer   0x0000000008003384        0x0
 .vfp11_veneer  0x0000000008003384        0x0 linker stubs

.v4_bx          0x0000000008003384        0x0
 .v4_bx         0x0000000008003384        0x0 linker stubs

.iplt           0x0000000008003384        0x0
 .iplt          0x0000000008003384        0x0 d:/st/stm32cubeide_1.7.0/stm32cubeide/plugins/com.st.stm32cube.ide.mcu.externaltools.gnu-tools-for-stm32.9-2020-q2-update.win32_2.0.0.202105311346/tools/bin/../lib/gcc/arm-none-eabi/9.3.1/thumb/v6-m/nofp/crtbegin.o

.rodata         0x0000000008003384      0x684
                0x0000000008003384                . = ALIGN (0x4)
 *(.rodata)
 *(.rodata*)
 .rodata.printUID.str1.4
                0x0000000008003384       0x1b ./Core/Src/main.o
 *fill*         0x000000000800339f        0x1 
 .rodata.main.str1.4
                0x00000000080033a0       0x24 ./Core/Src/main.o
 .rodata.AHBPrescTable
                0x00000000080033c4       0x10 ./Core/Src/system_stm32l0xx.o
                0x00000000080033c4                AHBPrescTable
 .rodata.APBPrescTable
                0x00000000080033d4        0x8 ./Core/Src/system_stm32l0xx.o
                0x00000000080033d4                APBPrescTable
 .rodata.PLLMulTable
                0x00000000080033dc        0x9 ./Core/Src/system_stm32l0xx.o
                0x00000000080033dc                PLLMulTable
 *fill*         0x00000000080033e5        0x3 
 .rodata.eeprom_config_write.str1.4
                0x00000000080033e8        0xf ./Core/Src1/eeprom.o
 *fill*         0x00000000080033f7        0x1 
 .rodata.factory_config_write.str1.4
                0x00000000080033f8       0x17 ./Core/Src1/eeprom.o
 *fill*         0x000000000800340f        0x1 
 .rodata.factory_config_read.str1.4
                0x0000000008003410       0x23 ./Core/Src1/eeprom.o
 *fill*         0x0000000008003433        0x1 
 .rodata.read_config_from_eeprom.str1.4
                0x0000000008003434       0x24 ./Core/Src1/eeprom.o
 .rodata.TimeOutRead.str1.4
                0x0000000008003458       0x10 ./Core/Src1/lmp91000.o
 .rodata.LMP_Init.str1.4
                0x0000000008003468       0x3a ./Core/Src1/lmp91000.o
 *fill*         0x00000000080034a2        0x2 
 .rodata.modbusCMD.str1.4
                0x00000000080034a4       0x1d ./Core/Src1/modbus.o
 *fill*         0x00000000080034c1        0x3 
 .rodata.CmdFunc6.str1.4
                0x00000000080034c4       0x3a ./Core/Src1/modbus.o
 *fill*         0x00000000080034fe        0x2 
 .rodata.CmdFunc16.str1.4
                0x0000000008003500       0x35 ./Core/Src1/modbus.o
 *fill*         0x0000000008003535        0x3 
 .rodata.cmdModbusRTU.str1.4
                0x0000000008003538       0x1c ./Core/Src1/modbus.o
 .rodata.cmdModbusRTU
                0x0000000008003554       0x38 ./Core/Src1/modbus.o
 .rodata.reg_x03
                0x000000000800358c      0x380 ./Core/Src1/modbus.o
                0x000000000800358c                reg_x03
 .rodata.reg_x04
                0x000000000800390c       0xc8 ./Core/Src1/modbus.o
                0x000000000800390c                reg_x04
 .rodata._svfprintf_r.str1.1
                0x00000000080039d4       0x11 d:/st/stm32cubeide_1.7.0/stm32cubeide/plugins/com.st.stm32cube.ide.mcu.externaltools.gnu-tools-for-stm32.9-2020-q2-update.win32_2.0.0.202105311346/tools/bin/../lib/gcc/arm-none-eabi/9.3.1/../../../../arm-none-eabi/lib/thumb/v6-m/nofp\libc_nano.a(lib_a-nano-svfprintf.o)
 .rodata._printf_i.str1.1
                0x00000000080039e5       0x22 d:/st/stm32cubeide_1.7.0/stm32cubeide/plugins/com.st.stm32cube.ide.mcu.externaltools.gnu-tools-for-stm32.9-2020-q2-update.win32_2.0.0.202105311346/tools/bin/../lib/gcc/arm-none-eabi/9.3.1/../../../../arm-none-eabi/lib/thumb/v6-m/nofp\libc_nano.a(lib_a-nano-vfprintf_i.o)
                0x0000000008003a08                . = ALIGN (0x4)
 *fill*         0x0000000008003a07        0x1 

.ARM.extab      0x0000000008003a08        0x0
                0x0000000008003a08                . = ALIGN (0x4)
 *(.ARM.extab* .gnu.linkonce.armextab.*)
                0x0000000008003a08                . = ALIGN (0x4)

.ARM            0x0000000008003a08        0x8
                0x0000000008003a08                . = ALIGN (0x4)
                0x0000000008003a08                __exidx_start = .
 *(.ARM.exidx*)
 .ARM.exidx     0x0000000008003a08        0x8 d:/st/stm32cubeide_1.7.0/stm32cubeide/plugins/com.st.stm32cube.ide.mcu.externaltools.gnu-tools-for-stm32.9-2020-q2-update.win32_2.0.0.202105311346/tools/bin/../lib/gcc/arm-none-eabi/9.3.1/thumb/v6-m/nofp\libgcc.a(_udivmoddi4.o)
                0x0000000008003a10                __exidx_end = .
                0x0000000008003a10                . = ALIGN (0x4)

.rel.dyn        0x0000000008003a10        0x0
 .rel.iplt      0x0000000008003a10        0x0 d:/st/stm32cubeide_1.7.0/stm32cubeide/plugins/com.st.stm32cube.ide.mcu.externaltools.gnu-tools-for-stm32.9-2020-q2-update.win32_2.0.0.202105311346/tools/bin/../lib/gcc/arm-none-eabi/9.3.1/thumb/v6-m/nofp/crtbegin.o

.preinit_array  0x0000000008003a10        0x0
                0x0000000008003a10                . = ALIGN (0x4)
                0x0000000008003a10                PROVIDE (__preinit_array_start = .)
 *(.preinit_array*)
                0x0000000008003a10                PROVIDE (__preinit_array_end = .)
                0x0000000008003a10                . = ALIGN (0x4)

.init_array     0x0000000008003a10        0x4
                0x0000000008003a10                . = ALIGN (0x4)
                0x0000000008003a10                PROVIDE (__init_array_start = .)
 *(SORT_BY_NAME(.init_array.*))
 *(.init_array*)
 .init_array    0x0000000008003a10        0x4 d:/st/stm32cubeide_1.7.0/stm32cubeide/plugins/com.st.stm32cube.ide.mcu.externaltools.gnu-tools-for-stm32.9-2020-q2-update.win32_2.0.0.202105311346/tools/bin/../lib/gcc/arm-none-eabi/9.3.1/thumb/v6-m/nofp/crtbegin.o
                0x0000000008003a14                PROVIDE (__init_array_end = .)
                0x0000000008003a14                . = ALIGN (0x4)

.fini_array     0x0000000008003a14        0x4
                0x0000000008003a14                . = ALIGN (0x4)
                [!provide]                        PROVIDE (__fini_array_start = .)
 *(SORT_BY_NAME(.fini_array.*))
 *(.fini_array*)
 .fini_array    0x0000000008003a14        0x4 d:/st/stm32cubeide_1.7.0/stm32cubeide/plugins/com.st.stm32cube.ide.mcu.externaltools.gnu-tools-for-stm32.9-2020-q2-update.win32_2.0.0.202105311346/tools/bin/../lib/gcc/arm-none-eabi/9.3.1/thumb/v6-m/nofp/crtbegin.o
                [!provide]                        PROVIDE (__fini_array_end = .)
                0x0000000008003a18                . = ALIGN (0x4)
                0x0000000008003a18                _sidata = LOADADDR (.data)

.data           0x0000000020000000       0x88 load address 0x0000000008003a18
                0x0000000020000000                . = ALIGN (0x4)
                0x0000000020000000                _sdata = .
 *(.data)
 *(.data*)
 .data.date     0x0000000020000000        0xd ./Core/Src/main.o
                0x0000000020000000                date
 *fill*         0x000000002000000d        0x3 
 .data.time     0x0000000020000010        0x9 ./Core/Src/main.o
                0x0000000020000010                time
 *fill*         0x0000000020000019        0x3 
 .data.SystemCoreClock
                0x000000002000001c        0x4 ./Core/Src/system_stm32l0xx.o
                0x000000002000001c                SystemCoreClock
 .data.ADC_in_RefVoltage
                0x0000000020000020        0x4 ./Core/Src1/device.o
                0x0000000020000020                ADC_in_RefVoltage
 .data._impure_ptr
                0x0000000020000024        0x4 d:/st/stm32cubeide_1.7.0/stm32cubeide/plugins/com.st.stm32cube.ide.mcu.externaltools.gnu-tools-for-stm32.9-2020-q2-update.win32_2.0.0.202105311346/tools/bin/../lib/gcc/arm-none-eabi/9.3.1/../../../../arm-none-eabi/lib/thumb/v6-m/nofp\libc_nano.a(lib_a-impure.o)
                0x0000000020000024                _impure_ptr
 .data.impure_data
                0x0000000020000028       0x60 d:/st/stm32cubeide_1.7.0/stm32cubeide/plugins/com.st.stm32cube.ide.mcu.externaltools.gnu-tools-for-stm32.9-2020-q2-update.win32_2.0.0.202105311346/tools/bin/../lib/gcc/arm-none-eabi/9.3.1/../../../../arm-none-eabi/lib/thumb/v6-m/nofp\libc_nano.a(lib_a-impure.o)
 *(.RamFunc)
 *(.RamFunc*)
                0x0000000020000088                . = ALIGN (0x4)
                0x0000000020000088                _edata = .

.igot.plt       0x0000000020000088        0x0 load address 0x0000000008003aa0
 .igot.plt      0x0000000020000088        0x0 d:/st/stm32cubeide_1.7.0/stm32cubeide/plugins/com.st.stm32cube.ide.mcu.externaltools.gnu-tools-for-stm32.9-2020-q2-update.win32_2.0.0.202105311346/tools/bin/../lib/gcc/arm-none-eabi/9.3.1/thumb/v6-m/nofp/crtbegin.o
                0x0000000020000088                . = ALIGN (0x4)

.bss            0x0000000020000088      0x4d8 load address 0x0000000008003aa0
                0x0000000020000088                _sbss = .
                0x0000000020000088                __bss_start__ = _sbss
 *(.bss)
 .bss           0x0000000020000088       0x1c d:/st/stm32cubeide_1.7.0/stm32cubeide/plugins/com.st.stm32cube.ide.mcu.externaltools.gnu-tools-for-stm32.9-2020-q2-update.win32_2.0.0.202105311346/tools/bin/../lib/gcc/arm-none-eabi/9.3.1/thumb/v6-m/nofp/crtbegin.o
 *(.bss*)
 .bss.__sbrk_heap_end
                0x00000000200000a4        0x4 ./Core/Src/sysmem.o
 .bss.CntSec    0x00000000200000a8        0x4 ./Core/Src1/device.o
                0x00000000200000a8                CntSec
 .bss.CntToSec  0x00000000200000ac        0x1 ./Core/Src1/device.o
                0x00000000200000ac                CntToSec
 *fill*         0x00000000200000ad        0x3 
 .bss.HourTimer
                0x00000000200000b0        0x4 ./Core/Src1/device.o
                0x00000000200000b0                HourTimer
 .bss.adc_cnt   0x00000000200000b4        0x1 ./Core/Src1/device.o
                0x00000000200000b4                adc_cnt
 .bss.f_Time250ms
                0x00000000200000b5        0x1 ./Core/Src1/device.o
                0x00000000200000b5                f_Time250ms
 .bss.f_Time500ms
                0x00000000200000b6        0x1 ./Core/Src1/device.o
                0x00000000200000b6                f_Time500ms
 .bss.f_readADC
                0x00000000200000b7        0x1 ./Core/Src1/device.o
                0x00000000200000b7                f_readADC
 .bss.nConfigBank
                0x00000000200000b8        0x1 ./Core/Src1/eeprom.o
                0x00000000200000b8                nConfigBank
 *fill*         0x00000000200000b9        0x1 
 .bss.Address   0x00000000200000ba        0x2 ./Core/Src1/modbus.o
 .bss.AnswerLen
                0x00000000200000bc        0x1 ./Core/Src1/modbus.o
 *fill*         0x00000000200000bd        0x1 
 .bss.Count     0x00000000200000be        0x2 ./Core/Src1/modbus.o
 .bss.CountByte
                0x00000000200000c0        0x4 ./Core/Src1/modbus.o
 .bss.Save      0x00000000200000c4        0x1 ./Core/Src1/modbus.o
 *fill*         0x00000000200000c5        0x3 
 .bss.Value     0x00000000200000c8        0x4 ./Core/Src1/modbus.o
 .bss.f_mbs_packet_rcv
                0x00000000200000cc        0x1 ./Core/Src1/modbus_lpuart.o
                0x00000000200000cc                f_mbs_packet_rcv
 *fill*         0x00000000200000cd        0x3 
 .bss.__malloc_free_list
                0x00000000200000d0        0x4 d:/st/stm32cubeide_1.7.0/stm32cubeide/plugins/com.st.stm32cube.ide.mcu.externaltools.gnu-tools-for-stm32.9-2020-q2-update.win32_2.0.0.202105311346/tools/bin/../lib/gcc/arm-none-eabi/9.3.1/../../../../arm-none-eabi/lib/thumb/v6-m/nofp\libc_nano.a(lib_a-nano-mallocr.o)
                0x00000000200000d0                __malloc_free_list
 .bss.__malloc_sbrk_start
                0x00000000200000d4        0x4 d:/st/stm32cubeide_1.7.0/stm32cubeide/plugins/com.st.stm32cube.ide.mcu.externaltools.gnu-tools-for-stm32.9-2020-q2-update.win32_2.0.0.202105311346/tools/bin/../lib/gcc/arm-none-eabi/9.3.1/../../../../arm-none-eabi/lib/thumb/v6-m/nofp\libc_nano.a(lib_a-nano-mallocr.o)
                0x00000000200000d4                __malloc_sbrk_start
 *(COMMON)
 COMMON         0x00000000200000d8      0x110 ./Core/Src1/debug.o
                0x00000000200000d8                tx_buffer
                0x00000000200001d8                dbg_cmd
                0x00000000200001dc                dbg_ring_buff_tx
 COMMON         0x00000000200001e8      0x143 ./Core/Src1/device.o
                0x00000000200001e8                ADC_in
                0x00000000200001f0                dev
                0x0000000020000304                CntTo250ms
                0x0000000020000305                CntTo500ms
                0x0000000020000308                stMain
                0x0000000020000314                f_AdcCycleEnd
                0x0000000020000318                Cnt_1_128
                0x000000002000031c                ADC_in_Celsius
                0x000000002000031e                ADC_in_mVolt_Temper
                0x0000000020000320                ADC_in_Temper
                0x0000000020000322                ADC_in_mVolt
                0x0000000020000324                ADC_in_mVolt_TIA
                0x0000000020000326                LMP_temper
                0x0000000020000328                serviceTimer
                0x000000002000032a                lmp_tia_or_temper
 *fill*         0x000000002000032b        0x1 
 COMMON         0x000000002000032c        0xe ./Core/Src1/lmp91000.o
                0x000000002000032c                TimeOutDelay
                0x0000000020000330                LMP_Tia
                0x0000000020000334                TimeOutCnt
                0x0000000020000338                LMP_Mode
                0x0000000020000339                LMP_Ref
 COMMON         0x000000002000033a        0xb ./Core/Src1/modbus.o
                0x000000002000033a                mbServiceMode
                0x000000002000033c                mbDevStatus
                0x000000002000033e                Reserv
                0x0000000020000340                AccessCode
                0x0000000020000342                AccessData
                0x0000000020000344                mbUnlock
 *fill*         0x0000000020000345        0x3 
 COMMON         0x0000000020000348      0x208 ./Core/Src1/modbus_lpuart.o
                0x0000000020000348                mbs_pkt_rx
                0x0000000020000448                mbs_rx_cnt
                0x000000002000044a                mbs_tx_cnt
                0x000000002000044c                mbs_rx_pkt_len
                0x000000002000044e                mbs_tx_len
                0x0000000020000450                mbs_pkt_tx
 COMMON         0x0000000020000550        0x4 d:/st/stm32cubeide_1.7.0/stm32cubeide/plugins/com.st.stm32cube.ide.mcu.externaltools.gnu-tools-for-stm32.9-2020-q2-update.win32_2.0.0.202105311346/tools/bin/../lib/gcc/arm-none-eabi/9.3.1/../../../../arm-none-eabi/lib/thumb/v6-m/nofp\libc_nano.a(lib_a-reent.o)
                0x0000000020000550                errno
 COMMON         0x0000000020000554        0x9 d:/st/stm32cubeide_1.7.0/stm32cubeide/plugins/com.st.stm32cube.ide.mcu.externaltools.gnu-tools-for-stm32.9-2020-q2-update.win32_2.0.0.202105311346/tools/bin/../lib/gcc/arm-none-eabi/9.3.1/../../../../arm-none-eabi/lib/thumb/v6-m/nofp\libc_nano.a(lib_a-lock.o)
                0x0000000020000554                __lock___atexit_recursive_mutex
                0x0000000020000555                __lock___arc4random_mutex
                0x0000000020000556                __lock___env_recursive_mutex
                0x0000000020000557                __lock___sinit_recursive_mutex
                0x0000000020000558                __lock___malloc_recursive_mutex
                0x0000000020000559                __lock___at_quick_exit_mutex
                0x000000002000055a                __lock___dd_hash_mutex
                0x000000002000055b                __lock___tz_mutex
                0x000000002000055c                __lock___sfp_recursive_mutex
                0x0000000020000560                . = ALIGN (0x4)
 *fill*         0x000000002000055d        0x3 
                0x0000000020000560                _ebss = .
                0x0000000020000560                __bss_end__ = _ebss

._user_heap_stack
                0x0000000020000560      0x600 load address 0x0000000008003aa0
                0x0000000020000560                . = ALIGN (0x8)
                [!provide]                        PROVIDE (end = .)
                0x0000000020000560                PROVIDE (_end = .)
                0x0000000020000760                . = (. + _Min_Heap_Size)
 *fill*         0x0000000020000560      0x200 
                0x0000000020000b60                . = (. + _Min_Stack_Size)
 *fill*         0x0000000020000760      0x400 
                0x0000000020000b60                . = ALIGN (0x8)

/DISCARD/
 libc.a(*)
 libm.a(*)
 libgcc.a(*)

.ARM.attributes
                0x0000000000000000       0x28
 *(.ARM.attributes)
 .ARM.attributes
                0x0000000000000000       0x1e d:/st/stm32cubeide_1.7.0/stm32cubeide/plugins/com.st.stm32cube.ide.mcu.externaltools.gnu-tools-for-stm32.9-2020-q2-update.win32_2.0.0.202105311346/tools/bin/../lib/gcc/arm-none-eabi/9.3.1/thumb/v6-m/nofp/crti.o
 .ARM.attributes
                0x000000000000001e       0x2c d:/st/stm32cubeide_1.7.0/stm32cubeide/plugins/com.st.stm32cube.ide.mcu.externaltools.gnu-tools-for-stm32.9-2020-q2-update.win32_2.0.0.202105311346/tools/bin/../lib/gcc/arm-none-eabi/9.3.1/thumb/v6-m/nofp/crtbegin.o
 .ARM.attributes
                0x000000000000004a       0x2c ./Core/Src/adc.o
 .ARM.attributes
                0x0000000000000076       0x2c ./Core/Src/crc.o
 .ARM.attributes
                0x00000000000000a2       0x2c ./Core/Src/gpio.o
 .ARM.attributes
                0x00000000000000ce       0x2c ./Core/Src/i2c.o
 .ARM.attributes
                0x00000000000000fa       0x2c ./Core/Src/main.o
 .ARM.attributes
                0x0000000000000126       0x2c ./Core/Src/stm32l0xx_it.o
 .ARM.attributes
                0x0000000000000152       0x2c ./Core/Src/sysmem.o
 .ARM.attributes
                0x000000000000017e       0x2c ./Core/Src/system_stm32l0xx.o
 .ARM.attributes
                0x00000000000001aa       0x2c ./Core/Src/tim.o
 .ARM.attributes
                0x00000000000001d6       0x2c ./Core/Src/usart.o
 .ARM.attributes
                0x0000000000000202       0x2c ./Core/Src1/calculations.o
 .ARM.attributes
                0x000000000000022e       0x2c ./Core/Src1/debug.o
 .ARM.attributes
                0x000000000000025a       0x2c ./Core/Src1/device.o
 .ARM.attributes
                0x0000000000000286       0x2c ./Core/Src1/eeprom.o
 .ARM.attributes
                0x00000000000002b2       0x2c ./Core/Src1/lmp91000.o
 .ARM.attributes
                0x00000000000002de       0x2c ./Core/Src1/modbus.o
 .ARM.attributes
                0x000000000000030a       0x2c ./Core/Src1/modbus_lpuart.o
 .ARM.attributes
                0x0000000000000336       0x22 ./Core/Startup/startup_stm32l031g6ux.o
 .ARM.attributes
                0x0000000000000358       0x2c ./Drivers/STM32L0xx_HAL_Driver/Src/stm32l0xx_ll_adc.o
 .ARM.attributes
                0x0000000000000384       0x2c ./Drivers/STM32L0xx_HAL_Driver/Src/stm32l0xx_ll_gpio.o
 .ARM.attributes
                0x00000000000003b0       0x2c ./Drivers/STM32L0xx_HAL_Driver/Src/stm32l0xx_ll_i2c.o
 .ARM.attributes
                0x00000000000003dc       0x2c ./Drivers/STM32L0xx_HAL_Driver/Src/stm32l0xx_ll_lpuart.o
 .ARM.attributes
                0x0000000000000408       0x2c ./Drivers/STM32L0xx_HAL_Driver/Src/stm32l0xx_ll_rcc.o
 .ARM.attributes
                0x0000000000000434       0x2c ./Drivers/STM32L0xx_HAL_Driver/Src/stm32l0xx_ll_tim.o
 .ARM.attributes
                0x0000000000000460       0x2c ./Drivers/STM32L0xx_HAL_Driver/Src/stm32l0xx_ll_usart.o
 .ARM.attributes
                0x000000000000048c       0x2c ./Drivers/STM32L0xx_HAL_Driver/Src/stm32l0xx_ll_utils.o
 .ARM.attributes
                0x00000000000004b8       0x2c d:/st/stm32cubeide_1.7.0/stm32cubeide/plugins/com.st.stm32cube.ide.mcu.externaltools.gnu-tools-for-stm32.9-2020-q2-update.win32_2.0.0.202105311346/tools/bin/../lib/gcc/arm-none-eabi/9.3.1/../../../../arm-none-eabi/lib/thumb/v6-m/nofp\libc_nano.a(lib_a-errno.o)
 .ARM.attributes
                0x00000000000004e4       0x2c d:/st/stm32cubeide_1.7.0/stm32cubeide/plugins/com.st.stm32cube.ide.mcu.externaltools.gnu-tools-for-stm32.9-2020-q2-update.win32_2.0.0.202105311346/tools/bin/../lib/gcc/arm-none-eabi/9.3.1/../../../../arm-none-eabi/lib/thumb/v6-m/nofp\libc_nano.a(lib_a-impure.o)
 .ARM.attributes
                0x0000000000000510       0x2c d:/st/stm32cubeide_1.7.0/stm32cubeide/plugins/com.st.stm32cube.ide.mcu.externaltools.gnu-tools-for-stm32.9-2020-q2-update.win32_2.0.0.202105311346/tools/bin/../lib/gcc/arm-none-eabi/9.3.1/../../../../arm-none-eabi/lib/thumb/v6-m/nofp\libc_nano.a(lib_a-init.o)
 .ARM.attributes
                0x000000000000053c       0x2c d:/st/stm32cubeide_1.7.0/stm32cubeide/plugins/com.st.stm32cube.ide.mcu.externaltools.gnu-tools-for-stm32.9-2020-q2-update.win32_2.0.0.202105311346/tools/bin/../lib/gcc/arm-none-eabi/9.3.1/../../../../arm-none-eabi/lib/thumb/v6-m/nofp\libc_nano.a(lib_a-memcpy-stub.o)
 .ARM.attributes
                0x0000000000000568       0x2c d:/st/stm32cubeide_1.7.0/stm32cubeide/plugins/com.st.stm32cube.ide.mcu.externaltools.gnu-tools-for-stm32.9-2020-q2-update.win32_2.0.0.202105311346/tools/bin/../lib/gcc/arm-none-eabi/9.3.1/../../../../arm-none-eabi/lib/thumb/v6-m/nofp\libc_nano.a(lib_a-memset.o)
 .ARM.attributes
                0x0000000000000594       0x1c d:/st/stm32cubeide_1.7.0/stm32cubeide/plugins/com.st.stm32cube.ide.mcu.externaltools.gnu-tools-for-stm32.9-2020-q2-update.win32_2.0.0.202105311346/tools/bin/../lib/gcc/arm-none-eabi/9.3.1/../../../../arm-none-eabi/lib/thumb/v6-m/nofp\libc_nano.a(lib_a-strlen.o)
 .ARM.attributes
                0x00000000000005b0       0x2c d:/st/stm32cubeide_1.7.0/stm32cubeide/plugins/com.st.stm32cube.ide.mcu.externaltools.gnu-tools-for-stm32.9-2020-q2-update.win32_2.0.0.202105311346/tools/bin/../lib/gcc/arm-none-eabi/9.3.1/../../../../arm-none-eabi/lib/thumb/v6-m/nofp\libc_nano.a(lib_a-vsnprintf.o)
 .ARM.attributes
                0x00000000000005dc       0x2c d:/st/stm32cubeide_1.7.0/stm32cubeide/plugins/com.st.stm32cube.ide.mcu.externaltools.gnu-tools-for-stm32.9-2020-q2-update.win32_2.0.0.202105311346/tools/bin/../lib/gcc/arm-none-eabi/9.3.1/../../../../arm-none-eabi/lib/thumb/v6-m/nofp\libc_nano.a(lib_a-nano-svfprintf.o)
 .ARM.attributes
                0x0000000000000608       0x2c d:/st/stm32cubeide_1.7.0/stm32cubeide/plugins/com.st.stm32cube.ide.mcu.externaltools.gnu-tools-for-stm32.9-2020-q2-update.win32_2.0.0.202105311346/tools/bin/../lib/gcc/arm-none-eabi/9.3.1/../../../../arm-none-eabi/lib/thumb/v6-m/nofp\libc_nano.a(lib_a-nano-vfprintf_i.o)
 .ARM.attributes
                0x0000000000000634       0x2c d:/st/stm32cubeide_1.7.0/stm32cubeide/plugins/com.st.stm32cube.ide.mcu.externaltools.gnu-tools-for-stm32.9-2020-q2-update.win32_2.0.0.202105311346/tools/bin/../lib/gcc/arm-none-eabi/9.3.1/../../../../arm-none-eabi/lib/thumb/v6-m/nofp\libc_nano.a(lib_a-memchr-stub.o)
 .ARM.attributes
                0x0000000000000660       0x2c d:/st/stm32cubeide_1.7.0/stm32cubeide/plugins/com.st.stm32cube.ide.mcu.externaltools.gnu-tools-for-stm32.9-2020-q2-update.win32_2.0.0.202105311346/tools/bin/../lib/gcc/arm-none-eabi/9.3.1/../../../../arm-none-eabi/lib/thumb/v6-m/nofp\libc_nano.a(lib_a-memmove.o)
 .ARM.attributes
                0x000000000000068c       0x2c d:/st/stm32cubeide_1.7.0/stm32cubeide/plugins/com.st.stm32cube.ide.mcu.externaltools.gnu-tools-for-stm32.9-2020-q2-update.win32_2.0.0.202105311346/tools/bin/../lib/gcc/arm-none-eabi/9.3.1/../../../../arm-none-eabi/lib/thumb/v6-m/nofp\libc_nano.a(lib_a-nano-freer.o)
 .ARM.attributes
                0x00000000000006b8       0x2c d:/st/stm32cubeide_1.7.0/stm32cubeide/plugins/com.st.stm32cube.ide.mcu.externaltools.gnu-tools-for-stm32.9-2020-q2-update.win32_2.0.0.202105311346/tools/bin/../lib/gcc/arm-none-eabi/9.3.1/../../../../arm-none-eabi/lib/thumb/v6-m/nofp\libc_nano.a(lib_a-nano-mallocr.o)
 .ARM.attributes
                0x00000000000006e4       0x2c d:/st/stm32cubeide_1.7.0/stm32cubeide/plugins/com.st.stm32cube.ide.mcu.externaltools.gnu-tools-for-stm32.9-2020-q2-update.win32_2.0.0.202105311346/tools/bin/../lib/gcc/arm-none-eabi/9.3.1/../../../../arm-none-eabi/lib/thumb/v6-m/nofp\libc_nano.a(lib_a-nano-reallocr.o)
 .ARM.attributes
                0x0000000000000710       0x2c d:/st/stm32cubeide_1.7.0/stm32cubeide/plugins/com.st.stm32cube.ide.mcu.externaltools.gnu-tools-for-stm32.9-2020-q2-update.win32_2.0.0.202105311346/tools/bin/../lib/gcc/arm-none-eabi/9.3.1/../../../../arm-none-eabi/lib/thumb/v6-m/nofp\libc_nano.a(lib_a-sbrkr.o)
 .ARM.attributes
                0x000000000000073c       0x2c d:/st/stm32cubeide_1.7.0/stm32cubeide/plugins/com.st.stm32cube.ide.mcu.externaltools.gnu-tools-for-stm32.9-2020-q2-update.win32_2.0.0.202105311346/tools/bin/../lib/gcc/arm-none-eabi/9.3.1/../../../../arm-none-eabi/lib/thumb/v6-m/nofp\libc_nano.a(lib_a-mlock.o)
 .ARM.attributes
                0x0000000000000768       0x2c d:/st/stm32cubeide_1.7.0/stm32cubeide/plugins/com.st.stm32cube.ide.mcu.externaltools.gnu-tools-for-stm32.9-2020-q2-update.win32_2.0.0.202105311346/tools/bin/../lib/gcc/arm-none-eabi/9.3.1/../../../../arm-none-eabi/lib/thumb/v6-m/nofp\libc_nano.a(lib_a-nano-msizer.o)
 .ARM.attributes
                0x0000000000000794       0x2c d:/st/stm32cubeide_1.7.0/stm32cubeide/plugins/com.st.stm32cube.ide.mcu.externaltools.gnu-tools-for-stm32.9-2020-q2-update.win32_2.0.0.202105311346/tools/bin/../lib/gcc/arm-none-eabi/9.3.1/../../../../arm-none-eabi/lib/thumb/v6-m/nofp\libc_nano.a(lib_a-reent.o)
 .ARM.attributes
                0x00000000000007c0       0x2c d:/st/stm32cubeide_1.7.0/stm32cubeide/plugins/com.st.stm32cube.ide.mcu.externaltools.gnu-tools-for-stm32.9-2020-q2-update.win32_2.0.0.202105311346/tools/bin/../lib/gcc/arm-none-eabi/9.3.1/../../../../arm-none-eabi/lib/thumb/v6-m/nofp\libc_nano.a(lib_a-lock.o)
 .ARM.attributes
                0x00000000000007ec       0x1e d:/st/stm32cubeide_1.7.0/stm32cubeide/plugins/com.st.stm32cube.ide.mcu.externaltools.gnu-tools-for-stm32.9-2020-q2-update.win32_2.0.0.202105311346/tools/bin/../lib/gcc/arm-none-eabi/9.3.1/thumb/v6-m/nofp\libgcc.a(_thumb1_case_shi.o)
 .ARM.attributes
                0x000000000000080a       0x1e d:/st/stm32cubeide_1.7.0/stm32cubeide/plugins/com.st.stm32cube.ide.mcu.externaltools.gnu-tools-for-stm32.9-2020-q2-update.win32_2.0.0.202105311346/tools/bin/../lib/gcc/arm-none-eabi/9.3.1/thumb/v6-m/nofp\libgcc.a(_udivsi3.o)
 .ARM.attributes
                0x0000000000000828       0x1e d:/st/stm32cubeide_1.7.0/stm32cubeide/plugins/com.st.stm32cube.ide.mcu.externaltools.gnu-tools-for-stm32.9-2020-q2-update.win32_2.0.0.202105311346/tools/bin/../lib/gcc/arm-none-eabi/9.3.1/thumb/v6-m/nofp\libgcc.a(_divsi3.o)
 .ARM.attributes
                0x0000000000000846       0x1e d:/st/stm32cubeide_1.7.0/stm32cubeide/plugins/com.st.stm32cube.ide.mcu.externaltools.gnu-tools-for-stm32.9-2020-q2-update.win32_2.0.0.202105311346/tools/bin/../lib/gcc/arm-none-eabi/9.3.1/thumb/v6-m/nofp\libgcc.a(_dvmd_tls.o)
 .ARM.attributes
                0x0000000000000864       0x1e d:/st/stm32cubeide_1.7.0/stm32cubeide/plugins/com.st.stm32cube.ide.mcu.externaltools.gnu-tools-for-stm32.9-2020-q2-update.win32_2.0.0.202105311346/tools/bin/../lib/gcc/arm-none-eabi/9.3.1/thumb/v6-m/nofp\libgcc.a(_aeabi_uldivmod.o)
 .ARM.attributes
                0x0000000000000882       0x2c d:/st/stm32cubeide_1.7.0/stm32cubeide/plugins/com.st.stm32cube.ide.mcu.externaltools.gnu-tools-for-stm32.9-2020-q2-update.win32_2.0.0.202105311346/tools/bin/../lib/gcc/arm-none-eabi/9.3.1/thumb/v6-m/nofp\libgcc.a(_udivmoddi4.o)
 .ARM.attributes
                0x00000000000008ae       0x1e d:/st/stm32cubeide_1.7.0/stm32cubeide/plugins/com.st.stm32cube.ide.mcu.externaltools.gnu-tools-for-stm32.9-2020-q2-update.win32_2.0.0.202105311346/tools/bin/../lib/gcc/arm-none-eabi/9.3.1/thumb/v6-m/nofp\libgcc.a(_clzdi2.o)
 .ARM.attributes
                0x00000000000008cc       0x1e d:/st/stm32cubeide_1.7.0/stm32cubeide/plugins/com.st.stm32cube.ide.mcu.externaltools.gnu-tools-for-stm32.9-2020-q2-update.win32_2.0.0.202105311346/tools/bin/../lib/gcc/arm-none-eabi/9.3.1/thumb/v6-m/nofp\libgcc.a(_clzsi2.o)
 .ARM.attributes
                0x00000000000008ea       0x1e d:/st/stm32cubeide_1.7.0/stm32cubeide/plugins/com.st.stm32cube.ide.mcu.externaltools.gnu-tools-for-stm32.9-2020-q2-update.win32_2.0.0.202105311346/tools/bin/../lib/gcc/arm-none-eabi/9.3.1/thumb/v6-m/nofp/crtn.o
OUTPUT(2021-09-06.elf elf32-littlearm)
LOAD linker stubs
LOAD d:/st/stm32cubeide_1.7.0/stm32cubeide/plugins/com.st.stm32cube.ide.mcu.externaltools.gnu-tools-for-stm32.9-2020-q2-update.win32_2.0.0.202105311346/tools/bin/../lib/gcc/arm-none-eabi/9.3.1/../../../../arm-none-eabi/lib/thumb/v6-m/nofp\libc.a
LOAD d:/st/stm32cubeide_1.7.0/stm32cubeide/plugins/com.st.stm32cube.ide.mcu.externaltools.gnu-tools-for-stm32.9-2020-q2-update.win32_2.0.0.202105311346/tools/bin/../lib/gcc/arm-none-eabi/9.3.1/../../../../arm-none-eabi/lib/thumb/v6-m/nofp\libm.a
LOAD d:/st/stm32cubeide_1.7.0/stm32cubeide/plugins/com.st.stm32cube.ide.mcu.externaltools.gnu-tools-for-stm32.9-2020-q2-update.win32_2.0.0.202105311346/tools/bin/../lib/gcc/arm-none-eabi/9.3.1/thumb/v6-m/nofp\libgcc.a

.debug_info     0x0000000000000000    0x12ec8
 .debug_info    0x0000000000000000      0xf01 ./Core/Src/adc.o
 .debug_info    0x0000000000000f01      0x6e4 ./Core/Src/crc.o
 .debug_info    0x00000000000015e5      0x550 ./Core/Src/gpio.o
 .debug_info    0x0000000000001b35      0x80e ./Core/Src/i2c.o
 .debug_info    0x0000000000002343     0x16a5 ./Core/Src/main.o
 .debug_info    0x00000000000039e8      0xd7a ./Core/Src/stm32l0xx_it.o
 .debug_info    0x0000000000004762      0xa46 ./Core/Src/sysmem.o
 .debug_info    0x00000000000051a8      0x31b ./Core/Src/system_stm32l0xx.o
 .debug_info    0x00000000000054c3      0xcbe ./Core/Src/tim.o
 .debug_info    0x0000000000006181      0xd92 ./Core/Src/usart.o
 .debug_info    0x0000000000006f13      0x8bb ./Core/Src1/calculations.o
 .debug_info    0x00000000000077ce     0x12eb ./Core/Src1/debug.o
 .debug_info    0x0000000000008ab9      0xb33 ./Core/Src1/device.o
 .debug_info    0x00000000000095ec      0xc80 ./Core/Src1/eeprom.o
 .debug_info    0x000000000000a26c      0xf6e ./Core/Src1/lmp91000.o
 .debug_info    0x000000000000b1da     0x1a37 ./Core/Src1/modbus.o
 .debug_info    0x000000000000cc11     0x12d4 ./Core/Src1/modbus_lpuart.o
 .debug_info    0x000000000000dee5       0x22 ./Core/Startup/startup_stm32l031g6ux.o
 .debug_info    0x000000000000df07      0x9f7 ./Drivers/STM32L0xx_HAL_Driver/Src/stm32l0xx_ll_adc.o
 .debug_info    0x000000000000e8fe      0x885 ./Drivers/STM32L0xx_HAL_Driver/Src/stm32l0xx_ll_gpio.o
 .debug_info    0x000000000000f183      0x7da ./Drivers/STM32L0xx_HAL_Driver/Src/stm32l0xx_ll_i2c.o
 .debug_info    0x000000000000f95d      0x696 ./Drivers/STM32L0xx_HAL_Driver/Src/stm32l0xx_ll_lpuart.o
 .debug_info    0x000000000000fff3      0xb23 ./Drivers/STM32L0xx_HAL_Driver/Src/stm32l0xx_ll_rcc.o
 .debug_info    0x0000000000010b16      0xfa4 ./Drivers/STM32L0xx_HAL_Driver/Src/stm32l0xx_ll_tim.o
 .debug_info    0x0000000000011aba      0x82e ./Drivers/STM32L0xx_HAL_Driver/Src/stm32l0xx_ll_usart.o
 .debug_info    0x00000000000122e8      0xbe0 ./Drivers/STM32L0xx_HAL_Driver/Src/stm32l0xx_ll_utils.o

.debug_abbrev   0x0000000000000000     0x3cfa
 .debug_abbrev  0x0000000000000000      0x237 ./Core/Src/adc.o
 .debug_abbrev  0x0000000000000237      0x229 ./Core/Src/crc.o
 .debug_abbrev  0x0000000000000460      0x1af ./Core/Src/gpio.o
 .debug_abbrev  0x000000000000060f      0x1cd ./Core/Src/i2c.o
 .debug_abbrev  0x00000000000007dc      0x32f ./Core/Src/main.o
 .debug_abbrev  0x0000000000000b0b      0x1e1 ./Core/Src/stm32l0xx_it.o
 .debug_abbrev  0x0000000000000cec      0x203 ./Core/Src/sysmem.o
 .debug_abbrev  0x0000000000000eef      0x11c ./Core/Src/system_stm32l0xx.o
 .debug_abbrev  0x000000000000100b      0x227 ./Core/Src/tim.o
 .debug_abbrev  0x0000000000001232      0x238 ./Core/Src/usart.o
 .debug_abbrev  0x000000000000146a      0x1f0 ./Core/Src1/calculations.o
 .debug_abbrev  0x000000000000165a      0x387 ./Core/Src1/debug.o
 .debug_abbrev  0x00000000000019e1      0x22a ./Core/Src1/device.o
 .debug_abbrev  0x0000000000001c0b      0x324 ./Core/Src1/eeprom.o
 .debug_abbrev  0x0000000000001f2f      0x294 ./Core/Src1/lmp91000.o
 .debug_abbrev  0x00000000000021c3      0x41b ./Core/Src1/modbus.o
 .debug_abbrev  0x00000000000025de      0x2c4 ./Core/Src1/modbus_lpuart.o
 .debug_abbrev  0x00000000000028a2       0x12 ./Core/Startup/startup_stm32l031g6ux.o
 .debug_abbrev  0x00000000000028b4      0x27f ./Drivers/STM32L0xx_HAL_Driver/Src/stm32l0xx_ll_adc.o
 .debug_abbrev  0x0000000000002b33      0x22e ./Drivers/STM32L0xx_HAL_Driver/Src/stm32l0xx_ll_gpio.o
 .debug_abbrev  0x0000000000002d61      0x1f1 ./Drivers/STM32L0xx_HAL_Driver/Src/stm32l0xx_ll_i2c.o
 .debug_abbrev  0x0000000000002f52      0x23d ./Drivers/STM32L0xx_HAL_Driver/Src/stm32l0xx_ll_lpuart.o
 .debug_abbrev  0x000000000000318f      0x299 ./Drivers/STM32L0xx_HAL_Driver/Src/stm32l0xx_ll_rcc.o
 .debug_abbrev  0x0000000000003428      0x2e1 ./Drivers/STM32L0xx_HAL_Driver/Src/stm32l0xx_ll_tim.o
 .debug_abbrev  0x0000000000003709      0x2d1 ./Drivers/STM32L0xx_HAL_Driver/Src/stm32l0xx_ll_usart.o
 .debug_abbrev  0x00000000000039da      0x320 ./Drivers/STM32L0xx_HAL_Driver/Src/stm32l0xx_ll_utils.o

.debug_loc      0x0000000000000000     0x5062
 .debug_loc     0x0000000000000000      0x309 ./Core/Src/adc.o
 .debug_loc     0x0000000000000309      0x1da ./Core/Src/crc.o
 .debug_loc     0x00000000000004e3       0x72 ./Core/Src/gpio.o
 .debug_loc     0x0000000000000555       0xc6 ./Core/Src/i2c.o
 .debug_loc     0x000000000000061b      0x28e ./Core/Src/main.o
 .debug_loc     0x00000000000008a9      0x134 ./Core/Src/stm32l0xx_it.o
 .debug_loc     0x00000000000009dd       0x93 ./Core/Src/sysmem.o
 .debug_loc     0x0000000000000a70      0x1ef ./Core/Src/system_stm32l0xx.o
 .debug_loc     0x0000000000000c5f      0x24b ./Core/Src/tim.o
 .debug_loc     0x0000000000000eaa      0x1ca ./Core/Src/usart.o
 .debug_loc     0x0000000000001074      0x403 ./Core/Src1/calculations.o
 .debug_loc     0x0000000000001477      0x3a7 ./Core/Src1/debug.o
 .debug_loc     0x000000000000181e       0x5c ./Core/Src1/device.o
 .debug_loc     0x000000000000187a      0x378 ./Core/Src1/eeprom.o
 .debug_loc     0x0000000000001bf2      0x463 ./Core/Src1/lmp91000.o
 .debug_loc     0x0000000000002055      0x6d4 ./Core/Src1/modbus.o
 .debug_loc     0x0000000000002729      0x20b ./Core/Src1/modbus_lpuart.o
 .debug_loc     0x0000000000002934      0x3d4 ./Drivers/STM32L0xx_HAL_Driver/Src/stm32l0xx_ll_adc.o
 .debug_loc     0x0000000000002d08      0x37d ./Drivers/STM32L0xx_HAL_Driver/Src/stm32l0xx_ll_gpio.o
 .debug_loc     0x0000000000003085      0x23c ./Drivers/STM32L0xx_HAL_Driver/Src/stm32l0xx_ll_i2c.o
 .debug_loc     0x00000000000032c1      0x270 ./Drivers/STM32L0xx_HAL_Driver/Src/stm32l0xx_ll_lpuart.o
 .debug_loc     0x0000000000003531      0x460 ./Drivers/STM32L0xx_HAL_Driver/Src/stm32l0xx_ll_rcc.o
 .debug_loc     0x0000000000003991      0xbfc ./Drivers/STM32L0xx_HAL_Driver/Src/stm32l0xx_ll_tim.o
 .debug_loc     0x000000000000458d      0x445 ./Drivers/STM32L0xx_HAL_Driver/Src/stm32l0xx_ll_usart.o
 .debug_loc     0x00000000000049d2      0x690 ./Drivers/STM32L0xx_HAL_Driver/Src/stm32l0xx_ll_utils.o

.debug_aranges  0x0000000000000000      0x6e0
 .debug_aranges
                0x0000000000000000       0x20 ./Core/Src/adc.o
 .debug_aranges
                0x0000000000000020       0x28 ./Core/Src/crc.o
 .debug_aranges
                0x0000000000000048       0x20 ./Core/Src/gpio.o
 .debug_aranges
                0x0000000000000068       0x20 ./Core/Src/i2c.o
 .debug_aranges
                0x0000000000000088       0x38 ./Core/Src/main.o
 .debug_aranges
                0x00000000000000c0       0x68 ./Core/Src/stm32l0xx_it.o
 .debug_aranges
                0x0000000000000128       0x20 ./Core/Src/sysmem.o
 .debug_aranges
                0x0000000000000148       0x28 ./Core/Src/system_stm32l0xx.o
 .debug_aranges
                0x0000000000000170       0x28 ./Core/Src/tim.o
 .debug_aranges
                0x0000000000000198       0x28 ./Core/Src/usart.o
 .debug_aranges
                0x00000000000001c0       0x40 ./Core/Src1/calculations.o
 .debug_aranges
                0x0000000000000200       0x40 ./Core/Src1/debug.o
 .debug_aranges
                0x0000000000000240       0x60 ./Core/Src1/device.o
 .debug_aranges
                0x00000000000002a0       0x58 ./Core/Src1/eeprom.o
 .debug_aranges
                0x00000000000002f8       0x68 ./Core/Src1/lmp91000.o
 .debug_aranges
                0x0000000000000360       0x80 ./Core/Src1/modbus.o
 .debug_aranges
                0x00000000000003e0       0x40 ./Core/Src1/modbus_lpuart.o
 .debug_aranges
                0x0000000000000420       0x28 ./Core/Startup/startup_stm32l031g6ux.o
 .debug_aranges
                0x0000000000000448       0x58 ./Drivers/STM32L0xx_HAL_Driver/Src/stm32l0xx_ll_adc.o
 .debug_aranges
                0x00000000000004a0       0x30 ./Drivers/STM32L0xx_HAL_Driver/Src/stm32l0xx_ll_gpio.o
 .debug_aranges
                0x00000000000004d0       0x30 ./Drivers/STM32L0xx_HAL_Driver/Src/stm32l0xx_ll_i2c.o
 .debug_aranges
                0x0000000000000500       0x30 ./Drivers/STM32L0xx_HAL_Driver/Src/stm32l0xx_ll_lpuart.o
 .debug_aranges
                0x0000000000000530       0x70 ./Drivers/STM32L0xx_HAL_Driver/Src/stm32l0xx_ll_rcc.o
 .debug_aranges
                0x00000000000005a0       0xa0 ./Drivers/STM32L0xx_HAL_Driver/Src/stm32l0xx_ll_tim.o
 .debug_aranges
                0x0000000000000640       0x40 ./Drivers/STM32L0xx_HAL_Driver/Src/stm32l0xx_ll_usart.o
 .debug_aranges
                0x0000000000000680       0x60 ./Drivers/STM32L0xx_HAL_Driver/Src/stm32l0xx_ll_utils.o

.debug_ranges   0x0000000000000000      0x730
 .debug_ranges  0x0000000000000000       0x10 ./Core/Src/adc.o
 .debug_ranges  0x0000000000000010       0x18 ./Core/Src/crc.o
 .debug_ranges  0x0000000000000028       0x10 ./Core/Src/gpio.o
 .debug_ranges  0x0000000000000038       0x10 ./Core/Src/i2c.o
 .debug_ranges  0x0000000000000048       0x28 ./Core/Src/main.o
 .debug_ranges  0x0000000000000070       0x58 ./Core/Src/stm32l0xx_it.o
 .debug_ranges  0x00000000000000c8       0x10 ./Core/Src/sysmem.o
 .debug_ranges  0x00000000000000d8       0x18 ./Core/Src/system_stm32l0xx.o
 .debug_ranges  0x00000000000000f0       0x18 ./Core/Src/tim.o
 .debug_ranges  0x0000000000000108       0x18 ./Core/Src/usart.o
 .debug_ranges  0x0000000000000120       0x30 ./Core/Src1/calculations.o
 .debug_ranges  0x0000000000000150       0xc0 ./Core/Src1/debug.o
 .debug_ranges  0x0000000000000210       0x50 ./Core/Src1/device.o
 .debug_ranges  0x0000000000000260       0x48 ./Core/Src1/eeprom.o
 .debug_ranges  0x00000000000002a8       0x58 ./Core/Src1/lmp91000.o
 .debug_ranges  0x0000000000000300       0xa0 ./Core/Src1/modbus.o
 .debug_ranges  0x00000000000003a0       0x30 ./Core/Src1/modbus_lpuart.o
 .debug_ranges  0x00000000000003d0       0x20 ./Core/Startup/startup_stm32l031g6ux.o
 .debug_ranges  0x00000000000003f0       0x48 ./Drivers/STM32L0xx_HAL_Driver/Src/stm32l0xx_ll_adc.o
 .debug_ranges  0x0000000000000438       0x68 ./Drivers/STM32L0xx_HAL_Driver/Src/stm32l0xx_ll_gpio.o
 .debug_ranges  0x00000000000004a0       0x38 ./Drivers/STM32L0xx_HAL_Driver/Src/stm32l0xx_ll_i2c.o
 .debug_ranges  0x00000000000004d8       0x50 ./Drivers/STM32L0xx_HAL_Driver/Src/stm32l0xx_ll_lpuart.o
 .debug_ranges  0x0000000000000528       0x60 ./Drivers/STM32L0xx_HAL_Driver/Src/stm32l0xx_ll_rcc.o
 .debug_ranges  0x0000000000000588       0xd8 ./Drivers/STM32L0xx_HAL_Driver/Src/stm32l0xx_ll_tim.o
 .debug_ranges  0x0000000000000660       0x80 ./Drivers/STM32L0xx_HAL_Driver/Src/stm32l0xx_ll_usart.o
 .debug_ranges  0x00000000000006e0       0x50 ./Drivers/STM32L0xx_HAL_Driver/Src/stm32l0xx_ll_utils.o

.debug_macro    0x0000000000000000     0xf342
 .debug_macro   0x0000000000000000      0x16a ./Core/Src/adc.o
 .debug_macro   0x000000000000016a      0xac0 ./Core/Src/adc.o
 .debug_macro   0x0000000000000c2a       0x2e ./Core/Src/adc.o
 .debug_macro   0x0000000000000c58       0x28 ./Core/Src/adc.o
 .debug_macro   0x0000000000000c80       0x22 ./Core/Src/adc.o
 .debug_macro   0x0000000000000ca2       0x8e ./Core/Src/adc.o
 .debug_macro   0x0000000000000d30       0x51 ./Core/Src/adc.o
 .debug_macro   0x0000000000000d81      0x103 ./Core/Src/adc.o
 .debug_macro   0x0000000000000e84       0x6a ./Core/Src/adc.o
 .debug_macro   0x0000000000000eee      0x1df ./Core/Src/adc.o
 .debug_macro   0x00000000000010cd       0x1c ./Core/Src/adc.o
 .debug_macro   0x00000000000010e9       0x22 ./Core/Src/adc.o
 .debug_macro   0x000000000000110b       0xb5 ./Core/Src/adc.o
 .debug_macro   0x00000000000011c0      0x3ad ./Core/Src/adc.o
 .debug_macro   0x000000000000156d     0x7ef9 ./Core/Src/adc.o
 .debug_macro   0x0000000000009466       0x3c ./Core/Src/adc.o
 .debug_macro   0x00000000000094a2      0x6c6 ./Core/Src/adc.o
 .debug_macro   0x0000000000009b68       0x5f ./Core/Src/adc.o
 .debug_macro   0x0000000000009bc7      0x246 ./Core/Src/adc.o
 .debug_macro   0x0000000000009e0d      0x229 ./Core/Src/adc.o
 .debug_macro   0x000000000000a036      0x3b4 ./Core/Src/adc.o
 .debug_macro   0x000000000000a3ea       0xb5 ./Core/Src/adc.o
 .debug_macro   0x000000000000a49f      0x14b ./Core/Src/adc.o
 .debug_macro   0x000000000000a5ea      0x109 ./Core/Src/adc.o
 .debug_macro   0x000000000000a6f3       0x16 ./Core/Src/adc.o
 .debug_macro   0x000000000000a709       0x2a ./Core/Src/adc.o
 .debug_macro   0x000000000000a733       0xcf ./Core/Src/adc.o
 .debug_macro   0x000000000000a802      0x303 ./Core/Src/adc.o
 .debug_macro   0x000000000000ab05      0x57d ./Core/Src/adc.o
 .debug_macro   0x000000000000b082      0x2f7 ./Core/Src/adc.o
 .debug_macro   0x000000000000b379      0x12d ./Core/Src/adc.o
 .debug_macro   0x000000000000b4a6       0x46 ./Core/Src/adc.o
 .debug_macro   0x000000000000b4ec      0x16a ./Core/Src/crc.o
 .debug_macro   0x000000000000b656      0x16a ./Core/Src/gpio.o
 .debug_macro   0x000000000000b7c0      0x16a ./Core/Src/i2c.o
 .debug_macro   0x000000000000b92a      0x1f6 ./Core/Src/main.o
 .debug_macro   0x000000000000bb20       0x4c ./Core/Src/main.o
 .debug_macro   0x000000000000bb6c       0x10 ./Core/Src/main.o
 .debug_macro   0x000000000000bb7c       0x10 ./Core/Src/main.o
 .debug_macro   0x000000000000bb8c       0x10 ./Core/Src/main.o
 .debug_macro   0x000000000000bb9c      0x194 ./Core/Src/stm32l0xx_it.o
 .debug_macro   0x000000000000bd30       0xff ./Core/Src/sysmem.o
 .debug_macro   0x000000000000be2f      0x23b ./Core/Src/sysmem.o
 .debug_macro   0x000000000000c06a       0xba ./Core/Src/system_stm32l0xx.o
 .debug_macro   0x000000000000c124      0x16a ./Core/Src/tim.o
 .debug_macro   0x000000000000c28e      0x16a ./Core/Src/usart.o
 .debug_macro   0x000000000000c3f8      0x195 ./Core/Src1/calculations.o
 .debug_macro   0x000000000000c58d      0x316 ./Core/Src1/debug.o
 .debug_macro   0x000000000000c8a3       0x52 ./Core/Src1/debug.o
 .debug_macro   0x000000000000c8f5       0x16 ./Core/Src1/debug.o
 .debug_macro   0x000000000000c90b       0x97 ./Core/Src1/debug.o
 .debug_macro   0x000000000000c9a2      0x333 ./Core/Src1/debug.o
 .debug_macro   0x000000000000ccd5       0xfd ./Core/Src1/debug.o
 .debug_macro   0x000000000000cdd2       0x4c ./Core/Src1/debug.o
 .debug_macro   0x000000000000ce1e       0x16 ./Core/Src1/debug.o
 .debug_macro   0x000000000000ce34       0x20 ./Core/Src1/debug.o
 .debug_macro   0x000000000000ce54      0x1b1 ./Core/Src1/device.o
 .debug_macro   0x000000000000d005      0x1af ./Core/Src1/eeprom.o
 .debug_macro   0x000000000000d1b4      0x1d7 ./Core/Src1/lmp91000.o
 .debug_macro   0x000000000000d38b      0x2e1 ./Core/Src1/modbus.o
 .debug_macro   0x000000000000d66c       0x10 ./Core/Src1/modbus.o
 .debug_macro   0x000000000000d67c      0x25a ./Core/Src1/modbus_lpuart.o
 .debug_macro   0x000000000000d8d6      0x131 ./Drivers/STM32L0xx_HAL_Driver/Src/stm32l0xx_ll_adc.o
 .debug_macro   0x000000000000da07       0xfc ./Drivers/STM32L0xx_HAL_Driver/Src/stm32l0xx_ll_gpio.o
 .debug_macro   0x000000000000db03      0x127 ./Drivers/STM32L0xx_HAL_Driver/Src/stm32l0xx_ll_gpio.o
 .debug_macro   0x000000000000dc2a       0xfc ./Drivers/STM32L0xx_HAL_Driver/Src/stm32l0xx_ll_i2c.o
 .debug_macro   0x000000000000dd26      0x240 ./Drivers/STM32L0xx_HAL_Driver/Src/stm32l0xx_ll_i2c.o
 .debug_macro   0x000000000000df66      0x111 ./Drivers/STM32L0xx_HAL_Driver/Src/stm32l0xx_ll_lpuart.o
 .debug_macro   0x000000000000e077      0x223 ./Drivers/STM32L0xx_HAL_Driver/Src/stm32l0xx_ll_lpuart.o
 .debug_macro   0x000000000000e29a       0xe7 ./Drivers/STM32L0xx_HAL_Driver/Src/stm32l0xx_ll_rcc.o
 .debug_macro   0x000000000000e381      0x3ae ./Drivers/STM32L0xx_HAL_Driver/Src/stm32l0xx_ll_rcc.o
 .debug_macro   0x000000000000e72f      0x11a ./Drivers/STM32L0xx_HAL_Driver/Src/stm32l0xx_ll_tim.o
 .debug_macro   0x000000000000e849      0x577 ./Drivers/STM32L0xx_HAL_Driver/Src/stm32l0xx_ll_tim.o
 .debug_macro   0x000000000000edc0      0x12f ./Drivers/STM32L0xx_HAL_Driver/Src/stm32l0xx_ll_usart.o
 .debug_macro   0x000000000000eeef      0x2f1 ./Drivers/STM32L0xx_HAL_Driver/Src/stm32l0xx_ll_usart.o
 .debug_macro   0x000000000000f1e0      0x162 ./Drivers/STM32L0xx_HAL_Driver/Src/stm32l0xx_ll_utils.o

.debug_line     0x0000000000000000     0xde1d
 .debug_line    0x0000000000000000      0x839 ./Core/Src/adc.o
 .debug_line    0x0000000000000839      0x734 ./Core/Src/crc.o
 .debug_line    0x0000000000000f6d      0x6a8 ./Core/Src/gpio.o
 .debug_line    0x0000000000001615      0x754 ./Core/Src/i2c.o
 .debug_line    0x0000000000001d69      0xc20 ./Core/Src/main.o
 .debug_line    0x0000000000002989      0x898 ./Core/Src/stm32l0xx_it.o
 .debug_line    0x0000000000003221      0x51c ./Core/Src/sysmem.o
 .debug_line    0x000000000000373d      0x551 ./Core/Src/system_stm32l0xx.o
 .debug_line    0x0000000000003c8e      0x822 ./Core/Src/tim.o
 .debug_line    0x00000000000044b0      0x8e5 ./Core/Src/usart.o
 .debug_line    0x0000000000004d95      0x8f3 ./Core/Src1/calculations.o
 .debug_line    0x0000000000005688      0xb57 ./Core/Src1/debug.o
 .debug_line    0x00000000000061df      0x944 ./Core/Src1/device.o
 .debug_line    0x0000000000006b23      0xad6 ./Core/Src1/eeprom.o
 .debug_line    0x00000000000075f9      0xa13 ./Core/Src1/lmp91000.o
 .debug_line    0x000000000000800c     0x10cf ./Core/Src1/modbus.o
 .debug_line    0x00000000000090db      0xa3f ./Core/Src1/modbus_lpuart.o
 .debug_line    0x0000000000009b1a       0x89 ./Core/Startup/startup_stm32l031g6ux.o
 .debug_line    0x0000000000009ba3      0x7c3 ./Drivers/STM32L0xx_HAL_Driver/Src/stm32l0xx_ll_adc.o
 .debug_line    0x000000000000a366      0x71d ./Drivers/STM32L0xx_HAL_Driver/Src/stm32l0xx_ll_gpio.o
 .debug_line    0x000000000000aa83      0x638 ./Drivers/STM32L0xx_HAL_Driver/Src/stm32l0xx_ll_i2c.o
 .debug_line    0x000000000000b0bb      0x637 ./Drivers/STM32L0xx_HAL_Driver/Src/stm32l0xx_ll_lpuart.o
 .debug_line    0x000000000000b6f2      0xac7 ./Drivers/STM32L0xx_HAL_Driver/Src/stm32l0xx_ll_rcc.o
 .debug_line    0x000000000000c1b9      0xaf1 ./Drivers/STM32L0xx_HAL_Driver/Src/stm32l0xx_ll_tim.o
 .debug_line    0x000000000000ccaa      0x73c ./Drivers/STM32L0xx_HAL_Driver/Src/stm32l0xx_ll_usart.o
 .debug_line    0x000000000000d3e6      0xa37 ./Drivers/STM32L0xx_HAL_Driver/Src/stm32l0xx_ll_utils.o

.debug_str      0x0000000000000000    0x4be8d
 .debug_str     0x0000000000000000    0x40dd1 ./Core/Src/adc.o
                                      0x410ad (size before relaxing)
 .debug_str     0x0000000000040dd1      0x159 ./Core/Src/crc.o
                                      0x40c39 (size before relaxing)
 .debug_str     0x0000000000040f2a       0x51 ./Core/Src/gpio.o
                                      0x40b99 (size before relaxing)
 .debug_str     0x0000000000040f7b      0x17e ./Core/Src/i2c.o
                                      0x40cfd (size before relaxing)
 .debug_str     0x00000000000410f9      0xa11 ./Core/Src/main.o
                                      0x41661 (size before relaxing)
 .debug_str     0x0000000000041b0a      0x207 ./Core/Src/stm32l0xx_it.o
                                      0x41209 (size before relaxing)
 .debug_str     0x0000000000041d11     0x24a7 ./Core/Src/sysmem.o
                                       0x6290 (size before relaxing)
 .debug_str     0x00000000000441b8       0x61 ./Core/Src/system_stm32l0xx.o
                                      0x3196e (size before relaxing)
 .debug_str     0x0000000000044219      0x190 ./Core/Src/tim.o
                                      0x40f54 (size before relaxing)
 .debug_str     0x00000000000443a9      0x1e0 ./Core/Src/usart.o
                                      0x40faa (size before relaxing)
 .debug_str     0x0000000000044589       0xc1 ./Core/Src1/calculations.o
                                      0x40f8c (size before relaxing)
 .debug_str     0x000000000004464a     0x271a ./Core/Src1/debug.o
                                      0x452dc (size before relaxing)
 .debug_str     0x0000000000046d64      0x2b1 ./Core/Src1/device.o
                                      0x41282 (size before relaxing)
 .debug_str     0x0000000000047015      0x194 ./Core/Src1/eeprom.o
                                      0x410e6 (size before relaxing)
 .debug_str     0x00000000000471a9      0x28a ./Core/Src1/lmp91000.o
                                      0x411c4 (size before relaxing)
 .debug_str     0x0000000000047433      0x53a ./Core/Src1/modbus.o
                                      0x44c24 (size before relaxing)
 .debug_str     0x000000000004796d      0x181 ./Core/Src1/modbus_lpuart.o
                                      0x4443c (size before relaxing)
 .debug_str     0x0000000000047aee       0x36 ./Core/Startup/startup_stm32l031g6ux.o
                                         0x6c (size before relaxing)
 .debug_str     0x0000000000047b24      0xe4d ./Drivers/STM32L0xx_HAL_Driver/Src/stm32l0xx_ll_adc.o
                                      0x37464 (size before relaxing)
 .debug_str     0x0000000000048971      0x539 ./Drivers/STM32L0xx_HAL_Driver/Src/stm32l0xx_ll_gpio.o
                                      0x32ae8 (size before relaxing)
 .debug_str     0x0000000000048eaa      0x3ef ./Drivers/STM32L0xx_HAL_Driver/Src/stm32l0xx_ll_i2c.o
                                      0x3325d (size before relaxing)
 .debug_str     0x0000000000049299      0x521 ./Drivers/STM32L0xx_HAL_Driver/Src/stm32l0xx_ll_lpuart.o
                                      0x348d3 (size before relaxing)
 .debug_str     0x00000000000497ba      0x49f ./Drivers/STM32L0xx_HAL_Driver/Src/stm32l0xx_ll_rcc.o
                                      0x33783 (size before relaxing)
 .debug_str     0x0000000000049c59      0xd4d ./Drivers/STM32L0xx_HAL_Driver/Src/stm32l0xx_ll_tim.o
                                      0x35927 (size before relaxing)
 .debug_str     0x000000000004a9a6      0x827 ./Drivers/STM32L0xx_HAL_Driver/Src/stm32l0xx_ll_usart.o
                                      0x35091 (size before relaxing)
 .debug_str     0x000000000004b1cd      0xcc0 ./Drivers/STM32L0xx_HAL_Driver/Src/stm32l0xx_ll_utils.o
                                      0x34eb0 (size before relaxing)

.comment        0x0000000000000000       0x53
 .comment       0x0000000000000000       0x53 ./Core/Src/adc.o
                                         0x54 (size before relaxing)
 .comment       0x0000000000000053       0x54 ./Core/Src/crc.o
 .comment       0x0000000000000053       0x54 ./Core/Src/gpio.o
 .comment       0x0000000000000053       0x54 ./Core/Src/i2c.o
 .comment       0x0000000000000053       0x54 ./Core/Src/main.o
 .comment       0x0000000000000053       0x54 ./Core/Src/stm32l0xx_it.o
 .comment       0x0000000000000053       0x54 ./Core/Src/sysmem.o
 .comment       0x0000000000000053       0x54 ./Core/Src/system_stm32l0xx.o
 .comment       0x0000000000000053       0x54 ./Core/Src/tim.o
 .comment       0x0000000000000053       0x54 ./Core/Src/usart.o
 .comment       0x0000000000000053       0x54 ./Core/Src1/calculations.o
 .comment       0x0000000000000053       0x54 ./Core/Src1/debug.o
 .comment       0x0000000000000053       0x54 ./Core/Src1/device.o
 .comment       0x0000000000000053       0x54 ./Core/Src1/eeprom.o
 .comment       0x0000000000000053       0x54 ./Core/Src1/lmp91000.o
 .comment       0x0000000000000053       0x54 ./Core/Src1/modbus.o
 .comment       0x0000000000000053       0x54 ./Core/Src1/modbus_lpuart.o
 .comment       0x0000000000000053       0x54 ./Drivers/STM32L0xx_HAL_Driver/Src/stm32l0xx_ll_adc.o
 .comment       0x0000000000000053       0x54 ./Drivers/STM32L0xx_HAL_Driver/Src/stm32l0xx_ll_gpio.o
 .comment       0x0000000000000053       0x54 ./Drivers/STM32L0xx_HAL_Driver/Src/stm32l0xx_ll_i2c.o
 .comment       0x0000000000000053       0x54 ./Drivers/STM32L0xx_HAL_Driver/Src/stm32l0xx_ll_lpuart.o
 .comment       0x0000000000000053       0x54 ./Drivers/STM32L0xx_HAL_Driver/Src/stm32l0xx_ll_rcc.o
 .comment       0x0000000000000053       0x54 ./Drivers/STM32L0xx_HAL_Driver/Src/stm32l0xx_ll_tim.o
 .comment       0x0000000000000053       0x54 ./Drivers/STM32L0xx_HAL_Driver/Src/stm32l0xx_ll_usart.o
 .comment       0x0000000000000053       0x54 ./Drivers/STM32L0xx_HAL_Driver/Src/stm32l0xx_ll_utils.o

.debug_frame    0x0000000000000000     0x1258
 .debug_frame   0x0000000000000000       0x30 ./Core/Src/adc.o
 .debug_frame   0x0000000000000030       0x3c ./Core/Src/crc.o
 .debug_frame   0x000000000000006c       0x2c ./Core/Src/gpio.o
 .debug_frame   0x0000000000000098       0x38 ./Core/Src/i2c.o
 .debug_frame   0x00000000000000d0       0x68 ./Core/Src/main.o
 .debug_frame   0x0000000000000138       0xd8 ./Core/Src/stm32l0xx_it.o
 .debug_frame   0x0000000000000210       0x28 ./Core/Src/sysmem.o
 .debug_frame   0x0000000000000238       0x38 ./Core/Src/system_stm32l0xx.o
 .debug_frame   0x0000000000000270       0x4c ./Core/Src/tim.o
 .debug_frame   0x00000000000002bc       0x54 ./Core/Src/usart.o
 .debug_frame   0x0000000000000310       0x8c ./Core/Src1/calculations.o
 .debug_frame   0x000000000000039c       0x84 ./Core/Src1/debug.o
 .debug_frame   0x0000000000000420       0xc4 ./Core/Src1/device.o
 .debug_frame   0x00000000000004e4       0xe0 ./Core/Src1/eeprom.o
 .debug_frame   0x00000000000005c4       0xf8 ./Core/Src1/lmp91000.o
 .debug_frame   0x00000000000006bc      0x144 ./Core/Src1/modbus.o
 .debug_frame   0x0000000000000800       0x68 ./Core/Src1/modbus_lpuart.o
 .debug_frame   0x0000000000000868       0xac ./Drivers/STM32L0xx_HAL_Driver/Src/stm32l0xx_ll_adc.o
 .debug_frame   0x0000000000000914       0x50 ./Drivers/STM32L0xx_HAL_Driver/Src/stm32l0xx_ll_gpio.o
 .debug_frame   0x0000000000000964       0x4c ./Drivers/STM32L0xx_HAL_Driver/Src/stm32l0xx_ll_i2c.o
 .debug_frame   0x00000000000009b0       0x50 ./Drivers/STM32L0xx_HAL_Driver/Src/stm32l0xx_ll_lpuart.o
 .debug_frame   0x0000000000000a00       0xfc ./Drivers/STM32L0xx_HAL_Driver/Src/stm32l0xx_ll_rcc.o
 .debug_frame   0x0000000000000afc      0x194 ./Drivers/STM32L0xx_HAL_Driver/Src/stm32l0xx_ll_tim.o
 .debug_frame   0x0000000000000c90       0x74 ./Drivers/STM32L0xx_HAL_Driver/Src/stm32l0xx_ll_usart.o
 .debug_frame   0x0000000000000d04       0xdc ./Drivers/STM32L0xx_HAL_Driver/Src/stm32l0xx_ll_utils.o
 .debug_frame   0x0000000000000de0       0x20 d:/st/stm32cubeide_1.7.0/stm32cubeide/plugins/com.st.stm32cube.ide.mcu.externaltools.gnu-tools-for-stm32.9-2020-q2-update.win32_2.0.0.202105311346/tools/bin/../lib/gcc/arm-none-eabi/9.3.1/../../../../arm-none-eabi/lib/thumb/v6-m/nofp\libc_nano.a(lib_a-errno.o)
 .debug_frame   0x0000000000000e00       0x2c d:/st/stm32cubeide_1.7.0/stm32cubeide/plugins/com.st.stm32cube.ide.mcu.externaltools.gnu-tools-for-stm32.9-2020-q2-update.win32_2.0.0.202105311346/tools/bin/../lib/gcc/arm-none-eabi/9.3.1/../../../../arm-none-eabi/lib/thumb/v6-m/nofp\libc_nano.a(lib_a-init.o)