Archive member included to satisfy reference by file (symbol)

d:/st/stm32cubeide_1.7.0/stm32cubeide/plugins/com.st.stm32cube.ide.mcu.externaltools.gnu-tools-for-stm32.10.3-2021.10.win32_1.0.0.202111181127/tools/bin/../lib/gcc/arm-none-eabi/10.3.1/../../../../arm-none-eabi/lib/thumb/v6-m/nofp\libc_nano.a(lib_a-errno.o)
                              ./Core/Src/syscalls.o (__errno)
d:/st/stm32cubeide_1.7.0/stm32cubeide/plugins/com.st.stm32cube.ide.mcu.externaltools.gnu-tools-for-stm32.10.3-2021.10.win32_1.0.0.202111181127/tools/bin/../lib/gcc/arm-none-eabi/10.3.1/../../../../arm-none-eabi/lib/thumb/v6-m/nofp\libc_nano.a(lib_a-exit.o)
                              d:/st/stm32cubeide_1.7.0/stm32cubeide/plugins/com.st.stm32cube.ide.mcu.externaltools.gnu-tools-for-stm32.10.3-2021.10.win32_1.0.0.202111181127/tools/bin/../lib/gcc/arm-none-eabi/10.3.1/../../../../arm-none-eabi/lib/thumb/v6-m/nofp/crt0.o (exit)
d:/st/stm32cubeide_1.7.0/stm32cubeide/plugins/com.st.stm32cube.ide.mcu.externaltools.gnu-tools-for-stm32.10.3-2021.10.win32_1.0.0.202111181127/tools/bin/../lib/gcc/arm-none-eabi/10.3.1/../../../../arm-none-eabi/lib/thumb/v6-m/nofp\libc_nano.a(lib_a-impure.o)
                              d:/st/stm32cubeide_1.7.0/stm32cubeide/plugins/com.st.stm32cube.ide.mcu.externaltools.gnu-tools-for-stm32.10.3-2021.10.win32_1.0.0.202111181127/tools/bin/../lib/gcc/arm-none-eabi/10.3.1/../../../../arm-none-eabi/lib/thumb/v6-m/nofp\libc_nano.a(lib_a-exit.o) (_global_impure_ptr)
d:/st/stm32cubeide_1.7.0/stm32cubeide/plugins/com.st.stm32cube.ide.mcu.externaltools.gnu-tools-for-stm32.10.3-2021.10.win32_1.0.0.202111181127/tools/bin/../lib/gcc/arm-none-eabi/10.3.1/../../../../arm-none-eabi/lib/thumb/v6-m/nofp\libc_nano.a(lib_a-init.o)
                              d:/st/stm32cubeide_1.7.0/stm32cubeide/plugins/com.st.stm32cube.ide.mcu.externaltools.gnu-tools-for-stm32.10.3-2021.10.win32_1.0.0.202111181127/tools/bin/../lib/gcc/arm-none-eabi/10.3.1/../../../../arm-none-eabi/lib/thumb/v6-m/nofp/crt0.o (__libc_init_array)
d:/st/stm32cubeide_1.7.0/stm32cubeide/plugins/com.st.stm32cube.ide.mcu.externaltools.gnu-tools-for-stm32.10.3-2021.10.win32_1.0.0.202111181127/tools/bin/../lib/gcc/arm-none-eabi/10.3.1/../../../../arm-none-eabi/lib/thumb/v6-m/nofp\libc_nano.a(lib_a-memcpy-stub.o)
                              ./Core/Src2/modbus.o (memcpy)
d:/st/stm32cubeide_1.7.0/stm32cubeide/plugins/com.st.stm32cube.ide.mcu.externaltools.gnu-tools-for-stm32.10.3-2021.10.win32_1.0.0.202111181127/tools/bin/../lib/gcc/arm-none-eabi/10.3.1/../../../../arm-none-eabi/lib/thumb/v6-m/nofp\libc_nano.a(lib_a-memset.o)
                              d:/st/stm32cubeide_1.7.0/stm32cubeide/plugins/com.st.stm32cube.ide.mcu.externaltools.gnu-tools-for-stm32.10.3-2021.10.win32_1.0.0.202111181127/tools/bin/../lib/gcc/arm-none-eabi/10.3.1/../../../../arm-none-eabi/lib/thumb/v6-m/nofp/crt0.o (memset)
d:/st/stm32cubeide_1.7.0/stm32cubeide/plugins/com.st.stm32cube.ide.mcu.externaltools.gnu-tools-for-stm32.10.3-2021.10.win32_1.0.0.202111181127/tools/bin/../lib/gcc/arm-none-eabi/10.3.1/../../../../arm-none-eabi/lib/thumb/v6-m/nofp\libc_nano.a(lib_a-strlen.o)
                              ./Core/Src1/debug.o (strlen)
d:/st/stm32cubeide_1.7.0/stm32cubeide/plugins/com.st.stm32cube.ide.mcu.externaltools.gnu-tools-for-stm32.10.3-2021.10.win32_1.0.0.202111181127/tools/bin/../lib/gcc/arm-none-eabi/10.3.1/../../../../arm-none-eabi/lib/thumb/v6-m/nofp\libc_nano.a(lib_a-vsnprintf.o)
                              ./Core/Src1/debug.o (vsnprintf)
d:/st/stm32cubeide_1.7.0/stm32cubeide/plugins/com.st.stm32cube.ide.mcu.externaltools.gnu-tools-for-stm32.10.3-2021.10.win32_1.0.0.202111181127/tools/bin/../lib/gcc/arm-none-eabi/10.3.1/../../../../arm-none-eabi/lib/thumb/v6-m/nofp\libc_nano.a(lib_a-nano-svfprintf.o)
                              d:/st/stm32cubeide_1.7.0/stm32cubeide/plugins/com.st.stm32cube.ide.mcu.externaltools.gnu-tools-for-stm32.10.3-2021.10.win32_1.0.0.202111181127/tools/bin/../lib/gcc/arm-none-eabi/10.3.1/../../../../arm-none-eabi/lib/thumb/v6-m/nofp\libc_nano.a(lib_a-vsnprintf.o) (_svfprintf_r)
d:/st/stm32cubeide_1.7.0/stm32cubeide/plugins/com.st.stm32cube.ide.mcu.externaltools.gnu-tools-for-stm32.10.3-2021.10.win32_1.0.0.202111181127/tools/bin/../lib/gcc/arm-none-eabi/10.3.1/../../../../arm-none-eabi/lib/thumb/v6-m/nofp\libc_nano.a(lib_a-nano-vfprintf_i.o)
                              d:/st/stm32cubeide_1.7.0/stm32cubeide/plugins/com.st.stm32cube.ide.mcu.externaltools.gnu-tools-for-stm32.10.3-2021.10.win32_1.0.0.202111181127/tools/bin/../lib/gcc/arm-none-eabi/10.3.1/../../../../arm-none-eabi/lib/thumb/v6-m/nofp\libc_nano.a(lib_a-nano-svfprintf.o) (_printf_i)
d:/st/stm32cubeide_1.7.0/stm32cubeide/plugins/com.st.stm32cube.ide.mcu.externaltools.gnu-tools-for-stm32.10.3-2021.10.win32_1.0.0.202111181127/tools/bin/../lib/gcc/arm-none-eabi/10.3.1/../../../../arm-none-eabi/lib/thumb/v6-m/nofp\libc_nano.a(lib_a-memchr-stub.o)
[...]
Memory Configuration

Name             Origin             Length             Attributes
RAM              0x0000000020000000 0x0000000000002000 xrw
FLASH            0x0000000008000000 0x0000000000008000 xr
*default*        0x0000000000000000 0xffffffffffffffff

Linker script and memory map

LOAD d:/st/stm32cubeide_1.7.0/stm32cubeide/plugins/com.st.stm32cube.ide.mcu.externaltools.gnu-tools-for-stm32.10.3-2021.10.win32_1.0.0.202111181127/tools/bin/../lib/gcc/arm-none-eabi/10.3.1/thumb/v6-m/nofp/crti.o
LOAD d:/st/stm32cubeide_1.7.0/stm32cubeide/plugins/com.st.stm32cube.ide.mcu.externaltools.gnu-tools-for-stm32.10.3-2021.10.win32_1.0.0.202111181127/tools/bin/../lib/gcc/arm-none-eabi/10.3.1/thumb/v6-m/nofp/crtbegin.o
LOAD d:/st/stm32cubeide_1.7.0/stm32cubeide/plugins/com.st.stm32cube.ide.mcu.externaltools.gnu-tools-for-stm32.10.3-2021.10.win32_1.0.0.202111181127/tools/bin/../lib/gcc/arm-none-eabi/10.3.1/../../../../arm-none-eabi/lib/thumb/v6-m/nofp/crt0.o
LOAD ./Core/Src/adc.o
LOAD ./Core/Src/crc.o
LOAD ./Core/Src/gpio.o
LOAD ./Core/Src/i2c.o
LOAD ./Core/Src/lptim.o
LOAD ./Core/Src/main.o
LOAD ./Core/Src/stm32l0xx_it.o
LOAD ./Core/Src/syscalls.o
LOAD ./Core/Src/sysmem.o
LOAD ./Core/Src/system_stm32l0xx.o
LOAD ./Core/Src/tim.o
LOAD ./Core/Src/usart.o
LOAD ./Core/Src1/arhiv.o
LOAD ./Core/Src1/calculations.o
LOAD ./Core/Src1/debug.o
LOAD ./Core/Src1/eeprom.o
LOAD ./Core/Src1/flash.o
LOAD ./Core/Src1/lmp91000.o
LOAD ./Core/Src1/modbus_lpuart.o
LOAD ./Core/Src2/ADS1115.o
LOAD ./Core/Src2/FilterMiddle.o
LOAD ./Core/Src2/Mipex_command.o
LOAD ./Core/Src2/device.o
LOAD ./Core/Src2/modbus.o
LOAD ./Core/Src2/msi.o
LOAD ./Core/Startup/startup_stm32l031g6ux.o
LOAD ./Drivers/STM32L0xx_HAL_Driver/stm32l0xx_ll_adc.o
LOAD ./Drivers/STM32L0xx_HAL_Driver/stm32l0xx_ll_crc.o
LOAD ./Drivers/STM32L0xx_HAL_Driver/stm32l0xx_ll_dma.o
LOAD ./Drivers/STM32L0xx_HAL_Driver/stm32l0xx_ll_exti.o
LOAD ./Drivers/STM32L0xx_HAL_Driver/stm32l0xx_ll_gpio.o
LOAD ./Drivers/STM32L0xx_HAL_Driver/stm32l0xx_ll_i2c.o
LOAD ./Drivers/STM32L0xx_HAL_Driver/stm32l0xx_ll_lptim.o
LOAD ./Drivers/STM32L0xx_HAL_Driver/stm32l0xx_ll_lpuart.o
LOAD ./Drivers/STM32L0xx_HAL_Driver/stm32l0xx_ll_pwr.o
LOAD ./Drivers/STM32L0xx_HAL_Driver/stm32l0xx_ll_rcc.o
LOAD ./Drivers/STM32L0xx_HAL_Driver/stm32l0xx_ll_tim.o
LOAD ./Drivers/STM32L0xx_HAL_Driver/stm32l0xx_ll_usart.o
LOAD ./Drivers/STM32L0xx_HAL_Driver/stm32l0xx_ll_utils.o
START GROUP
LOAD d:/st/stm32cubeide_1.7.0/stm32cubeide/plugins/com.st.stm32cube.ide.mcu.externaltools.gnu-tools-for-stm32.10.3-2021.10.win32_1.0.0.202111181127/tools/bin/../lib/gcc/arm-none-eabi/10.3.1/../../../../arm-none-eabi/lib/thumb/v6-m/nofp\libc_nano.a
LOAD d:/st/stm32cubeide_1.7.0/stm32cubeide/plugins/com.st.stm32cube.ide.mcu.externaltools.gnu-tools-for-stm32.10.3-2021.10.win32_1.0.0.202111181127/tools/bin/../lib/gcc/arm-none-eabi/10.3.1/../../../../arm-none-eabi/lib/thumb/v6-m/nofp\libm.a
END GROUP
START GROUP
LOAD d:/st/stm32cubeide_1.7.0/stm32cubeide/plugins/com.st.stm32cube.ide.mcu.externaltools.gnu-tools-for-stm32.10.3-2021.10.win32_1.0.0.202111181127/tools/bin/../lib/gcc/arm-none-eabi/10.3.1/thumb/v6-m/nofp\libgcc.a
LOAD d:/st/stm32cubeide_1.7.0/stm32cubeide/plugins/com.st.stm32cube.ide.mcu.externaltools.gnu-tools-for-stm32.10.3-2021.10.win32_1.0.0.202111181127/tools/bin/../lib/gcc/arm-none-eabi/10.3.1/../../../../arm-none-eabi/lib/thumb/v6-m/nofp\libc_nano.a
END GROUP
START GROUP
LOAD d:/st/stm32cubeide_1.7.0/stm32cubeide/plugins/com.st.stm32cube.ide.mcu.externaltools.gnu-tools-for-stm32.10.3-2021.10.win32_1.0.0.202111181127/tools/bin/../lib/gcc/arm-none-eabi/10.3.1/thumb/v6-m/nofp\libgcc.a
LOAD d:/st/stm32cubeide_1.7.0/stm32cubeide/plugins/com.st.stm32cube.ide.mcu.externaltools.gnu-tools-for-stm32.10.3-2021.10.win32_1.0.0.202111181127/tools/bin/../lib/gcc/arm-none-eabi/10.3.1/../../../../arm-none-eabi/lib/thumb/v6-m/nofp\libc_nano.a
LOAD d:/st/stm32cubeide_1.7.0/stm32cubeide/plugins/com.st.stm32cube.ide.mcu.externaltools.gnu-tools-for-stm32.10.3-2021.10.win32_1.0.0.202111181127/tools/bin/../lib/gcc/arm-none-eabi/10.3.1/../../../../arm-none-eabi/lib/thumb/v6-m/nofp\libnosys.a
END GROUP
START GROUP
LOAD d:/st/stm32cubeide_1.7.0/stm32cubeide/plugins/com.st.stm32cube.ide.mcu.externaltools.gnu-tools-for-stm32.10.3-2021.10.win32_1.0.0.202111181127/tools/bin/../lib/gcc/arm-none-eabi/10.3.1/thumb/v6-m/nofp\libgcc.a
LOAD d:/st/stm32cubeide_1.7.0/stm32cubeide/plugins/com.st.stm32cube.ide.mcu.externaltools.gnu-tools-for-stm32.10.3-2021.10.win32_1.0.0.202111181127/tools/bin/../lib/gcc/arm-none-eabi/10.3.1/../../../../arm-none-eabi/lib/thumb/v6-m/nofp\libc_nano.a
LOAD d:/st/stm32cubeide_1.7.0/stm32cubeide/plugins/com.st.stm32cube.ide.mcu.externaltools.gnu-tools-for-stm32.10.3-2021.10.win32_1.0.0.202111181127/tools/bin/../lib/gcc/arm-none-eabi/10.3.1/../../../../arm-none-eabi/lib/thumb/v6-m/nofp\libnosys.a
END GROUP
LOAD d:/st/stm32cubeide_1.7.0/stm32cubeide/plugins/com.st.stm32cube.ide.mcu.externaltools.gnu-tools-for-stm32.10.3-2021.10.win32_1.0.0.202111181127/tools/bin/../lib/gcc/arm-none-eabi/10.3.1/thumb/v6-m/nofp/crtend.o
LOAD d:/st/stm32cubeide_1.7.0/stm32cubeide/plugins/com.st.stm32cube.ide.mcu.externaltools.gnu-tools-for-stm32.10.3-2021.10.win32_1.0.0.202111181127/tools/bin/../lib/gcc/arm-none-eabi/10.3.1/thumb/v6-m/nofp/crtn.o
                0x0000000020002000                _estack = (ORIGIN (RAM) + LENGTH (RAM))
                0x0000000000000200                _Min_Heap_Size = 0x200
                0x0000000000000400                _Min_Stack_Size = 0x400

.isr_vector     0x0000000008000000       0xc0
                0x0000000008000000                . = ALIGN (0x4)
 *(.isr_vector)
 .isr_vector    0x0000000008000000       0xc0 ./Core/Startup/startup_stm32l031g6ux.o
                0x0000000008000000                g_pfnVectors
                0x00000000080000c0                . = ALIGN (0x4)

.text           0x00000000080000c0     0x3e14
                0x00000000080000c0                . = ALIGN (0x4)
 *(.text)
 .text          0x00000000080000c0       0x48 d:/st/stm32cubeide_1.7.0/stm32cubeide/plugins/com.st.stm32cube.ide.mcu.externaltools.gnu-tools-for-stm32.10.3-2021.10.win32_1.0.0.202111181127/tools/bin/../lib/gcc/arm-none-eabi/10.3.1/thumb/v6-m/nofp/crtbegin.o
 .text          0x0000000008000108        0xe d:/st/stm32cubeide_1.7.0/stm32cubeide/plugins/com.st.stm32cube.ide.mcu.externaltools.gnu-tools-for-stm32.10.3-2021.10.win32_1.0.0.202111181127/tools/bin/../lib/gcc/arm-none-eabi/10.3.1/../../../../arm-none-eabi/lib/thumb/v6-m/nofp\libc_nano.a(lib_a-strlen.o)
                0x0000000008000108                strlen
 *fill*         0x0000000008000116        0x2 
 .text          0x0000000008000118       0x14 d:/st/stm32cubeide_1.7.0/stm32cubeide/plugins/com.st.stm32cube.ide.mcu.externaltools.gnu-tools-for-stm32.10.3-2021.10.win32_1.0.0.202111181127/tools/bin/../lib/gcc/arm-none-eabi/10.3.1/thumb/v6-m/nofp\libgcc.a(_thumb1_case_shi.o)
                0x0000000008000118                __gnu_thumb1_case_shi
 .text          0x000000000800012c      0x114 d:/st/stm32cubeide_1.7.0/stm32cubeide/plugins/com.st.stm32cube.ide.mcu.externaltools.gnu-tools-for-stm32.10.3-2021.10.win32_1.0.0.202111181127/tools/bin/../lib/gcc/arm-none-eabi/10.3.1/thumb/v6-m/nofp\libgcc.a(_udivsi3.o)
                0x000000000800012c                __aeabi_uidiv
                0x000000000800012c                __udivsi3
                0x0000000008000238                __aeabi_uidivmod
 .text          0x0000000008000240      0x1d4 d:/st/stm32cubeide_1.7.0/stm32cubeide/plugins/com.st.stm32cube.ide.mcu.externaltools.gnu-tools-for-stm32.10.3-2021.10.win32_1.0.0.202111181127/tools/bin/../lib/gcc/arm-none-eabi/10.3.1/thumb/v6-m/nofp\libgcc.a(_divsi3.o)
                0x0000000008000240                __divsi3
                0x0000000008000240                __aeabi_idiv
                0x000000000800040c                __aeabi_idivmod
 .text          0x0000000008000414        0x4 d:/st/stm32cubeide_1.7.0/stm32cubeide/plugins/com.st.stm32cube.ide.mcu.externaltools.gnu-tools-for-stm32.10.3-2021.10.win32_1.0.0.202111181127/tools/bin/../lib/gcc/arm-none-eabi/10.3.1/thumb/v6-m/nofp\libgcc.a(_dvmd_tls.o)
                0x0000000008000414                __aeabi_idiv0
                0x0000000008000414                __aeabi_ldiv0
 .text          0x0000000008000418       0x40 d:/st/stm32cubeide_1.7.0/stm32cubeide/plugins/com.st.stm32cube.ide.mcu.externaltools.gnu-tools-for-stm32.10.3-2021.10.win32_1.0.0.202111181127/tools/bin/../lib/gcc/arm-none-eabi/10.3.1/thumb/v6-m/nofp\libgcc.a(_aeabi_uldivmod.o)
                0x0000000008000418                __aeabi_uldivmod
 .text          0x0000000008000458      0x198 d:/st/stm32cubeide_1.7.0/stm32cubeide/plugins/com.st.stm32cube.ide.mcu.externaltools.gnu-tools-for-stm32.10.3-2021.10.win32_1.0.0.202111181127/tools/bin/../lib/gcc/arm-none-eabi/10.3.1/thumb/v6-m/nofp\libgcc.a(_udivmoddi4.o)
                0x0000000008000458                __udivmoddi4
 .text          0x00000000080005f0       0x18 d:/st/stm32cubeide_1.7.0/stm32cubeide/plugins/com.st.stm32cube.ide.mcu.externaltools.gnu-tools-for-stm32.10.3-2021.10.win32_1.0.0.202111181127/tools/bin/../lib/gcc/arm-none-eabi/10.3.1/thumb/v6-m/nofp\libgcc.a(_clzdi2.o)
                0x00000000080005f0                __clzdi2
 .text          0x0000000008000608       0x3c d:/st/stm32cubeide_1.7.0/stm32cubeide/plugins/com.st.stm32cube.ide.mcu.externaltools.gnu-tools-for-stm32.10.3-2021.10.win32_1.0.0.202111181127/tools/bin/../lib/gcc/arm-none-eabi/10.3.1/thumb/v6-m/nofp\libgcc.a(_clzsi2.o)
                0x0000000008000608                __clzsi2
 *(.text*)
 .text.MX_ADC_Init
                0x0000000008000644      0x17c ./Core/Src/adc.o
                0x0000000008000644                MX_ADC_Init
 .text.MX_CRC_Init
                0x00000000080007c0       0x4c ./Core/Src/crc.o
                0x00000000080007c0                MX_CRC_Init
 .text.CalcCRC  0x000000000800080c       0x2c ./Core/Src/crc.o
                0x000000000800080c                CalcCRC
 .text.MX_GPIO_Init
                0x0000000008000838       0xe0 ./Core/Src/gpio.o
                0x0000000008000838                MX_GPIO_Init
 .text.MX_I2C1_Init
                0x0000000008000918       0xe4 ./Core/Src/i2c.o
                0x0000000008000918                MX_I2C1_Init
 .text.MX_LPTIM1_Init
                0x00000000080009fc       0x94 ./Core/Src/lptim.o
                0x00000000080009fc                MX_LPTIM1_Init
 .text.printUID
                0x0000000008000a90       0x6c ./Core/Src/main.o
                0x0000000008000a90                printUID
 .text.SystemClock_Config
                0x0000000008000afc      0x108 ./Core/Src/main.o
                0x0000000008000afc                SystemClock_Config
 .text.main     0x0000000008000c04      0x1d8 ./Core/Src/main.o
                0x0000000008000c04                main
 .text.NMI_Handler
                0x0000000008000ddc        0x2 ./Core/Src/stm32l0xx_it.o
                0x0000000008000ddc                NMI_Handler
 .text.HardFault_Handler
                0x0000000008000dde        0x2 ./Core/Src/stm32l0xx_it.o
                0x0000000008000dde                HardFault_Handler
 .text.SVC_Handler
                0x0000000008000de0        0x2 ./Core/Src/stm32l0xx_it.o
                0x0000000008000de0                SVC_Handler
 .text.PendSV_Handler
                0x0000000008000de2        0x2 ./Core/Src/stm32l0xx_it.o
                0x0000000008000de2                PendSV_Handler
 .text.SysTick_Handler
                0x0000000008000de4        0x2 ./Core/Src/stm32l0xx_it.o
                0x0000000008000de4                SysTick_Handler
 *fill*         0x0000000008000de6        0x2 
 .text.EXTI4_15_IRQHandler
                0x0000000008000de8       0x14 ./Core/Src/stm32l0xx_it.o
                0x0000000008000de8                EXTI4_15_IRQHandler
 .text.ADC1_COMP_IRQHandler
                0x0000000008000dfc       0x4c ./Core/Src/stm32l0xx_it.o
                0x0000000008000dfc                ADC1_COMP_IRQHandler
 .text.LPTIM1_IRQHandler
                0x0000000008000e48       0x20 ./Core/Src/stm32l0xx_it.o
                0x0000000008000e48                LPTIM1_IRQHandler
 .text.TIM21_IRQHandler
                0x0000000008000e68        0x2 ./Core/Src/stm32l0xx_it.o
                0x0000000008000e68                TIM21_IRQHandler
 *fill*         0x0000000008000e6a        0x2 
 .text.TIM22_IRQHandler
                0x0000000008000e6c       0x28 ./Core/Src/stm32l0xx_it.o
                0x0000000008000e6c                TIM22_IRQHandler
 .text.USART2_IRQHandler
                0x0000000008000e94        0x8 ./Core/Src/stm32l0xx_it.o
                0x0000000008000e94                USART2_IRQHandler
 .text.LPUART1_IRQHandler
                0x0000000008000e9c        0x8 ./Core/Src/stm32l0xx_it.o
                0x0000000008000e9c                LPUART1_IRQHandler
 .text._sbrk    0x0000000008000ea4       0x48 ./Core/Src/sysmem.o
                0x0000000008000ea4                _sbrk
 .text.SystemInit
                0x0000000008000eec        0x2 ./Core/Src/system_stm32l0xx.o
                0x0000000008000eec                SystemInit
 *fill*         0x0000000008000eee        0x2 
 .text.MX_TIM2_Init
                0x0000000008000ef0       0x60 ./Core/Src/tim.o
                0x0000000008000ef0                MX_TIM2_Init
 .text.MX_TIM21_Init
                0x0000000008000f50       0xb8 ./Core/Src/tim.o
                0x0000000008000f50                MX_TIM21_Init
 .text.MX_TIM22_Init
                0x0000000008001008       0xc8 ./Core/Src/tim.o
                0x0000000008001008                MX_TIM22_Init
 .text.MX_LPUART1_UART_Init
                0x00000000080010d0       0xf4 ./Core/Src/usart.o
                0x00000000080010d0                MX_LPUART1_UART_Init
 .text.MX_USART2_UART_Init
                0x00000000080011c4       0xe4 ./Core/Src/usart.o
                0x00000000080011c4                MX_USART2_UART_Init
 .text.DayArhivStore
                0x00000000080012a8       0x38 ./Core/Src1/arhiv.o
                0x00000000080012a8                DayArhivStore
 .text.CalibGasZero
                0x00000000080012e0       0x50 ./Core/Src1/calculations.o
                0x00000000080012e0                CalibGasZero
 .text.CalibGasConc
                0x0000000008001330       0x2c ./Core/Src1/calculations.o
                0x0000000008001330                CalibGasConc
 .text.get_koef_temper_conc
                0x000000000800135c       0xec ./Core/Src1/calculations.o
                0x000000000800135c                get_koef_temper_conc
 .text.LinearizKoef
                0x0000000008001448       0xd8 ./Core/Src1/calculations.o
                0x0000000008001448                LinearizKoef
 .text.SetGasValue
                0x0000000008001520       0xf4 ./Core/Src1/calculations.o
                0x0000000008001520                SetGasValue
 .text.debug_init
                0x0000000008001614       0x68 ./Core/Src1/debug.o
                0x0000000008001614                debug_init
 .text.d_printf
                0x000000000800167c       0x78 ./Core/Src1/debug.o
                0x000000000800167c                d_printf
 .text.Debug_TXEmpty_Callback
                0x00000000080016f4       0x58 ./Core/Src1/debug.o
                0x00000000080016f4                Debug_TXEmpty_Callback
 .text.Debug_RXNEmpty_Callback
                0x000000000800174c       0x14 ./Core/Src1/debug.o
                0x000000000800174c                Debug_RXNEmpty_Callback
 .text.Debug_UART_IRQHandler
                0x0000000008001760       0x40 ./Core/Src1/debug.o
                0x0000000008001760                Debug_UART_IRQHandler
 .text.EEPROM_WaitEOP
                0x00000000080017a0       0x2c ./Core/Src1/eeprom.o
                0x00000000080017a0                EEPROM_WaitEOP
 .text.writeWordToEEPROM
                0x00000000080017cc       0x1c ./Core/Src1/eeprom.o
                0x00000000080017cc                writeWordToEEPROM
 .text.write_mem_to_eeprom
                0x00000000080017e8       0x20 ./Core/Src1/eeprom.o
                0x00000000080017e8                write_mem_to_eeprom
 .text.eeprom_config_write_bank
                0x0000000008001808       0x50 ./Core/Src1/eeprom.o
                0x0000000008001808                eeprom_config_write_bank
 .text.eeprom_config_write
                0x0000000008001858       0x40 ./Core/Src1/eeprom.o
                0x0000000008001858                eeprom_config_write
 .text.factory_config_write
                0x0000000008001898       0x14 ./Core/Src1/eeprom.o
                0x0000000008001898                factory_config_write
 .text.factory_config_read
                0x00000000080018ac       0x80 ./Core/Src1/eeprom.o
                0x00000000080018ac                factory_config_read
 .text.read_config_from_eeprom
                0x000000000800192c      0x130 ./Core/Src1/eeprom.o
                0x000000000800192c                read_config_from_eeprom
 .text.FLASH_UNLOCK
                0x0000000008001a5c       0x58 ./Core/Src1/flash.o
                0x0000000008001a5c                FLASH_UNLOCK
 .text.FLASH_LOCK
                0x0000000008001ab4       0x18 ./Core/Src1/flash.o
                0x0000000008001ab4                FLASH_LOCK
 .text.FlashWaitNoBSY
                0x0000000008001acc       0x28 ./Core/Src1/flash.o
                0x0000000008001acc                FlashWaitNoBSY
 .text.FlashWaitEOP
                0x0000000008001af4       0x2c ./Core/Src1/flash.o
                0x0000000008001af4                FlashWaitEOP
 .text.FlashPageErase
                0x0000000008001b20       0x40 ./Core/Src1/flash.o
                0x0000000008001b20                FlashPageErase
 .text.FlashProgram
                0x0000000008001b60       0x70 ./Core/Src1/flash.o
                0x0000000008001b60                FlashProgram
 .text.ArhivStoreNote
                0x0000000008001bd0       0x68 ./Core/Src1/flash.o
                0x0000000008001bd0                ArhivStoreNote
 .text.modbus_init
                0x0000000008001c38       0x44 ./Core/Src1/modbus_lpuart.o
                0x0000000008001c38                modbus_init
 .text.Modbus_TO_timer
                0x0000000008001c7c       0x20 ./Core/Src1/modbus_lpuart.o
                0x0000000008001c7c                Modbus_TO_timer
 .text.Modbus_RXNEmpty_Callback
                0x0000000008001c9c       0x44 ./Core/Src1/modbus_lpuart.o
                0x0000000008001c9c                Modbus_RXNEmpty_Callback
 .text.Modbus_TXEmpty_Callback
                0x0000000008001ce0       0x64 ./Core/Src1/modbus_lpuart.o
                0x0000000008001ce0                Modbus_TXEmpty_Callback
 .text.Modbus_LPUART_IRQHandler
                0x0000000008001d44       0x7c ./Core/Src1/modbus_lpuart.o
                0x0000000008001d44                Modbus_LPUART_IRQHandler
 .text.TimeOut_Set_I2C
                0x0000000008001dc0       0x1c ./Core/Src2/ADS1115.o
 .text.TimeOut_Read_I2C
                0x0000000008001ddc       0x34 ./Core/Src2/ADS1115.o
 .text.I2C_ByteSend
                0x0000000008001e10       0x28 ./Core/Src2/ADS1115.o
 .text.ADS_WRITE_REG
                0x0000000008001e38       0x50 ./Core/Src2/ADS1115.o
 .text.ADS_READ_REG
                0x0000000008001e88       0xb0 ./Core/Src2/ADS1115.o
 .text.ADS_Init
                0x0000000008001f38       0x18 ./Core/Src2/ADS1115.o
                0x0000000008001f38                ADS_Init
 .text.ADS_Read_Diff
                0x0000000008001f50       0x60 ./Core/Src2/ADS1115.o
                0x0000000008001f50                ADS_Read_Diff
 .text.ADS_Read_adc
                0x0000000008001fb0       0x3c ./Core/Src2/ADS1115.o
                0x0000000008001fb0                ADS_Read_adc
 .text.ADS_Read_volt
                0x0000000008001fec       0x80 ./Core/Src2/ADS1115.o
                0x0000000008001fec                ADS_Read_volt
 .text.__round  0x000000000800206c       0x24 ./Core/Src2/FilterMiddle.o
 .text.adcFilterMiddleInit
                0x0000000008002090       0x1a ./Core/Src2/FilterMiddle.o
                0x0000000008002090                adcFilterMiddleInit
 .text.adcFilterMiddleRun
                0x00000000080020aa       0xa0 ./Core/Src2/FilterMiddle.o
                0x00000000080020aa                adcFilterMiddleRun
 *fill*         0x000000000800214a        0x2 
 .text.timer_1_128
                0x000000000800214c      0x10c ./Core/Src2/device.o
                0x000000000800214c                timer_1_128
 .text.serviceTimerStart
                0x0000000008002258        0xc ./Core/Src2/device.o
                0x0000000008002258                serviceTimerStart
 .text.serviceTimerStop
                0x0000000008002264       0x40 ./Core/Src2/device.o
                0x0000000008002264                serviceTimerStop
 .text.serviceTimerProc
                0x00000000080022a4       0x20 ./Core/Src2/device.o
                0x00000000080022a4                serviceTimerProc
 .text.dev_set_config_default
                0x00000000080022c4       0x34 ./Core/Src2/device.o
                0x00000000080022c4                dev_set_config_default
 .text.dev_init
                0x00000000080022f8       0x3c ./Core/Src2/device.o
                0x00000000080022f8                dev_init
 .text.dev_proc
                0x0000000008002334       0x78 ./Core/Src2/device.o
                0x0000000008002334                dev_proc
 .text.Adc_Eoc_Callback
                0x00000000080023ac       0x48 ./Core/Src2/device.o
                0x00000000080023ac                Adc_Eoc_Callback
 .text.Adc_read_data
                0x00000000080023f4      0x17c ./Core/Src2/device.o
                0x00000000080023f4                Adc_read_data
 .text.mb_crc   0x0000000008002570       0x3c ./Core/Src2/modbus.o
                0x0000000008002570                mb_crc
 .text.modbusSet
                0x00000000080025ac       0x60 ./Core/Src2/modbus.o
                0x00000000080025ac                modbusSet
 .text.__CMD_PUT_WORD
                0x000000000800260c       0x48 ./Core/Src2/modbus.o
                0x000000000800260c                __CMD_PUT_WORD
 .text.CmdFunc3
                0x0000000008002654       0xd8 ./Core/Src2/modbus.o
                0x0000000008002654                CmdFunc3
 .text.CmdFunc4
                0x000000000800272c       0xb8 ./Core/Src2/modbus.o
                0x000000000800272c                CmdFunc4
 .text.__CMD_SAVE_WORD
                0x00000000080027e4       0x44 ./Core/Src2/modbus.o
                0x00000000080027e4                __CMD_SAVE_WORD
 .text.check_block
                0x0000000008002828       0xc8 ./Core/Src2/modbus.o
                0x0000000008002828                check_block
 .text.modbusCMD
                0x00000000080028f0       0xe4 ./Core/Src2/modbus.o
                0x00000000080028f0                modbusCMD
 .text.CmdFunc6
                0x00000000080029d4       0xf8 ./Core/Src2/modbus.o
                0x00000000080029d4                CmdFunc6
 .text.CmdFunc8
                0x0000000008002acc       0x10 ./Core/Src2/modbus.o
                0x0000000008002acc                CmdFunc8
 .text.CmdFunc12
                0x0000000008002adc       0x54 ./Core/Src2/modbus.o
                0x0000000008002adc                CmdFunc12
 .text.CmdFunc16
                0x0000000008002b30      0x13c ./Core/Src2/modbus.o
                0x0000000008002b30                CmdFunc16
 .text.cmdModbusRTU
                0x0000000008002c6c       0x94 ./Core/Src2/modbus.o
                0x0000000008002c6c                cmdModbusRTU
 .text.mb_proc  0x0000000008002d00       0xa0 ./Core/Src2/modbus.o
                0x0000000008002d00                mb_proc
 .text.Reset_Handler
                0x0000000008002da0       0x50 ./Core/Startup/startup_stm32l031g6ux.o
                0x0000000008002da0                Reset_Handler
 .text.Default_Handler
                0x0000000008002df0        0x2 ./Core/Startup/startup_stm32l031g6ux.o
                0x0000000008002df0                PVD_IRQHandler
                0x0000000008002df0                I2C1_IRQHandler
                0x0000000008002df0                SPI1_IRQHandler
                0x0000000008002df0                EXTI2_3_IRQHandler
                0x0000000008002df0                RTC_IRQHandler
                0x0000000008002df0                DMA1_Channel4_5_6_7_IRQHandler
                0x0000000008002df0                RCC_IRQHandler
                0x0000000008002df0                DMA1_Channel1_IRQHandler
                0x0000000008002df0                Default_Handler
                0x0000000008002df0                EXTI0_1_IRQHandler
                0x0000000008002df0                WWDG_IRQHandler
                0x0000000008002df0                TIM2_IRQHandler
                0x0000000008002df0                DMA1_Channel2_3_IRQHandler
                0x0000000008002df0                FLASH_IRQHandler
 *fill*         0x0000000008002df2        0x2 
 .text.LL_ADC_Init
                0x0000000008002df4       0x34 ./Drivers/STM32L0xx_HAL_Driver/stm32l0xx_ll_adc.o
                0x0000000008002df4                LL_ADC_Init
 .text.LL_ADC_REG_Init
                0x0000000008002e28       0x30 ./Drivers/STM32L0xx_HAL_Driver/stm32l0xx_ll_adc.o
                0x0000000008002e28                LL_ADC_REG_Init
 .text.LL_EXTI_Init
                0x0000000008002e58       0xc8 ./Drivers/STM32L0xx_HAL_Driver/stm32l0xx_ll_exti.o
                0x0000000008002e58                LL_EXTI_Init
 .text.LL_GPIO_Init
                0x0000000008002f20       0xb0 ./Drivers/STM32L0xx_HAL_Driver/stm32l0xx_ll_gpio.o
                0x0000000008002f20                LL_GPIO_Init
 .text.LL_I2C_Init
                0x0000000008002fd0       0x78 ./Drivers/STM32L0xx_HAL_Driver/stm32l0xx_ll_i2c.o
                0x0000000008002fd0                LL_I2C_Init
 .text.LL_LPUART_Init
                0x0000000008003048       0x80 ./Drivers/STM32L0xx_HAL_Driver/stm32l0xx_ll_lpuart.o
                0x0000000008003048                LL_LPUART_Init
 .text.RCC_GetHCLKClockFreq
                0x00000000080030c8       0x1c ./Drivers/STM32L0xx_HAL_Driver/stm32l0xx_ll_rcc.o
 .text.RCC_GetPCLK1ClockFreq
                0x00000000080030e4       0x1c ./Drivers/STM32L0xx_HAL_Driver/stm32l0xx_ll_rcc.o
 .text.RCC_PLL_GetFreqDomain_SYS
                0x0000000008003100       0x50 ./Drivers/STM32L0xx_HAL_Driver/stm32l0xx_ll_rcc.o
 .text.RCC_GetSystemClockFreq
                0x0000000008003150       0x70 ./Drivers/STM32L0xx_HAL_Driver/stm32l0xx_ll_rcc.o
 .text.LL_RCC_GetUSARTClockFreq
                0x00000000080031c0       0x88 ./Drivers/STM32L0xx_HAL_Driver/stm32l0xx_ll_rcc.o
                0x00000000080031c0                LL_RCC_GetUSARTClockFreq
 .text.LL_RCC_GetLPUARTClockFreq
                0x0000000008003248       0x74 ./Drivers/STM32L0xx_HAL_Driver/stm32l0xx_ll_rcc.o
                0x0000000008003248                LL_RCC_GetLPUARTClockFreq
 .text.OC1Config
                0x00000000080032bc       0x34 ./Drivers/STM32L0xx_HAL_Driver/stm32l0xx_ll_tim.o
 .text.OC2Config
                0x00000000080032f0       0x40 ./Drivers/STM32L0xx_HAL_Driver/stm32l0xx_ll_tim.o
 .text.OC3Config
                0x0000000008003330       0x40 ./Drivers/STM32L0xx_HAL_Driver/stm32l0xx_ll_tim.o
 .text.OC4Config
                0x0000000008003370       0x48 ./Drivers/STM32L0xx_HAL_Driver/stm32l0xx_ll_tim.o
 .text.LL_TIM_Init
                0x00000000080033b8       0x5c ./Drivers/STM32L0xx_HAL_Driver/stm32l0xx_ll_tim.o
                0x00000000080033b8                LL_TIM_Init
 .text.LL_TIM_OC_Init
                0x0000000008003414       0x40 ./Drivers/STM32L0xx_HAL_Driver/stm32l0xx_ll_tim.o
                0x0000000008003414                LL_TIM_OC_Init
 .text.LL_USART_Init
                0x0000000008003454       0xb0 ./Drivers/STM32L0xx_HAL_Driver/stm32l0xx_ll_usart.o
                0x0000000008003454                LL_USART_Init
 .text.LL_Init1msTick
                0x0000000008003504       0x20 ./Drivers/STM32L0xx_HAL_Driver/stm32l0xx_ll_utils.o
                0x0000000008003504                LL_Init1msTick
 .text.LL_mDelay
                0x0000000008003524       0x28 ./Drivers/STM32L0xx_HAL_Driver/stm32l0xx_ll_utils.o
                0x0000000008003524                LL_mDelay
 .text.LL_SetSystemCoreClock
                0x000000000800354c        0xc ./Drivers/STM32L0xx_HAL_Driver/stm32l0xx_ll_utils.o
                0x000000000800354c                LL_SetSystemCoreClock
 .text.__errno  0x0000000008003558        0xc d:/st/stm32cubeide_1.7.0/stm32cubeide/plugins/com.st.stm32cube.ide.mcu.externaltools.gnu-tools-for-stm32.10.3-2021.10.win32_1.0.0.202111181127/tools/bin/../lib/gcc/arm-none-eabi/10.3.1/../../../../arm-none-eabi/lib/thumb/v6-m/nofp\libc_nano.a(lib_a-errno.o)
                0x0000000008003558                __errno
 .text.__libc_init_array
                0x0000000008003564       0x48 d:/st/stm32cubeide_1.7.0/stm32cubeide/plugins/com.st.stm32cube.ide.mcu.externaltools.gnu-tools-for-stm32.10.3-2021.10.win32_1.0.0.202111181127/tools/bin/../lib/gcc/arm-none-eabi/10.3.1/../../../../arm-none-eabi/lib/thumb/v6-m/nofp\libc_nano.a(lib_a-init.o)
                0x0000000008003564                __libc_init_array
 .text.memcpy   0x00000000080035ac       0x12 d:/st/stm32cubeide_1.7.0/stm32cubeide/plugins/com.st.stm32cube.ide.mcu.externaltools.gnu-tools-for-stm32.10.3-2021.10.win32_1.0.0.202111181127/tools/bin/../lib/gcc/arm-none-eabi/10.3.1/../../../../arm-none-eabi/lib/thumb/v6-m/nofp\libc_nano.a(lib_a-memcpy-stub.o)
                0x00000000080035ac                memcpy
 .text.memset   0x00000000080035be       0x10 d:/st/stm32cubeide_1.7.0/stm32cubeide/plugins/com.st.stm32cube.ide.mcu.externaltools.gnu-tools-for-stm32.10.3-2021.10.win32_1.0.0.202111181127/tools/bin/../lib/gcc/arm-none-eabi/10.3.1/../../../../arm-none-eabi/lib/thumb/v6-m/nofp\libc_nano.a(lib_a-memset.o)
                0x00000000080035be                memset
 .text._vsnprintf_r
                0x00000000080035ce       0x56 d:/st/stm32cubeide_1.7.0/stm32cubeide/plugins/com.st.stm32cube.ide.mcu.externaltools.gnu-tools-for-stm32.10.3-2021.10.win32_1.0.0.202111181127/tools/bin/../lib/gcc/arm-none-eabi/10.3.1/../../../../arm-none-eabi/lib/thumb/v6-m/nofp\libc_nano.a(lib_a-vsnprintf.o)
                0x00000000080035ce                _vsniprintf_r
                0x00000000080035ce                _vsnprintf_r
 .text.vsnprintf
                0x0000000008003624       0x18 d:/st/stm32cubeide_1.7.0/stm32cubeide/plugins/com.st.stm32cube.ide.mcu.externaltools.gnu-tools-for-stm32.10.3-2021.10.win32_1.0.0.202111181127/tools/bin/../lib/gcc/arm-none-eabi/10.3.1/../../../../arm-none-eabi/lib/thumb/v6-m/nofp\libc_nano.a(lib_a-vsnprintf.o)
                0x0000000008003624                vsniprintf
                0x0000000008003624                vsnprintf
 .text.__ssputs_r
                0x000000000800363c       0xc4 d:/st/stm32cubeide_1.7.0/stm32cubeide/plugins/com.st.stm32cube.ide.mcu.externaltools.gnu-tools-for-stm32.10.3-2021.10.win32_1.0.0.202111181127/tools/bin/../lib/gcc/arm-none-eabi/10.3.1/../../../../arm-none-eabi/lib/thumb/v6-m/nofp\libc_nano.a(lib_a-nano-svfprintf.o)
                0x000000000800363c                __ssputs_r
 .text._svfprintf_r
                0x0000000008003700      0x200 d:/st/stm32cubeide_1.7.0/stm32cubeide/plugins/com.st.stm32cube.ide.mcu.externaltools.gnu-tools-for-stm32.10.3-2021.10.win32_1.0.0.202111181127/tools/bin/../lib/gcc/arm-none-eabi/10.3.1/../../../../arm-none-eabi/lib/thumb/v6-m/nofp\libc_nano.a(lib_a-nano-svfprintf.o)
                0x0000000008003700                _svfiprintf_r
                0x0000000008003700                _svfprintf_r
 .text._printf_common
                0x0000000008003900       0xde d:/st/stm32cubeide_1.7.0/stm32cubeide/plugins/com.st.stm32cube.ide.mcu.externaltools.gnu-tools-for-stm32.10.3-2021.10.win32_1.0.0.202111181127/tools/bin/../lib/gcc/arm-none-eabi/10.3.1/../../../../arm-none-eabi/lib/thumb/v6-m/nofp\libc_nano.a(lib_a-nano-vfprintf_i.o)
                0x0000000008003900                _printf_common
 *fill*         0x00000000080039de        0x2 
 .text._printf_i
                0x00000000080039e0      0x224 d:/st/stm32cubeide_1.7.0/stm32cubeide/plugins/com.st.stm32cube.ide.mcu.externaltools.gnu-tools-for-stm32.10.3-2021.10.win32_1.0.0.202111181127/tools/bin/../lib/gcc/arm-none-eabi/10.3.1/../../../../arm-none-eabi/lib/thumb/v6-m/nofp\libc_nano.a(lib_a-nano-vfprintf_i.o)
                0x00000000080039e0                _printf_i
 .text.memchr   0x0000000008003c04       0x16 d:/st/stm32cubeide_1.7.0/stm32cubeide/plugins/com.st.stm32cube.ide.mcu.externaltools.gnu-tools-for-stm32.10.3-2021.10.win32_1.0.0.202111181127/tools/bin/../lib/gcc/arm-none-eabi/10.3.1/../../../../arm-none-eabi/lib/thumb/v6-m/nofp\libc_nano.a(lib_a-memchr-stub.o)
                0x0000000008003c04                memchr
 .text.memmove  0x0000000008003c1a       0x26 d:/st/stm32cubeide_1.7.0/stm32cubeide/plugins/com.st.stm32cube.ide.mcu.externaltools.gnu-tools-for-stm32.10.3-2021.10.win32_1.0.0.202111181127/tools/bin/../lib/gcc/arm-none-eabi/10.3.1/../../../../arm-none-eabi/lib/thumb/v6-m/nofp\libc_nano.a(lib_a-memmove.o)
                0x0000000008003c1a                memmove
 .text._free_r  0x0000000008003c40       0x94 d:/st/stm32cubeide_1.7.0/stm32cubeide/plugins/com.st.stm32cube.ide.mcu.externaltools.gnu-tools-for-stm32.10.3-2021.10.win32_1.0.0.202111181127/tools/bin/../lib/gcc/arm-none-eabi/10.3.1/../../../../arm-none-eabi/lib/thumb/v6-m/nofp\libc_nano.a(lib_a-nano-freer.o)
                0x0000000008003c40                _free_r
 .text.sbrk_aligned
                0x0000000008003cd4       0x44 d:/st/stm32cubeide_1.7.0/stm32cubeide/plugins/com.st.stm32cube.ide.mcu.externaltools.gnu-tools-for-stm32.10.3-2021.10.win32_1.0.0.202111181127/tools/bin/../lib/gcc/arm-none-eabi/10.3.1/../../../../arm-none-eabi/lib/thumb/v6-m/nofp\libc_nano.a(lib_a-nano-mallocr.o)
 .text._malloc_r
                0x0000000008003d18       0xec d:/st/stm32cubeide_1.7.0/stm32cubeide/plugins/com.st.stm32cube.ide.mcu.externaltools.gnu-tools-for-stm32.10.3-2021.10.win32_1.0.0.202111181127/tools/bin/../lib/gcc/arm-none-eabi/10.3.1/../../../../arm-none-eabi/lib/thumb/v6-m/nofp\libc_nano.a(lib_a-nano-mallocr.o)
                0x0000000008003d18                _malloc_r
 .text._realloc_r
                0x0000000008003e04       0x5e d:/st/stm32cubeide_1.7.0/stm32cubeide/plugins/com.st.stm32cube.ide.mcu.externaltools.gnu-tools-for-stm32.10.3-2021.10.win32_1.0.0.202111181127/tools/bin/../lib/gcc/arm-none-eabi/10.3.1/../../../../arm-none-eabi/lib/thumb/v6-m/nofp\libc_nano.a(lib_a-nano-reallocr.o)
                0x0000000008003e04                _realloc_r
 *fill*         0x0000000008003e62        0x2 
 .text._sbrk_r  0x0000000008003e64       0x24 d:/st/stm32cubeide_1.7.0/stm32cubeide/plugins/com.st.stm32cube.ide.mcu.externaltools.gnu-tools-for-stm32.10.3-2021.10.win32_1.0.0.202111181127/tools/bin/../lib/gcc/arm-none-eabi/10.3.1/../../../../arm-none-eabi/lib/thumb/v6-m/nofp\libc_nano.a(lib_a-sbrkr.o)
                0x0000000008003e64                _sbrk_r
 .text.__malloc_lock
                0x0000000008003e88       0x10 d:/st/stm32cubeide_1.7.0/stm32cubeide/plugins/com.st.stm32cube.ide.mcu.externaltools.gnu-tools-for-stm32.10.3-2021.10.win32_1.0.0.202111181127/tools/bin/../lib/gcc/arm-none-eabi/10.3.1/../../../../arm-none-eabi/lib/thumb/v6-m/nofp\libc_nano.a(lib_a-mlock.o)
                0x0000000008003e88                __malloc_lock
 .text.__malloc_unlock
                0x0000000008003e98       0x10 d:/st/stm32cubeide_1.7.0/stm32cubeide/plugins/com.st.stm32cube.ide.mcu.externaltools.gnu-tools-for-stm32.10.3-2021.10.win32_1.0.0.202111181127/tools/bin/../lib/gcc/arm-none-eabi/10.3.1/../../../../arm-none-eabi/lib/thumb/v6-m/nofp\libc_nano.a(lib_a-mlock.o)
                0x0000000008003e98                __malloc_unlock
 .text._malloc_usable_size_r
                0x0000000008003ea8       0x10 d:/st/stm32cubeide_1.7.0/stm32cubeide/plugins/com.st.stm32cube.ide.mcu.externaltools.gnu-tools-for-stm32.10.3-2021.10.win32_1.0.0.202111181127/tools/bin/../lib/gcc/arm-none-eabi/10.3.1/../../../../arm-none-eabi/lib/thumb/v6-m/nofp\libc_nano.a(lib_a-nano-msizer.o)
                0x0000000008003ea8                _malloc_usable_size_r
 .text.__retarget_lock_acquire_recursive
                0x0000000008003eb8        0x2 d:/st/stm32cubeide_1.7.0/stm32cubeide/plugins/com.st.stm32cube.ide.mcu.externaltools.gnu-tools-for-stm32.10.3-2021.10.win32_1.0.0.202111181127/tools/bin/../lib/gcc/arm-none-eabi/10.3.1/../../../../arm-none-eabi/lib/thumb/v6-m/nofp\libc_nano.a(lib_a-lock.o)
                0x0000000008003eb8                __retarget_lock_acquire_recursive
 .text.__retarget_lock_release_recursive
                0x0000000008003eba        0x2 d:/st/stm32cubeide_1.7.0/stm32cubeide/plugins/com.st.stm32cube.ide.mcu.externaltools.gnu-tools-for-stm32.10.3-2021.10.win32_1.0.0.202111181127/tools/bin/../lib/gcc/arm-none-eabi/10.3.1/../../../../arm-none-eabi/lib/thumb/v6-m/nofp\libc_nano.a(lib_a-lock.o)
                0x0000000008003eba                __retarget_lock_release_recursive
 *(.glue_7)
 .glue_7        0x0000000008003ebc        0x0 linker stubs
 *(.glue_7t)
 .glue_7t       0x0000000008003ebc        0x0 linker stubs
 *(.eh_frame)
 .eh_frame      0x0000000008003ebc        0x0 d:/st/stm32cubeide_1.7.0/stm32cubeide/plugins/com.st.stm32cube.ide.mcu.externaltools.gnu-tools-for-stm32.10.3-2021.10.win32_1.0.0.202111181127/tools/bin/../lib/gcc/arm-none-eabi/10.3.1/thumb/v6-m/nofp/crtbegin.o
 *(.init)
 .init          0x0000000008003ebc        0x4 d:/st/stm32cubeide_1.7.0/stm32cubeide/plugins/com.st.stm32cube.ide.mcu.externaltools.gnu-tools-for-stm32.10.3-2021.10.win32_1.0.0.202111181127/tools/bin/../lib/gcc/arm-none-eabi/10.3.1/thumb/v6-m/nofp/crti.o
                0x0000000008003ebc                _init
 .init          0x0000000008003ec0        0x8 d:/st/stm32cubeide_1.7.0/stm32cubeide/plugins/com.st.stm32cube.ide.mcu.externaltools.gnu-tools-for-stm32.10.3-2021.10.win32_1.0.0.202111181127/tools/bin/../lib/gcc/arm-none-eabi/10.3.1/thumb/v6-m/nofp/crtn.o
 *(.fini)
 .fini          0x0000000008003ec8        0x4 d:/st/stm32cubeide_1.7.0/stm32cubeide/plugins/com.st.stm32cube.ide.mcu.externaltools.gnu-tools-for-stm32.10.3-2021.10.win32_1.0.0.202111181127/tools/bin/../lib/gcc/arm-none-eabi/10.3.1/thumb/v6-m/nofp/crti.o
                0x0000000008003ec8                _fini
 .fini          0x0000000008003ecc        0x8 d:/st/stm32cubeide_1.7.0/stm32cubeide/plugins/com.st.stm32cube.ide.mcu.externaltools.gnu-tools-for-stm32.10.3-2021.10.win32_1.0.0.202111181127/tools/bin/../lib/gcc/arm-none-eabi/10.3.1/thumb/v6-m/nofp/crtn.o
                0x0000000008003ed4                . = ALIGN (0x4)
                0x0000000008003ed4                _etext = .

.vfp11_veneer   0x0000000008003ed4        0x0
 .vfp11_veneer  0x0000000008003ed4        0x0 linker stubs

.v4_bx          0x0000000008003ed4        0x0
 .v4_bx         0x0000000008003ed4        0x0 linker stubs

.iplt           0x0000000008003ed4        0x0
 .iplt          0x0000000008003ed4        0x0 d:/st/stm32cubeide_1.7.0/stm32cubeide/plugins/com.st.stm32cube.ide.mcu.externaltools.gnu-tools-for-stm32.10.3-2021.10.win32_1.0.0.202111181127/tools/bin/../lib/gcc/arm-none-eabi/10.3.1/thumb/v6-m/nofp/crtbegin.o

.rodata         0x0000000008003ed4      0x680
                0x0000000008003ed4                . = ALIGN (0x4)
 *(.rodata)
 *(.rodata*)
 .rodata.printUID.str1.4
                0x0000000008003ed4       0x1b ./Core/Src/main.o
 *fill*         0x0000000008003eef        0x1 
 .rodata.main.str1.4
                0x0000000008003ef0       0x1b ./Core/Src/main.o
 *fill*         0x0000000008003f0b        0x1 
 .rodata.AHBPrescTable
                0x0000000008003f0c       0x10 ./Core/Src/system_stm32l0xx.o
                0x0000000008003f0c                AHBPrescTable
 .rodata.APBPrescTable
                0x0000000008003f1c        0x8 ./Core/Src/system_stm32l0xx.o
                0x0000000008003f1c                APBPrescTable
 .rodata.PLLMulTable
                0x0000000008003f24        0x9 ./Core/Src/system_stm32l0xx.o
                0x0000000008003f24                PLLMulTable
 *fill*         0x0000000008003f2d        0x3 
 .rodata.eeprom_config_write.str1.4
                0x0000000008003f30        0xd ./Core/Src1/eeprom.o
                                         0x11 (size before relaxing)
 *fill*         0x0000000008003f3d        0x3 
 .rodata.factory_config_write.str1.4
                0x0000000008003f40       0x17 ./Core/Src1/eeprom.o
 *fill*         0x0000000008003f57        0x1 
 .rodata.factory_config_read.str1.4
                0x0000000008003f58       0x23 ./Core/Src1/eeprom.o
 *fill*         0x0000000008003f7b        0x1 
 .rodata.read_config_from_eeprom.str1.4
                0x0000000008003f7c       0x24 ./Core/Src1/eeprom.o
 .rodata.modbusCMD.str1.4
                0x0000000008003fa0       0x1d ./Core/Src2/modbus.o
 *fill*         0x0000000008003fbd        0x3 
 .rodata.CmdFunc6.str1.4
                0x0000000008003fc0       0x3a ./Core/Src2/modbus.o
 *fill*         0x0000000008003ffa        0x2 
 .rodata.CmdFunc16.str1.4
                0x0000000008003ffc       0x35 ./Core/Src2/modbus.o
 *fill*         0x0000000008004031        0x3 
 .rodata.cmdModbusRTU.str1.4
                0x0000000008004034       0x1c ./Core/Src2/modbus.o
 .rodata.cmdModbusRTU
                0x0000000008004050       0x38 ./Core/Src2/modbus.o
 .rodata.reg_x03
                0x0000000008004088      0x3d0 ./Core/Src2/modbus.o
                0x0000000008004088                reg_x03
 .rodata.reg_x04
                0x0000000008004458       0xc8 ./Core/Src2/modbus.o
                0x0000000008004458                reg_x04
 .rodata._svfprintf_r.str1.1
                0x0000000008004520       0x11 d:/st/stm32cubeide_1.7.0/stm32cubeide/plugins/com.st.stm32cube.ide.mcu.externaltools.gnu-tools-for-stm32.10.3-2021.10.win32_1.0.0.202111181127/tools/bin/../lib/gcc/arm-none-eabi/10.3.1/../../../../arm-none-eabi/lib/thumb/v6-m/nofp\libc_nano.a(lib_a-nano-svfprintf.o)
 .rodata._printf_i.str1.1
                0x0000000008004531       0x22 d:/st/stm32cubeide_1.7.0/stm32cubeide/plugins/com.st.stm32cube.ide.mcu.externaltools.gnu-tools-for-stm32.10.3-2021.10.win32_1.0.0.202111181127/tools/bin/../lib/gcc/arm-none-eabi/10.3.1/../../../../arm-none-eabi/lib/thumb/v6-m/nofp\libc_nano.a(lib_a-nano-vfprintf_i.o)
                0x0000000008004554                . = ALIGN (0x4)
 *fill*         0x0000000008004553        0x1 

.ARM.extab      0x0000000008004554        0x0
                0x0000000008004554                . = ALIGN (0x4)
 *(.ARM.extab* .gnu.linkonce.armextab.*)
                0x0000000008004554                . = ALIGN (0x4)

.ARM            0x0000000008004554        0x8
                0x0000000008004554                . = ALIGN (0x4)
                0x0000000008004554                __exidx_start = .
 *(.ARM.exidx*)
 .ARM.exidx     0x0000000008004554        0x8 d:/st/stm32cubeide_1.7.0/stm32cubeide/plugins/com.st.stm32cube.ide.mcu.externaltools.gnu-tools-for-stm32.10.3-2021.10.win32_1.0.0.202111181127/tools/bin/../lib/gcc/arm-none-eabi/10.3.1/thumb/v6-m/nofp\libgcc.a(_udivmoddi4.o)
                0x000000000800455c                __exidx_end = .
                0x000000000800455c                . = ALIGN (0x4)

.rel.dyn        0x000000000800455c        0x0
 .rel.iplt      0x000000000800455c        0x0 d:/st/stm32cubeide_1.7.0/stm32cubeide/plugins/com.st.stm32cube.ide.mcu.externaltools.gnu-tools-for-stm32.10.3-2021.10.win32_1.0.0.202111181127/tools/bin/../lib/gcc/arm-none-eabi/10.3.1/thumb/v6-m/nofp/crtbegin.o

.preinit_array  0x000000000800455c        0x0
                0x000000000800455c                . = ALIGN (0x4)
                0x000000000800455c                PROVIDE (__preinit_array_start = .)
 *(.preinit_array*)
                0x000000000800455c                PROVIDE (__preinit_array_end = .)
                0x000000000800455c                . = ALIGN (0x4)

.init_array     0x000000000800455c        0x4
                0x000000000800455c                . = ALIGN (0x4)
                0x000000000800455c                PROVIDE (__init_array_start = .)
 *(SORT_BY_NAME(.init_array.*))
 *(.init_array*)
 .init_array    0x000000000800455c        0x4 d:/st/stm32cubeide_1.7.0/stm32cubeide/plugins/com.st.stm32cube.ide.mcu.externaltools.gnu-tools-for-stm32.10.3-2021.10.win32_1.0.0.202111181127/tools/bin/../lib/gcc/arm-none-eabi/10.3.1/thumb/v6-m/nofp/crtbegin.o
                0x0000000008004560                PROVIDE (__init_array_end = .)
                0x0000000008004560                . = ALIGN (0x4)

.fini_array     0x0000000008004560        0x4
                0x0000000008004560                . = ALIGN (0x4)
                [!provide]                        PROVIDE (__fini_array_start = .)
 *(SORT_BY_NAME(.fini_array.*))
 *(.fini_array*)
 .fini_array    0x0000000008004560        0x4 d:/st/stm32cubeide_1.7.0/stm32cubeide/plugins/com.st.stm32cube.ide.mcu.externaltools.gnu-tools-for-stm32.10.3-2021.10.win32_1.0.0.202111181127/tools/bin/../lib/gcc/arm-none-eabi/10.3.1/thumb/v6-m/nofp/crtbegin.o
                [!provide]                        PROVIDE (__fini_array_end = .)
                0x0000000008004564                . = ALIGN (0x4)
                0x0000000008004564                _sidata = LOADADDR (.data)

.data           0x0000000020000000       0x88 load address 0x0000000008004564
                0x0000000020000000                . = ALIGN (0x4)
                0x0000000020000000                _sdata = .
 *(.data)
 *(.data*)
 .data.date     0x0000000020000000        0xd ./Core/Src/main.o
                0x0000000020000000                date
 *fill*         0x000000002000000d        0x3 
 .data.time     0x0000000020000010        0x9 ./Core/Src/main.o
                0x0000000020000010                time
 *fill*         0x0000000020000019        0x3 
 .data.SystemCoreClock
                0x000000002000001c        0x4 ./Core/Src/system_stm32l0xx.o
                0x000000002000001c                SystemCoreClock
 .data.ADC_in_RefVoltage
                0x0000000020000020        0x4 ./Core/Src2/device.o
                0x0000000020000020                ADC_in_RefVoltage
 .data._impure_ptr
                0x0000000020000024        0x4 d:/st/stm32cubeide_1.7.0/stm32cubeide/plugins/com.st.stm32cube.ide.mcu.externaltools.gnu-tools-for-stm32.10.3-2021.10.win32_1.0.0.202111181127/tools/bin/../lib/gcc/arm-none-eabi/10.3.1/../../../../arm-none-eabi/lib/thumb/v6-m/nofp\libc_nano.a(lib_a-impure.o)
                0x0000000020000024                _impure_ptr
 .data.impure_data
                0x0000000020000028       0x60 d:/st/stm32cubeide_1.7.0/stm32cubeide/plugins/com.st.stm32cube.ide.mcu.externaltools.gnu-tools-for-stm32.10.3-2021.10.win32_1.0.0.202111181127/tools/bin/../lib/gcc/arm-none-eabi/10.3.1/../../../../arm-none-eabi/lib/thumb/v6-m/nofp\libc_nano.a(lib_a-impure.o)
 *(.RamFunc)
 *(.RamFunc*)
                0x0000000020000088                . = ALIGN (0x4)
                0x0000000020000088                _edata = .

.igot.plt       0x0000000020000088        0x0 load address 0x00000000080045ec
 .igot.plt      0x0000000020000088        0x0 d:/st/stm32cubeide_1.7.0/stm32cubeide/plugins/com.st.stm32cube.ide.mcu.externaltools.gnu-tools-for-stm32.10.3-2021.10.win32_1.0.0.202111181127/tools/bin/../lib/gcc/arm-none-eabi/10.3.1/thumb/v6-m/nofp/crtbegin.o
                0x0000000020000088                . = ALIGN (0x4)

.bss            0x0000000020000088      0x50c load address 0x00000000080045ec
                0x0000000020000088                _sbss = .
                0x0000000020000088                __bss_start__ = _sbss
 *(.bss)
 .bss           0x0000000020000088       0x1c d:/st/stm32cubeide_1.7.0/stm32cubeide/plugins/com.st.stm32cube.ide.mcu.externaltools.gnu-tools-for-stm32.10.3-2021.10.win32_1.0.0.202111181127/tools/bin/../lib/gcc/arm-none-eabi/10.3.1/thumb/v6-m/nofp/crtbegin.o
 *(.bss*)
 .bss.__sbrk_heap_end
                0x00000000200000a4        0x4 ./Core/Src/sysmem.o
 .bss.arh       0x00000000200000a8        0xc ./Core/Src1/arhiv.o
                0x00000000200000a8                arh
 .bss.dbg_cmd   0x00000000200000b4        0x1 ./Core/Src1/debug.o
                0x00000000200000b4                dbg_cmd
 *fill*         0x00000000200000b5        0x3 
 .bss.dbg_ring_buff_tx
                0x00000000200000b8        0xc ./Core/Src1/debug.o
                0x00000000200000b8                dbg_ring_buff_tx
 .bss.tx_buffer
                0x00000000200000c4      0x100 ./Core/Src1/debug.o
                0x00000000200000c4                tx_buffer
 .bss.nConfigBank
                0x00000000200001c4        0x1 ./Core/Src1/eeprom.o
                0x00000000200001c4                nConfigBank
 .bss.f_mbs_packet_rcv
                0x00000000200001c5        0x1 ./Core/Src1/modbus_lpuart.o
                0x00000000200001c5                f_mbs_packet_rcv
 *fill*         0x00000000200001c6        0x2 
 .bss.mbs_pkt_rx
                0x00000000200001c8      0x100 ./Core/Src1/modbus_lpuart.o
                0x00000000200001c8                mbs_pkt_rx
 .bss.mbs_pkt_tx
                0x00000000200002c8      0x100 ./Core/Src1/modbus_lpuart.o
                0x00000000200002c8                mbs_pkt_tx
 .bss.mbs_rx_cnt
                0x00000000200003c8        0x2 ./Core/Src1/modbus_lpuart.o
                0x00000000200003c8                mbs_rx_cnt
 .bss.mbs_rx_pkt_len
                0x00000000200003ca        0x2 ./Core/Src1/modbus_lpuart.o
                0x00000000200003ca                mbs_rx_pkt_len
 .bss.mbs_tx_cnt
                0x00000000200003cc        0x2 ./Core/Src1/modbus_lpuart.o
                0x00000000200003cc                mbs_tx_cnt
 .bss.mbs_tx_len
                0x00000000200003ce        0x2 ./Core/Src1/modbus_lpuart.o
                0x00000000200003ce                mbs_tx_len
 .bss.ADS_Result
                0x00000000200003d0        0x4 ./Core/Src2/ADS1115.o
 .bss.TimeOutCnt
                0x00000000200003d4        0x4 ./Core/Src2/ADS1115.o
 .bss.TimeOutDelay
                0x00000000200003d8        0x4 ./Core/Src2/ADS1115.o
 .bss.config_ads
                0x00000000200003dc        0x2 ./Core/Src2/ADS1115.o
 *fill*         0x00000000200003de        0x2 
 .bss.stFilterSensor
                0x00000000200003e0       0x1c ./Core/Src2/FilterMiddle.o
                0x00000000200003e0                stFilterSensor
 .bss.TimerRxMipex
                0x00000000200003fc        0x2 ./Core/Src2/Mipex_command.o
                0x00000000200003fc                TimerRxMipex
 *fill*         0x00000000200003fe        0x2 
 .bss.ADC_in    0x0000000020000400        0x6 ./Core/Src2/device.o
                0x0000000020000400                ADC_in
 .bss.ADC_in_Celsius
                0x0000000020000406        0x2 ./Core/Src2/device.o
                0x0000000020000406                ADC_in_Celsius
 .bss.ADC_result
                0x0000000020000408        0x4 ./Core/Src2/device.o
 .bss.CntCalibFid
                0x000000002000040c        0x2 ./Core/Src2/device.o
                0x000000002000040c                CntCalibFid
 .bss.CntPeriodFid
                0x000000002000040e        0x2 ./Core/Src2/device.o
                0x000000002000040e                CntPeriodFid
 .bss.CntReadFid
                0x0000000020000410        0x2 ./Core/Src2/device.o
                0x0000000020000410                CntReadFid
 *fill*         0x0000000020000412        0x2 
 .bss.CntSec    0x0000000020000414        0x4 ./Core/Src2/device.o
                0x0000000020000414                CntSec
 .bss.CntTo250ms
                0x0000000020000418        0x1 ./Core/Src2/device.o
                0x0000000020000418                CntTo250ms
 .bss.CntTo500ms
                0x0000000020000419        0x1 ./Core/Src2/device.o
                0x0000000020000419                CntTo500ms
 .bss.CntToSec  0x000000002000041a        0x1 ./Core/Src2/device.o
                0x000000002000041a                CntToSec
 *fill*         0x000000002000041b        0x1 
 .bss.Cnt_1_128
                0x000000002000041c        0x4 ./Core/Src2/device.o
 .bss.HourTimer
                0x0000000020000420        0x4 ./Core/Src2/device.o
                0x0000000020000420                HourTimer
 .bss.adc_cnt   0x0000000020000424        0x1 ./Core/Src2/device.o
                0x0000000020000424                adc_cnt
 *fill*         0x0000000020000425        0x3 
 .bss.count_ADC_result
                0x0000000020000428        0x4 ./Core/Src2/device.o
 .bss.dev       0x000000002000042c      0x130 ./Core/Src2/device.o
                0x000000002000042c                dev
 .bss.f_AdcCycleEnd
                0x000000002000055c        0x1 ./Core/Src2/device.o
                0x000000002000055c                f_AdcCycleEnd
 .bss.f_AdcDataBad
                0x000000002000055d        0x1 ./Core/Src2/device.o
                0x000000002000055d                f_AdcDataBad
 .bss.f_PeriodFid
                0x000000002000055e        0x1 ./Core/Src2/device.o
                0x000000002000055e                f_PeriodFid
 .bss.f_ReadFid
                0x000000002000055f        0x1 ./Core/Src2/device.o
                0x000000002000055f                f_ReadFid
 .bss.f_Time250ms
                0x0000000020000560        0x1 ./Core/Src2/device.o
                0x0000000020000560                f_Time250ms
 .bss.f_Time500ms
                0x0000000020000561        0x1 ./Core/Src2/device.o
                0x0000000020000561                f_Time500ms
 .bss.f_TimeCalibFid
                0x0000000020000562        0x1 ./Core/Src2/device.o
                0x0000000020000562                f_TimeCalibFid
 .bss.f_TimeCalibFidStart
                0x0000000020000563        0x1 ./Core/Src2/device.o
                0x0000000020000563                f_TimeCalibFidStart
 .bss.serviceTimer
                0x0000000020000564        0x2 ./Core/Src2/device.o
                0x0000000020000564                serviceTimer
 .bss.AccessCode
                0x0000000020000566        0x2 ./Core/Src2/modbus.o
                0x0000000020000566                AccessCode
 .bss.AccessData
                0x0000000020000568        0x2 ./Core/Src2/modbus.o
                0x0000000020000568                AccessData
 .bss.Address   0x000000002000056a        0x2 ./Core/Src2/modbus.o
 .bss.AnswerLen
                0x000000002000056c        0x1 ./Core/Src2/modbus.o
 *fill*         0x000000002000056d        0x1 
 .bss.Count     0x000000002000056e        0x2 ./Core/Src2/modbus.o
 .bss.CountByte
                0x0000000020000570        0x4 ./Core/Src2/modbus.o
 .bss.Reserv    0x0000000020000574        0x2 ./Core/Src2/modbus.o
                0x0000000020000574                Reserv
 .bss.Save      0x0000000020000576        0x1 ./Core/Src2/modbus.o
 *fill*         0x0000000020000577        0x1 
 .bss.Value     0x0000000020000578        0x4 ./Core/Src2/modbus.o
 .bss.mbHoldDevStatus
                0x000000002000057c        0x2 ./Core/Src2/modbus.o
                0x000000002000057c                mbHoldDevStatus
 .bss.mbServiceMode
                0x000000002000057e        0x1 ./Core/Src2/modbus.o
                0x000000002000057e                mbServiceMode
 .bss.mbUnlock  0x000000002000057f        0x1 ./Core/Src2/modbus.o
                0x000000002000057f                mbUnlock
 .bss.wModeCalib
                0x0000000020000580        0x2 ./Core/Src2/modbus.o
 *fill*         0x0000000020000582        0x2 
 .bss.__malloc_free_list
                0x0000000020000584        0x4 d:/st/stm32cubeide_1.7.0/stm32cubeide/plugins/com.st.stm32cube.ide.mcu.externaltools.gnu-tools-for-stm32.10.3-2021.10.win32_1.0.0.202111181127/tools/bin/../lib/gcc/arm-none-eabi/10.3.1/../../../../arm-none-eabi/lib/thumb/v6-m/nofp\libc_nano.a(lib_a-nano-mallocr.o)
                0x0000000020000584                __malloc_free_list
 .bss.__malloc_sbrk_start
                0x0000000020000588        0x4 d:/st/stm32cubeide_1.7.0/stm32cubeide/plugins/com.st.stm32cube.ide.mcu.externaltools.gnu-tools-for-stm32.10.3-2021.10.win32_1.0.0.202111181127/tools/bin/../lib/gcc/arm-none-eabi/10.3.1/../../../../arm-none-eabi/lib/thumb/v6-m/nofp\libc_nano.a(lib_a-nano-mallocr.o)
                0x0000000020000588                __malloc_sbrk_start
 .bss.errno     0x000000002000058c        0x4 d:/st/stm32cubeide_1.7.0/stm32cubeide/plugins/com.st.stm32cube.ide.mcu.externaltools.gnu-tools-for-stm32.10.3-2021.10.win32_1.0.0.202111181127/tools/bin/../lib/gcc/arm-none-eabi/10.3.1/../../../../arm-none-eabi/lib/thumb/v6-m/nofp\libc_nano.a(lib_a-reent.o)
                0x000000002000058c                errno
 .bss.__lock___malloc_recursive_mutex
                0x0000000020000590        0x1 d:/st/stm32cubeide_1.7.0/stm32cubeide/plugins/com.st.stm32cube.ide.mcu.externaltools.gnu-tools-for-stm32.10.3-2021.10.win32_1.0.0.202111181127/tools/bin/../lib/gcc/arm-none-eabi/10.3.1/../../../../arm-none-eabi/lib/thumb/v6-m/nofp\libc_nano.a(lib_a-lock.o)
                0x0000000020000590                __lock___malloc_recursive_mutex
 *(COMMON)
                0x0000000020000594                . = ALIGN (0x4)
 *fill*         0x0000000020000591        0x3 
                0x0000000020000594                _ebss = .
                0x0000000020000594                __bss_end__ = _ebss

._user_heap_stack
                0x0000000020000594      0x604 load address 0x00000000080045ec
                0x0000000020000598                . = ALIGN (0x8)
 *fill*         0x0000000020000594        0x4 
                [!provide]                        PROVIDE (end = .)
                0x0000000020000598                PROVIDE (_end = .)
                0x0000000020000798                . = (. + _Min_Heap_Size)
 *fill*         0x0000000020000598      0x200 
                0x0000000020000b98                . = (. + _Min_Stack_Size)
 *fill*         0x0000000020000798      0x400 
                0x0000000020000b98                . = ALIGN (0x8)

/DISCARD/
 libc.a(*)
 libm.a(*)
 libgcc.a(*)

.ARM.attributes
                0x0000000000000000       0x28
 *(.ARM.attributes)
 .ARM.attributes
                0x0000000000000000       0x1e d:/st/stm32cubeide_1.7.0/stm32cubeide/plugins/com.st.stm32cube.ide.mcu.externaltools.gnu-tools-for-stm32.10.3-2021.10.win32_1.0.0.202111181127/tools/bin/../lib/gcc/arm-none-eabi/10.3.1/thumb/v6-m/nofp/crti.o
 .ARM.attributes
                0x000000000000001e       0x2c d:/st/stm32cubeide_1.7.0/stm32cubeide/plugins/com.st.stm32cube.ide.mcu.externaltools.gnu-tools-for-stm32.10.3-2021.10.win32_1.0.0.202111181127/tools/bin/../lib/gcc/arm-none-eabi/10.3.1/thumb/v6-m/nofp/crtbegin.o
 .ARM.attributes
                0x000000000000004a       0x2c ./Core/Src/adc.o
 .ARM.attributes
                0x0000000000000076       0x2c ./Core/Src/crc.o
 .ARM.attributes
                0x00000000000000a2       0x2c ./Core/Src/gpio.o
 .ARM.attributes
                0x00000000000000ce       0x2c ./Core/Src/i2c.o
 .ARM.attributes
                0x00000000000000fa       0x2c ./Core/Src/lptim.o
 .ARM.attributes
                0x0000000000000126       0x2c ./Core/Src/main.o
 .ARM.attributes
                0x0000000000000152       0x2c ./Core/Src/stm32l0xx_it.o
 .ARM.attributes
                0x000000000000017e       0x2c ./Core/Src/sysmem.o
 .ARM.attributes
                0x00000000000001aa       0x2c ./Core/Src/system_stm32l0xx.o
 .ARM.attributes
                0x00000000000001d6       0x2c ./Core/Src/tim.o
 .ARM.attributes
                0x0000000000000202       0x2c ./Core/Src/usart.o
 .ARM.attributes
                0x000000000000022e       0x2c ./Core/Src1/arhiv.o
 .ARM.attributes
                0x000000000000025a       0x2c ./Core/Src1/calculations.o
 .ARM.attributes
                0x0000000000000286       0x2c ./Core/Src1/debug.o
 .ARM.attributes
                0x00000000000002b2       0x2c ./Core/Src1/eeprom.o
 .ARM.attributes
                0x00000000000002de       0x2c ./Core/Src1/flash.o
 .ARM.attributes
                0x000000000000030a       0x2c ./Core/Src1/modbus_lpuart.o
 .ARM.attributes
                0x0000000000000336       0x2c ./Core/Src2/ADS1115.o
 .ARM.attributes
                0x0000000000000362       0x2c ./Core/Src2/FilterMiddle.o
 .ARM.attributes
                0x000000000000038e       0x2c ./Core/Src2/Mipex_command.o
 .ARM.attributes
                0x00000000000003ba       0x2c ./Core/Src2/device.o
 .ARM.attributes
                0x00000000000003e6       0x2c ./Core/Src2/modbus.o
 .ARM.attributes
                0x0000000000000412       0x22 ./Core/Startup/startup_stm32l031g6ux.o
 .ARM.attributes
                0x0000000000000434       0x2c ./Drivers/STM32L0xx_HAL_Driver/stm32l0xx_ll_adc.o
 .ARM.attributes
                0x0000000000000460       0x2c ./Drivers/STM32L0xx_HAL_Driver/stm32l0xx_ll_exti.o
 .ARM.attributes
                0x000000000000048c       0x2c ./Drivers/STM32L0xx_HAL_Driver/stm32l0xx_ll_gpio.o
 .ARM.attributes
                0x00000000000004b8       0x2c ./Drivers/STM32L0xx_HAL_Driver/stm32l0xx_ll_i2c.o
 .ARM.attributes
                0x00000000000004e4       0x2c ./Drivers/STM32L0xx_HAL_Driver/stm32l0xx_ll_lpuart.o
 .ARM.attributes
                0x0000000000000510       0x2c ./Drivers/STM32L0xx_HAL_Driver/stm32l0xx_ll_rcc.o
 .ARM.attributes
                0x000000000000053c       0x2c ./Drivers/STM32L0xx_HAL_Driver/stm32l0xx_ll_tim.o
 .ARM.attributes
                0x0000000000000568       0x2c ./Drivers/STM32L0xx_HAL_Driver/stm32l0xx_ll_usart.o
 .ARM.attributes
                0x0000000000000594       0x2c ./Drivers/STM32L0xx_HAL_Driver/stm32l0xx_ll_utils.o
 .ARM.attributes
                0x00000000000005c0       0x2c d:/st/stm32cubeide_1.7.0/stm32cubeide/plugins/com.st.stm32cube.ide.mcu.externaltools.gnu-tools-for-stm32.10.3-2021.10.win32_1.0.0.202111181127/tools/bin/../lib/gcc/arm-none-eabi/10.3.1/../../../../arm-none-eabi/lib/thumb/v6-m/nofp\libc_nano.a(lib_a-errno.o)
 .ARM.attributes
                0x00000000000005ec       0x2c d:/st/stm32cubeide_1.7.0/stm32cubeide/plugins/com.st.stm32cube.ide.mcu.externaltools.gnu-tools-for-stm32.10.3-2021.10.win32_1.0.0.202111181127/tools/bin/../lib/gcc/arm-none-eabi/10.3.1/../../../../arm-none-eabi/lib/thumb/v6-m/nofp\libc_nano.a(lib_a-impure.o)
 .ARM.attributes
                0x0000000000000618       0x2c d:/st/stm32cubeide_1.7.0/stm32cubeide/plugins/com.st.stm32cube.ide.mcu.externaltools.gnu-tools-for-stm32.10.3-2021.10.win32_1.0.0.202111181127/tools/bin/../lib/gcc/arm-none-eabi/10.3.1/../../../../arm-none-eabi/lib/thumb/v6-m/nofp\libc_nano.a(lib_a-init.o)
 .ARM.attributes
                0x0000000000000644       0x2c d:/st/stm32cubeide_1.7.0/stm32cubeide/plugins/com.st.stm32cube.ide.mcu.externaltools.gnu-tools-for-stm32.10.3-2021.10.win32_1.0.0.202111181127/tools/bin/../lib/gcc/arm-none-eabi/10.3.1/../../../../arm-none-eabi/lib/thumb/v6-m/nofp\libc_nano.a(lib_a-memcpy-stub.o)
 .ARM.attributes
                0x0000000000000670       0x2c d:/st/stm32cubeide_1.7.0/stm32cubeide/plugins/com.st.stm32cube.ide.mcu.externaltools.gnu-tools-for-stm32.10.3-2021.10.win32_1.0.0.202111181127/tools/bin/../lib/gcc/arm-none-eabi/10.3.1/../../../../arm-none-eabi/lib/thumb/v6-m/nofp\libc_nano.a(lib_a-memset.o)
 .ARM.attributes
                0x000000000000069c       0x1c d:/st/stm32cubeide_1.7.0/stm32cubeide/plugins/com.st.stm32cube.ide.mcu.externaltools.gnu-tools-for-stm32.10.3-2021.10.win32_1.0.0.202111181127/tools/bin/../lib/gcc/arm-none-eabi/10.3.1/../../../../arm-none-eabi/lib/thumb/v6-m/nofp\libc_nano.a(lib_a-strlen.o)
 .ARM.attributes
                0x00000000000006b8       0x2c d:/st/stm32cubeide_1.7.0/stm32cubeide/plugins/com.st.stm32cube.ide.mcu.externaltools.gnu-tools-for-stm32.10.3-2021.10.win32_1.0.0.202111181127/tools/bin/../lib/gcc/arm-none-eabi/10.3.1/../../../../arm-none-eabi/lib/thumb/v6-m/nofp\libc_nano.a(lib_a-vsnprintf.o)
 .ARM.attributes
                0x00000000000006e4       0x2c d:/st/stm32cubeide_1.7.0/stm32cubeide/plugins/com.st.stm32cube.ide.mcu.externaltools.gnu-tools-for-stm32.10.3-2021.10.win32_1.0.0.202111181127/tools/bin/../lib/gcc/arm-none-eabi/10.3.1/../../../../arm-none-eabi/lib/thumb/v6-m/nofp\libc_nano.a(lib_a-nano-svfprintf.o)
 .ARM.attributes
                0x0000000000000710       0x2c d:/st/stm32cubeide_1.7.0/stm32cubeide/plugins/com.st.stm32cube.ide.mcu.externaltools.gnu-tools-for-stm32.10.3-2021.10.win32_1.0.0.202111181127/tools/bin/../lib/gcc/arm-none-eabi/10.3.1/../../../../arm-none-eabi/lib/thumb/v6-m/nofp\libc_nano.a(lib_a-nano-vfprintf_i.o)
 .ARM.attributes
                0x000000000000073c       0x2c d:/st/stm32cubeide_1.7.0/stm32cubeide/plugins/com.st.stm32cube.ide.mcu.externaltools.gnu-tools-for-stm32.10.3-2021.10.win32_1.0.0.202111181127/tools/bin/../lib/gcc/arm-none-eabi/10.3.1/../../../../arm-none-eabi/lib/thumb/v6-m/nofp\libc_nano.a(lib_a-memchr-stub.o)
 .ARM.attributes
                0x0000000000000768       0x2c d:/st/stm32cubeide_1.7.0/stm32cubeide/plugins/com.st.stm32cube.ide.mcu.externaltools.gnu-tools-for-stm32.10.3-2021.10.win32_1.0.0.202111181127/tools/bin/../lib/gcc/arm-none-eabi/10.3.1/../../../../arm-none-eabi/lib/thumb/v6-m/nofp\libc_nano.a(lib_a-memmove.o)
 .ARM.attributes
                0x0000000000000794       0x2c d:/st/stm32cubeide_1.7.0/stm32cubeide/plugins/com.st.stm32cube.ide.mcu.externaltools.gnu-tools-for-stm32.10.3-2021.10.win32_1.0.0.202111181127/tools/bin/../lib/gcc/arm-none-eabi/10.3.1/../../../../arm-none-eabi/lib/thumb/v6-m/nofp\libc_nano.a(lib_a-nano-freer.o)
 .ARM.attributes
                0x00000000000007c0       0x2c d:/st/stm32cubeide_1.7.0/stm32cubeide/plugins/com.st.stm32cube.ide.mcu.externaltools.gnu-tools-for-stm32.10.3-2021.10.win32_1.0.0.202111181127/tools/bin/../lib/gcc/arm-none-eabi/10.3.1/../../../../arm-none-eabi/lib/thumb/v6-m/nofp\libc_nano.a(lib_a-nano-mallocr.o)
 .ARM.attributes
                0x00000000000007ec       0x2c d:/st/stm32cubeide_1.7.0/stm32cubeide/plugins/com.st.stm32cube.ide.mcu.externaltools.gnu-tools-for-stm32.10.3-2021.10.win32_1.0.0.202111181127/tools/bin/../lib/gcc/arm-none-eabi/10.3.1/../../../../arm-none-eabi/lib/thumb/v6-m/nofp\libc_nano.a(lib_a-nano-reallocr.o)
 .ARM.attributes
                0x0000000000000818       0x2c d:/st/stm32cubeide_1.7.0/stm32cubeide/plugins/com.st.stm32cube.ide.mcu.externaltools.gnu-tools-for-stm32.10.3-2021.10.win32_1.0.0.202111181127/tools/bin/../lib/gcc/arm-none-eabi/10.3.1/../../../../arm-none-eabi/lib/thumb/v6-m/nofp\libc_nano.a(lib_a-sbrkr.o)
 .ARM.attributes
                0x0000000000000844       0x2c d:/st/stm32cubeide_1.7.0/stm32cubeide/plugins/com.st.stm32cube.ide.mcu.externaltools.gnu-tools-for-stm32.10.3-2021.10.win32_1.0.0.202111181127/tools/bin/../lib/gcc/arm-none-eabi/10.3.1/../../../../arm-none-eabi/lib/thumb/v6-m/nofp\libc_nano.a(lib_a-mlock.o)
 .ARM.attributes
                0x0000000000000870       0x2c d:/st/stm32cubeide_1.7.0/stm32cubeide/plugins/com.st.stm32cube.ide.mcu.externaltools.gnu-tools-for-stm32.10.3-2021.10.win32_1.0.0.202111181127/tools/bin/../lib/gcc/arm-none-eabi/10.3.1/../../../../arm-none-eabi/lib/thumb/v6-m/nofp\libc_nano.a(lib_a-nano-msizer.o)
 .ARM.attributes
                0x000000000000089c       0x2c d:/st/stm32cubeide_1.7.0/stm32cubeide/plugins/com.st.stm32cube.ide.mcu.externaltools.gnu-tools-for-stm32.10.3-2021.10.win32_1.0.0.202111181127/tools/bin/../lib/gcc/arm-none-eabi/10.3.1/../../../../arm-none-eabi/lib/thumb/v6-m/nofp\libc_nano.a(lib_a-reent.o)
 .ARM.attributes
                0x00000000000008c8       0x2c d:/st/stm32cubeide_1.7.0/stm32cubeide/plugins/com.st.stm32cube.ide.mcu.externaltools.gnu-tools-for-stm32.10.3-2021.10.win32_1.0.0.202111181127/tools/bin/../lib/gcc/arm-none-eabi/10.3.1/../../../../arm-none-eabi/lib/thumb/v6-m/nofp\libc_nano.a(lib_a-lock.o)
 .ARM.attributes
                0x00000000000008f4       0x1e d:/st/stm32cubeide_1.7.0/stm32cubeide/plugins/com.st.stm32cube.ide.mcu.externaltools.gnu-tools-for-stm32.10.3-2021.10.win32_1.0.0.202111181127/tools/bin/../lib/gcc/arm-none-eabi/10.3.1/thumb/v6-m/nofp\libgcc.a(_thumb1_case_shi.o)
 .ARM.attributes
                0x0000000000000912       0x1e d:/st/stm32cubeide_1.7.0/stm32cubeide/plugins/com.st.stm32cube.ide.mcu.externaltools.gnu-tools-for-stm32.10.3-2021.10.win32_1.0.0.202111181127/tools/bin/../lib/gcc/arm-none-eabi/10.3.1/thumb/v6-m/nofp\libgcc.a(_udivsi3.o)
 .ARM.attributes
                0x0000000000000930       0x1e d:/st/stm32cubeide_1.7.0/stm32cubeide/plugins/com.st.stm32cube.ide.mcu.externaltools.gnu-tools-for-stm32.10.3-2021.10.win32_1.0.0.202111181127/tools/bin/../lib/gcc/arm-none-eabi/10.3.1/thumb/v6-m/nofp\libgcc.a(_divsi3.o)
 .ARM.attributes
                0x000000000000094e       0x1e d:/st/stm32cubeide_1.7.0/stm32cubeide/plugins/com.st.stm32cube.ide.mcu.externaltools.gnu-tools-for-stm32.10.3-2021.10.win32_1.0.0.202111181127/tools/bin/../lib/gcc/arm-none-eabi/10.3.1/thumb/v6-m/nofp\libgcc.a(_dvmd_tls.o)
 .ARM.attributes
                0x000000000000096c       0x1e d:/st/stm32cubeide_1.7.0/stm32cubeide/plugins/com.st.stm32cube.ide.mcu.externaltools.gnu-tools-for-stm32.10.3-2021.10.win32_1.0.0.202111181127/tools/bin/../lib/gcc/arm-none-eabi/10.3.1/thumb/v6-m/nofp\libgcc.a(_aeabi_uldivmod.o)
 .ARM.attributes
                0x000000000000098a       0x2c d:/st/stm32cubeide_1.7.0/stm32cubeide/plugins/com.st.stm32cube.ide.mcu.externaltools.gnu-tools-for-stm32.10.3-2021.10.win32_1.0.0.202111181127/tools/bin/../lib/gcc/arm-none-eabi/10.3.1/thumb/v6-m/nofp\libgcc.a(_udivmoddi4.o)
 .ARM.attributes
                0x00000000000009b6       0x1e d:/st/stm32cubeide_1.7.0/stm32cubeide/plugins/com.st.stm32cube.ide.mcu.externaltools.gnu-tools-for-stm32.10.3-2021.10.win32_1.0.0.202111181127/tools/bin/../lib/gcc/arm-none-eabi/10.3.1/thumb/v6-m/nofp\libgcc.a(_clzdi2.o)
 .ARM.attributes
                0x00000000000009d4       0x1e d:/st/stm32cubeide_1.7.0/stm32cubeide/plugins/com.st.stm32cube.ide.mcu.externaltools.gnu-tools-for-stm32.10.3-2021.10.win32_1.0.0.202111181127/tools/bin/../lib/gcc/arm-none-eabi/10.3.1/thumb/v6-m/nofp\libgcc.a(_clzsi2.o)
 .ARM.attributes
                0x00000000000009f2       0x1e d:/st/stm32cubeide_1.7.0/stm32cubeide/plugins/com.st.stm32cube.ide.mcu.externaltools.gnu-tools-for-stm32.10.3-2021.10.win32_1.0.0.202111181127/tools/bin/../lib/gcc/arm-none-eabi/10.3.1/thumb/v6-m/nofp/crtn.o
OUTPUT(Smart-Pwr.elf elf32-littlearm)
LOAD linker stubs
LOAD d:/st/stm32cubeide_1.7.0/stm32cubeide/plugins/com.st.stm32cube.ide.mcu.externaltools.gnu-tools-for-stm32.10.3-2021.10.win32_1.0.0.202111181127/tools/bin/../lib/gcc/arm-none-eabi/10.3.1/../../../../arm-none-eabi/lib/thumb/v6-m/nofp\libc.a
LOAD d:/st/stm32cubeide_1.7.0/stm32cubeide/plugins/com.st.stm32cube.ide.mcu.externaltools.gnu-tools-for-stm32.10.3-2021.10.win32_1.0.0.202111181127/tools/bin/../lib/gcc/arm-none-eabi/10.3.1/../../../../arm-none-eabi/lib/thumb/v6-m/nofp\libm.a
LOAD d:/st/stm32cubeide_1.7.0/stm32cubeide/plugins/com.st.stm32cube.ide.mcu.externaltools.gnu-tools-for-stm32.10.3-2021.10.win32_1.0.0.202111181127/tools/bin/../lib/gcc/arm-none-eabi/10.3.1/thumb/v6-m/nofp\libgcc.a

.debug_info     0x0000000000000000    0x15d34
 .debug_info    0x0000000000000000      0xf29 ./Core/Src/adc.o
 .debug_info    0x0000000000000f29      0x675 ./Core/Src/crc.o
 .debug_info    0x000000000000159e      0xb53 ./Core/Src/gpio.o
 .debug_info    0x00000000000020f1      0x815 ./Core/Src/i2c.o
 .debug_info    0x0000000000002906      0x875 ./Core/Src/lptim.o
 .debug_info    0x000000000000317b     0x17c3 ./Core/Src/main.o
 .debug_info    0x000000000000493e      0x998 ./Core/Src/stm32l0xx_it.o
 .debug_info    0x00000000000052d6      0x186 ./Core/Src/sysmem.o
 .debug_info    0x000000000000545c      0x33f ./Core/Src/system_stm32l0xx.o
 .debug_info    0x000000000000579b     0x110d ./Core/Src/tim.o
 .debug_info    0x00000000000068a8      0xf3c ./Core/Src/usart.o
 .debug_info    0x00000000000077e4      0x70a ./Core/Src1/arhiv.o
 .debug_info    0x0000000000007eee      0xc8a ./Core/Src1/calculations.o
 .debug_info    0x0000000000008b78      0xc2d ./Core/Src1/debug.o
 .debug_info    0x00000000000097a5      0xc85 ./Core/Src1/eeprom.o
 .debug_info    0x000000000000a42a      0x676 ./Core/Src1/flash.o
 .debug_info    0x000000000000aaa0      0xdc2 ./Core/Src1/modbus_lpuart.o
 .debug_info    0x000000000000b862      0xa71 ./Core/Src2/ADS1115.o
 .debug_info    0x000000000000c2d3      0x31d ./Core/Src2/FilterMiddle.o
 .debug_info    0x000000000000c5f0     0x22bc ./Core/Src2/Mipex_command.o
 .debug_info    0x000000000000e8ac      0xf07 ./Core/Src2/device.o
 .debug_info    0x000000000000f7b3     0x136e ./Core/Src2/modbus.o
 .debug_info    0x0000000000010b21       0x22 ./Core/Startup/startup_stm32l031g6ux.o
 .debug_info    0x0000000000010b43      0x96b ./Drivers/STM32L0xx_HAL_Driver/stm32l0xx_ll_adc.o
 .debug_info    0x00000000000114ae      0x516 ./Drivers/STM32L0xx_HAL_Driver/stm32l0xx_ll_exti.o
 .debug_info    0x00000000000119c4      0x7f9 ./Drivers/STM32L0xx_HAL_Driver/stm32l0xx_ll_gpio.o
 .debug_info    0x00000000000121bd      0x74e ./Drivers/STM32L0xx_HAL_Driver/stm32l0xx_ll_i2c.o
 .debug_info    0x000000000001290b      0x626 ./Drivers/STM32L0xx_HAL_Driver/stm32l0xx_ll_lpuart.o
 .debug_info    0x0000000000012f31      0xb29 ./Drivers/STM32L0xx_HAL_Driver/stm32l0xx_ll_rcc.o
 .debug_info    0x0000000000013a5a      0xf39 ./Drivers/STM32L0xx_HAL_Driver/stm32l0xx_ll_tim.o
 .debug_info    0x0000000000014993      0x7c7 ./Drivers/STM32L0xx_HAL_Driver/stm32l0xx_ll_usart.o
 .debug_info    0x000000000001515a      0xbda ./Drivers/STM32L0xx_HAL_Driver/stm32l0xx_ll_utils.o

.debug_abbrev   0x0000000000000000     0x4b10
 .debug_abbrev  0x0000000000000000      0x24f ./Core/Src/adc.o
 .debug_abbrev  0x000000000000024f      0x216 ./Core/Src/crc.o
 .debug_abbrev  0x0000000000000465      0x22a ./Core/Src/gpio.o
 .debug_abbrev  0x000000000000068f      0x1e1 ./Core/Src/i2c.o
 .debug_abbrev  0x0000000000000870      0x1ad ./Core/Src/lptim.o
 .debug_abbrev  0x0000000000000a1d      0x342 ./Core/Src/main.o
 .debug_abbrev  0x0000000000000d5f      0x23c ./Core/Src/stm32l0xx_it.o
 .debug_abbrev  0x0000000000000f9b       0xec ./Core/Src/sysmem.o
 .debug_abbrev  0x0000000000001087      0x134 ./Core/Src/system_stm32l0xx.o
 .debug_abbrev  0x00000000000011bb      0x255 ./Core/Src/tim.o
 .debug_abbrev  0x0000000000001410      0x290 ./Core/Src/usart.o
 .debug_abbrev  0x00000000000016a0      0x172 ./Core/Src1/arhiv.o
 .debug_abbrev  0x0000000000001812      0x229 ./Core/Src1/calculations.o
 .debug_abbrev  0x0000000000001a3b      0x343 ./Core/Src1/debug.o
 .debug_abbrev  0x0000000000001d7e      0x35c ./Core/Src1/eeprom.o
 .debug_abbrev  0x00000000000020da      0x2d2 ./Core/Src1/flash.o
 .debug_abbrev  0x00000000000023ac      0x26e ./Core/Src1/modbus_lpuart.o
 .debug_abbrev  0x000000000000261a      0x28a ./Core/Src2/ADS1115.o
 .debug_abbrev  0x00000000000028a4      0x191 ./Core/Src2/FilterMiddle.o
 .debug_abbrev  0x0000000000002a35      0x4bd ./Core/Src2/Mipex_command.o
 .debug_abbrev  0x0000000000002ef2      0x2bf ./Core/Src2/device.o
 .debug_abbrev  0x00000000000031b1      0x453 ./Core/Src2/modbus.o
 .debug_abbrev  0x0000000000003604       0x12 ./Core/Startup/startup_stm32l031g6ux.o
 .debug_abbrev  0x0000000000003616      0x265 ./Drivers/STM32L0xx_HAL_Driver/stm32l0xx_ll_adc.o
 .debug_abbrev  0x000000000000387b      0x1ab ./Drivers/STM32L0xx_HAL_Driver/stm32l0xx_ll_exti.o
 .debug_abbrev  0x0000000000003a26      0x214 ./Drivers/STM32L0xx_HAL_Driver/stm32l0xx_ll_gpio.o
 .debug_abbrev  0x0000000000003c3a      0x1c5 ./Drivers/STM32L0xx_HAL_Driver/stm32l0xx_ll_i2c.o
 .debug_abbrev  0x0000000000003dff      0x216 ./Drivers/STM32L0xx_HAL_Driver/stm32l0xx_ll_lpuart.o
 .debug_abbrev  0x0000000000004015      0x2a4 ./Drivers/STM32L0xx_HAL_Driver/stm32l0xx_ll_rcc.o
 .debug_abbrev  0x00000000000042b9      0x2b8 ./Drivers/STM32L0xx_HAL_Driver/stm32l0xx_ll_tim.o
 .debug_abbrev  0x0000000000004571      0x2aa ./Drivers/STM32L0xx_HAL_Driver/stm32l0xx_ll_usart.o
 .debug_abbrev  0x000000000000481b      0x2f5 ./Drivers/STM32L0xx_HAL_Driver/stm32l0xx_ll_utils.o

.debug_loc      0x0000000000000000     0x7de7
 .debug_loc     0x0000000000000000      0x309 ./Core/Src/adc.o
 .debug_loc     0x0000000000000309      0x1da ./Core/Src/crc.o
 .debug_loc     0x00000000000004e3      0x196 ./Core/Src/gpio.o
 .debug_loc     0x0000000000000679       0xc6 ./Core/Src/i2c.o
 .debug_loc     0x000000000000073f      0x169 ./Core/Src/lptim.o
 .debug_loc     0x00000000000008a8      0x30a ./Core/Src/main.o
 .debug_loc     0x0000000000000bb2      0x164 ./Core/Src/stm32l0xx_it.o
 .debug_loc     0x0000000000000d16       0x93 ./Core/Src/sysmem.o
 .debug_loc     0x0000000000000da9      0x1ef ./Core/Src/system_stm32l0xx.o
 .debug_loc     0x0000000000000f98      0x479 ./Core/Src/tim.o
 .debug_loc     0x0000000000001411      0x274 ./Core/Src/usart.o
 .debug_loc     0x0000000000001685       0x22 ./Core/Src1/arhiv.o
 .debug_loc     0x00000000000016a7      0x924 ./Core/Src1/calculations.o
 .debug_loc     0x0000000000001fcb      0x4a6 ./Core/Src1/debug.o
 .debug_loc     0x0000000000002471      0x36b ./Core/Src1/eeprom.o
 .debug_loc     0x00000000000027dc      0x386 ./Core/Src1/flash.o
 .debug_loc     0x0000000000002b62      0x409 ./Core/Src1/modbus_lpuart.o
 .debug_loc     0x0000000000002f6b      0x53d ./Core/Src2/ADS1115.o
 .debug_loc     0x00000000000034a8      0x274 ./Core/Src2/FilterMiddle.o
 .debug_loc     0x000000000000371c     0x13ec ./Core/Src2/Mipex_command.o
 .debug_loc     0x0000000000004b08       0x90 ./Core/Src2/device.o
 .debug_loc     0x0000000000004b98      0x896 ./Core/Src2/modbus.o
 .debug_loc     0x000000000000542e      0x3d4 ./Drivers/STM32L0xx_HAL_Driver/stm32l0xx_ll_adc.o
 .debug_loc     0x0000000000005802      0x28c ./Drivers/STM32L0xx_HAL_Driver/stm32l0xx_ll_exti.o
 .debug_loc     0x0000000000005a8e      0x38a ./Drivers/STM32L0xx_HAL_Driver/stm32l0xx_ll_gpio.o
 .debug_loc     0x0000000000005e18      0x23c ./Drivers/STM32L0xx_HAL_Driver/stm32l0xx_ll_i2c.o
 .debug_loc     0x0000000000006054      0x270 ./Drivers/STM32L0xx_HAL_Driver/stm32l0xx_ll_lpuart.o
 .debug_loc     0x00000000000062c4      0x460 ./Drivers/STM32L0xx_HAL_Driver/stm32l0xx_ll_rcc.o
 .debug_loc     0x0000000000006724      0xbfc ./Drivers/STM32L0xx_HAL_Driver/stm32l0xx_ll_tim.o
 .debug_loc     0x0000000000007320      0x437 ./Drivers/STM32L0xx_HAL_Driver/stm32l0xx_ll_usart.o
 .debug_loc     0x0000000000007757      0x690 ./Drivers/STM32L0xx_HAL_Driver/stm32l0xx_ll_utils.o

.debug_aranges  0x0000000000000000      0x8b0
 .debug_aranges
                0x0000000000000000       0x20 ./Core/Src/adc.o
 .debug_aranges
                0x0000000000000020       0x28 ./Core/Src/crc.o
 .debug_aranges
                0x0000000000000048       0x20 ./Core/Src/gpio.o
 .debug_aranges
                0x0000000000000068       0x20 ./Core/Src/i2c.o
 .debug_aranges
                0x0000000000000088       0x20 ./Core/Src/lptim.o
 .debug_aranges
                0x00000000000000a8       0x38 ./Core/Src/main.o
 .debug_aranges
                0x00000000000000e0       0x78 ./Core/Src/stm32l0xx_it.o
 .debug_aranges
                0x0000000000000158       0x20 ./Core/Src/sysmem.o
 .debug_aranges
                0x0000000000000178       0x28 ./Core/Src/system_stm32l0xx.o
 .debug_aranges
                0x00000000000001a0       0x30 ./Core/Src/tim.o
 .debug_aranges
                0x00000000000001d0       0x28 ./Core/Src/usart.o
 .debug_aranges
                0x00000000000001f8       0x20 ./Core/Src1/arhiv.o
 .debug_aranges
                0x0000000000000218       0x68 ./Core/Src1/calculations.o
 .debug_aranges
                0x0000000000000280       0x40 ./Core/Src1/debug.o
 .debug_aranges
                0x00000000000002c0       0x58 ./Core/Src1/eeprom.o
 .debug_aranges
                0x0000000000000318       0x58 ./Core/Src1/flash.o
 .debug_aranges
                0x0000000000000370       0x40 ./Core/Src1/modbus_lpuart.o
 .debug_aranges
                0x00000000000003b0       0x60 ./Core/Src2/ADS1115.o
 .debug_aranges
                0x0000000000000410       0x30 ./Core/Src2/FilterMiddle.o
 .debug_aranges
                0x0000000000000440       0x98 ./Core/Src2/Mipex_command.o
 .debug_aranges
                0x00000000000004d8       0x60 ./Core/Src2/device.o
 .debug_aranges
                0x0000000000000538       0x88 ./Core/Src2/modbus.o
 .debug_aranges
                0x00000000000005c0       0x28 ./Core/Startup/startup_stm32l031g6ux.o
 .debug_aranges
                0x00000000000005e8       0x58 ./Drivers/STM32L0xx_HAL_Driver/stm32l0xx_ll_adc.o
 .debug_aranges
                0x0000000000000640       0x30 ./Drivers/STM32L0xx_HAL_Driver/stm32l0xx_ll_exti.o
 .debug_aranges
                0x0000000000000670       0x30 ./Drivers/STM32L0xx_HAL_Driver/stm32l0xx_ll_gpio.o
 .debug_aranges
                0x00000000000006a0       0x30 ./Drivers/STM32L0xx_HAL_Driver/stm32l0xx_ll_i2c.o
 .debug_aranges
                0x00000000000006d0       0x30 ./Drivers/STM32L0xx_HAL_Driver/stm32l0xx_ll_lpuart.o
 .debug_aranges
                0x0000000000000700       0x70 ./Drivers/STM32L0xx_HAL_Driver/stm32l0xx_ll_rcc.o
 .debug_aranges
                0x0000000000000770       0xa0 ./Drivers/STM32L0xx_HAL_Driver/stm32l0xx_ll_tim.o
 .debug_aranges
                0x0000000000000810       0x40 ./Drivers/STM32L0xx_HAL_Driver/stm32l0xx_ll_usart.o
 .debug_aranges
                0x0000000000000850       0x60 ./Drivers/STM32L0xx_HAL_Driver/stm32l0xx_ll_utils.o

.debug_ranges   0x0000000000000000      0xbf8
 .debug_ranges  0x0000000000000000       0x10 ./Core/Src/adc.o
 .debug_ranges  0x0000000000000010       0x18 ./Core/Src/crc.o
 .debug_ranges  0x0000000000000028       0x10 ./Core/Src/gpio.o
 .debug_ranges  0x0000000000000038       0x10 ./Core/Src/i2c.o
 .debug_ranges  0x0000000000000048       0x10 ./Core/Src/lptim.o
 .debug_ranges  0x0000000000000058       0x28 ./Core/Src/main.o
 .debug_ranges  0x0000000000000080       0x68 ./Core/Src/stm32l0xx_it.o
 .debug_ranges  0x00000000000000e8       0x10 ./Core/Src/sysmem.o
 .debug_ranges  0x00000000000000f8       0x18 ./Core/Src/system_stm32l0xx.o
 .debug_ranges  0x0000000000000110       0x20 ./Core/Src/tim.o
 .debug_ranges  0x0000000000000130       0x48 ./Core/Src/usart.o
 .debug_ranges  0x0000000000000178       0x10 ./Core/Src1/arhiv.o
 .debug_ranges  0x0000000000000188       0x58 ./Core/Src1/calculations.o
 .debug_ranges  0x00000000000001e0       0xf0 ./Core/Src1/debug.o
 .debug_ranges  0x00000000000002d0       0x48 ./Core/Src1/eeprom.o
 .debug_ranges  0x0000000000000318       0x48 ./Core/Src1/flash.o
 .debug_ranges  0x0000000000000360       0x90 ./Core/Src1/modbus_lpuart.o
 .debug_ranges  0x00000000000003f0       0x50 ./Core/Src2/ADS1115.o
 .debug_ranges  0x0000000000000440       0x20 ./Core/Src2/FilterMiddle.o
 .debug_ranges  0x0000000000000460      0x2e0 ./Core/Src2/Mipex_command.o
 .debug_ranges  0x0000000000000740       0x50 ./Core/Src2/device.o
 .debug_ranges  0x0000000000000790       0xc0 ./Core/Src2/modbus.o
 .debug_ranges  0x0000000000000850       0x20 ./Core/Startup/startup_stm32l031g6ux.o
 .debug_ranges  0x0000000000000870       0x48 ./Drivers/STM32L0xx_HAL_Driver/stm32l0xx_ll_adc.o
 .debug_ranges  0x00000000000008b8       0x50 ./Drivers/STM32L0xx_HAL_Driver/stm32l0xx_ll_exti.o
 .debug_ranges  0x0000000000000908       0x68 ./Drivers/STM32L0xx_HAL_Driver/stm32l0xx_ll_gpio.o
 .debug_ranges  0x0000000000000970       0x38 ./Drivers/STM32L0xx_HAL_Driver/stm32l0xx_ll_i2c.o
 .debug_ranges  0x00000000000009a8       0x50 ./Drivers/STM32L0xx_HAL_Driver/stm32l0xx_ll_lpuart.o
 .debug_ranges  0x00000000000009f8       0x60 ./Drivers/STM32L0xx_HAL_Driver/stm32l0xx_ll_rcc.o
 .debug_ranges  0x0000000000000a58       0xd8 ./Drivers/STM32L0xx_HAL_Driver/stm32l0xx_ll_tim.o
 .debug_ranges  0x0000000000000b30       0x78 ./Drivers/STM32L0xx_HAL_Driver/stm32l0xx_ll_usart.o
 .debug_ranges  0x0000000000000ba8       0x50 ./Drivers/STM32L0xx_HAL_Driver/stm32l0xx_ll_utils.o

.debug_macro    0x0000000000000000    0x100ee
 .debug_macro   0x0000000000000000      0x173 ./Core/Src/adc.o
 .debug_macro   0x0000000000000173      0xa90 ./Core/Src/adc.o
 .debug_macro   0x0000000000000c03       0x2e ./Core/Src/adc.o
 .debug_macro   0x0000000000000c31       0x28 ./Core/Src/adc.o
 .debug_macro   0x0000000000000c59       0x22 ./Core/Src/adc.o
 .debug_macro   0x0000000000000c7b       0x8e ./Core/Src/adc.o
 .debug_macro   0x0000000000000d09       0x51 ./Core/Src/adc.o
 .debug_macro   0x0000000000000d5a      0x103 ./Core/Src/adc.o
 .debug_macro   0x0000000000000e5d       0x6a ./Core/Src/adc.o
 .debug_macro   0x0000000000000ec7      0x1df ./Core/Src/adc.o
 .debug_macro   0x00000000000010a6       0x1c ./Core/Src/adc.o
 .debug_macro   0x00000000000010c2       0x22 ./Core/Src/adc.o
 .debug_macro   0x00000000000010e4       0xaf ./Core/Src/adc.o
 .debug_macro   0x0000000000001193      0x3ad ./Core/Src/adc.o
 .debug_macro   0x0000000000001540     0x7f00 ./Core/Src/adc.o
 .debug_macro   0x0000000000009440       0x66 ./Core/Src/adc.o
 .debug_macro   0x00000000000094a6      0x6c6 ./Core/Src/adc.o
 .debug_macro   0x0000000000009b6c       0x5f ./Core/Src/adc.o
 .debug_macro   0x0000000000009bcb      0x24e ./Core/Src/adc.o
 .debug_macro   0x0000000000009e19      0x1a7 ./Core/Src/adc.o
 .debug_macro   0x0000000000009fc0      0x229 ./Core/Src/adc.o
 .debug_macro   0x000000000000a1e9      0x3b4 ./Core/Src/adc.o
 .debug_macro   0x000000000000a59d       0xb5 ./Core/Src/adc.o
 .debug_macro   0x000000000000a652      0x14b ./Core/Src/adc.o
 .debug_macro   0x000000000000a79d      0x109 ./Core/Src/adc.o
 .debug_macro   0x000000000000a8a6       0x16 ./Core/Src/adc.o
 .debug_macro   0x000000000000a8bc       0x2a ./Core/Src/adc.o
 .debug_macro   0x000000000000a8e6       0xcf ./Core/Src/adc.o
 .debug_macro   0x000000000000a9b5      0x303 ./Core/Src/adc.o
 .debug_macro   0x000000000000acb8      0x57d ./Core/Src/adc.o
 .debug_macro   0x000000000000b235      0x2f7 ./Core/Src/adc.o
 .debug_macro   0x000000000000b52c      0x12d ./Core/Src/adc.o
 .debug_macro   0x000000000000b659       0x64 ./Core/Src/adc.o
 .debug_macro   0x000000000000b6bd      0x173 ./Core/Src/crc.o
 .debug_macro   0x000000000000b830      0x173 ./Core/Src/gpio.o
 .debug_macro   0x000000000000b9a3      0x173 ./Core/Src/i2c.o
 .debug_macro   0x000000000000bb16      0x173 ./Core/Src/lptim.o
 .debug_macro   0x000000000000bc89      0x224 ./Core/Src/main.o
 .debug_macro   0x000000000000bead       0x4c ./Core/Src/main.o
 .debug_macro   0x000000000000bef9       0x16 ./Core/Src/main.o
 .debug_macro   0x000000000000bf0f      0x14e ./Core/Src/main.o
 .debug_macro   0x000000000000c05d       0x22 ./Core/Src/main.o
 .debug_macro   0x000000000000c07f       0x10 ./Core/Src/main.o
 .debug_macro   0x000000000000c08f       0x28 ./Core/Src/main.o
 .debug_macro   0x000000000000c0b7       0x22 ./Core/Src/main.o
 .debug_macro   0x000000000000c0d9      0x1af ./Core/Src/stm32l0xx_it.o
 .debug_macro   0x000000000000c288       0x1c ./Core/Src/stm32l0xx_it.o
 .debug_macro   0x000000000000c2a4       0x58 ./Core/Src/stm32l0xx_it.o
 .debug_macro   0x000000000000c2fc       0xff ./Core/Src/sysmem.o
 .debug_macro   0x000000000000c3fb      0x23b ./Core/Src/sysmem.o
 .debug_macro   0x000000000000c636       0xba ./Core/Src/system_stm32l0xx.o
 .debug_macro   0x000000000000c6f0      0x173 ./Core/Src/tim.o
 .debug_macro   0x000000000000c863      0x173 ./Core/Src/usart.o
 .debug_macro   0x000000000000c9d6      0x267 ./Core/Src1/arhiv.o
 .debug_macro   0x000000000000cc3d       0x52 ./Core/Src1/arhiv.o
 .debug_macro   0x000000000000cc8f       0x10 ./Core/Src1/arhiv.o
 .debug_macro   0x000000000000cc9f       0x20 ./Core/Src1/arhiv.o
 .debug_macro   0x000000000000ccbf      0x1ae ./Core/Src1/calculations.o
 .debug_macro   0x000000000000ce6d      0x31f ./Core/Src1/debug.o
 .debug_macro   0x000000000000d18c       0x16 ./Core/Src1/debug.o
 .debug_macro   0x000000000000d1a2       0x97 ./Core/Src1/debug.o
 .debug_macro   0x000000000000d239       0xfd ./Core/Src1/debug.o
 .debug_macro   0x000000000000d336       0x4c ./Core/Src1/debug.o
 .debug_macro   0x000000000000d382       0x16 ./Core/Src1/debug.o
 .debug_macro   0x000000000000d398      0x1c1 ./Core/Src1/eeprom.o
 .debug_macro   0x000000000000d559      0x1c7 ./Core/Src1/flash.o
 .debug_macro   0x000000000000d720      0x263 ./Core/Src1/modbus_lpuart.o
 .debug_macro   0x000000000000d983      0x18d ./Core/Src2/ADS1115.o
 .debug_macro   0x000000000000db10      0x172 ./Core/Src2/FilterMiddle.o
 .debug_macro   0x000000000000dc82       0x10 ./Core/Src2/FilterMiddle.o
 .debug_macro   0x000000000000dc92      0x344 ./Core/Src2/Mipex_command.o
 .debug_macro   0x000000000000dfd6      0x1d4 ./Core/Src2/device.o
 .debug_macro   0x000000000000e1aa      0x2f2 ./Core/Src2/modbus.o
 .debug_macro   0x000000000000e49c      0x131 ./Drivers/STM32L0xx_HAL_Driver/stm32l0xx_ll_adc.o
 .debug_macro   0x000000000000e5cd       0xe1 ./Drivers/STM32L0xx_HAL_Driver/stm32l0xx_ll_exti.o
 .debug_macro   0x000000000000e6ae      0x103 ./Drivers/STM32L0xx_HAL_Driver/stm32l0xx_ll_exti.o
 .debug_macro   0x000000000000e7b1       0xfc ./Drivers/STM32L0xx_HAL_Driver/stm32l0xx_ll_gpio.o
 .debug_macro   0x000000000000e8ad      0x127 ./Drivers/STM32L0xx_HAL_Driver/stm32l0xx_ll_gpio.o
 .debug_macro   0x000000000000e9d4       0xfc ./Drivers/STM32L0xx_HAL_Driver/stm32l0xx_ll_i2c.o
 .debug_macro   0x000000000000ead0      0x248 ./Drivers/STM32L0xx_HAL_Driver/stm32l0xx_ll_i2c.o
 .debug_macro   0x000000000000ed18      0x111 ./Drivers/STM32L0xx_HAL_Driver/stm32l0xx_ll_lpuart.o
 .debug_macro   0x000000000000ee29      0x223 ./Drivers/STM32L0xx_HAL_Driver/stm32l0xx_ll_lpuart.o
 .debug_macro   0x000000000000f04c       0xe7 ./Drivers/STM32L0xx_HAL_Driver/stm32l0xx_ll_rcc.o
 .debug_macro   0x000000000000f133      0x3ae ./Drivers/STM32L0xx_HAL_Driver/stm32l0xx_ll_rcc.o
 .debug_macro   0x000000000000f4e1      0x11a ./Drivers/STM32L0xx_HAL_Driver/stm32l0xx_ll_tim.o
 .debug_macro   0x000000000000f5fb      0x577 ./Drivers/STM32L0xx_HAL_Driver/stm32l0xx_ll_tim.o
 .debug_macro   0x000000000000fb72      0x129 ./Drivers/STM32L0xx_HAL_Driver/stm32l0xx_ll_usart.o
 .debug_macro   0x000000000000fc9b      0x2f1 ./Drivers/STM32L0xx_HAL_Driver/stm32l0xx_ll_usart.o
 .debug_macro   0x000000000000ff8c      0x162 ./Drivers/STM32L0xx_HAL_Driver/stm32l0xx_ll_utils.o

.debug_line     0x0000000000000000    0x144d8
 .debug_line    0x0000000000000000      0x8f2 ./Core/Src/adc.o
 .debug_line    0x00000000000008f2      0x7ea ./Core/Src/crc.o
 .debug_line    0x00000000000010dc      0x837 ./Core/Src/gpio.o
 .debug_line    0x0000000000001913      0x815 ./Core/Src/i2c.o
 .debug_line    0x0000000000002128      0x791 ./Core/Src/lptim.o
 .debug_line    0x00000000000028b9      0xd46 ./Core/Src/main.o
 .debug_line    0x00000000000035ff      0xa03 ./Core/Src/stm32l0xx_it.o
 .debug_line    0x0000000000004002      0x509 ./Core/Src/sysmem.o
 .debug_line    0x000000000000450b      0x5b8 ./Core/Src/system_stm32l0xx.o
 .debug_line    0x0000000000004ac3      0xa19 ./Core/Src/tim.o
 .debug_line    0x00000000000054dc      0xa1e ./Core/Src/usart.o
 .debug_line    0x0000000000005efa      0x8f5 ./Core/Src1/arhiv.o
 .debug_line    0x00000000000067ef      0xdaf ./Core/Src1/calculations.o
 .debug_line    0x000000000000759e      0xcd0 ./Core/Src1/debug.o
 .debug_line    0x000000000000826e      0xbf2 ./Core/Src1/eeprom.o
 .debug_line    0x0000000000008e60      0xb09 ./Core/Src1/flash.o
 .debug_line    0x0000000000009969      0xc6e ./Core/Src1/modbus_lpuart.o
 .debug_line    0x000000000000a5d7      0xb9b ./Core/Src2/ADS1115.o
 .debug_line    0x000000000000b172      0x91d ./Core/Src2/FilterMiddle.o
 .debug_line    0x000000000000ba8f     0x195a ./Core/Src2/Mipex_command.o
 .debug_line    0x000000000000d3e9      0xc13 ./Core/Src2/device.o
 .debug_line    0x000000000000dffc     0x135f ./Core/Src2/modbus.o
 .debug_line    0x000000000000f35b       0x89 ./Core/Startup/startup_stm32l031g6ux.o
 .debug_line    0x000000000000f3e4      0x89e ./Drivers/STM32L0xx_HAL_Driver/stm32l0xx_ll_adc.o
 .debug_line    0x000000000000fc82      0x786 ./Drivers/STM32L0xx_HAL_Driver/stm32l0xx_ll_exti.o
 .debug_line    0x0000000000010408      0x7fd ./Drivers/STM32L0xx_HAL_Driver/stm32l0xx_ll_gpio.o
 .debug_line    0x0000000000010c05      0x715 ./Drivers/STM32L0xx_HAL_Driver/stm32l0xx_ll_i2c.o
 .debug_line    0x000000000001131a      0x714 ./Drivers/STM32L0xx_HAL_Driver/stm32l0xx_ll_lpuart.o
 .debug_line    0x0000000000011a2e      0xba6 ./Drivers/STM32L0xx_HAL_Driver/stm32l0xx_ll_rcc.o
 .debug_line    0x00000000000125d4      0xbce ./Drivers/STM32L0xx_HAL_Driver/stm32l0xx_ll_tim.o
 .debug_line    0x00000000000131a2      0x822 ./Drivers/STM32L0xx_HAL_Driver/stm32l0xx_ll_usart.o
 .debug_line    0x00000000000139c4      0xb14 ./Drivers/STM32L0xx_HAL_Driver/stm32l0xx_ll_utils.o

.debug_str      0x0000000000000000    0x4e2b4
 .debug_str     0x0000000000000000    0x41b23 ./Core/Src/adc.o
                                      0x41e1e (size before relaxing)