Archive member included to satisfy reference by file (symbol)

d:/st/stm32cubeide_1.7.0/stm32cubeide/plugins/com.st.stm32cube.ide.mcu.externaltools.gnu-tools-for-stm32.9-2020-q2-update.win32_2.0.0.202105311346/tools/bin/../lib/gcc/arm-none-eabi/9.3.1/../../../../arm-none-eabi/lib/thumb/v6-m/nofp\libc_nano.a(lib_a-errno.o)
                              ./Core/Src/syscalls.o (__errno)
d:/st/stm32cubeide_1.7.0/stm32cubeide/plugins/com.st.stm32cube.ide.mcu.externaltools.gnu-tools-for-stm32.9-2020-q2-update.win32_2.0.0.202105311346/tools/bin/../lib/gcc/arm-none-eabi/9.3.1/../../../../arm-none-eabi/lib/thumb/v6-m/nofp\libc_nano.a(lib_a-exit.o)
                              d:/st/stm32cubeide_1.7.0/stm32cubeide/plugins/com.st.stm32cube.ide.mcu.externaltools.gnu-tools-for-stm32.9-2020-q2-update.win32_2.0.0.202105311346/tools/bin/../lib/gcc/arm-none-eabi/9.3.1/../../../../arm-none-eabi/lib/thumb/v6-m/nofp/crt0.o (exit)
d:/st/stm32cubeide_1.7.0/stm32cubeide/plugins/com.st.stm32cube.ide.mcu.externaltools.gnu-tools-for-stm32.9-2020-q2-update.win32_2.0.0.202105311346/tools/bin/../lib/gcc/arm-none-eabi/9.3.1/../../../../arm-none-eabi/lib/thumb/v6-m/nofp\libc_nano.a(lib_a-impure.o)
                              d:/st/stm32cubeide_1.7.0/stm32cubeide/plugins/com.st.stm32cube.ide.mcu.externaltools.gnu-tools-for-stm32.9-2020-q2-update.win32_2.0.0.202105311346/tools/bin/../lib/gcc/arm-none-eabi/9.3.1/../../../../arm-none-eabi/lib/thumb/v6-m/nofp\libc_nano.a(lib_a-exit.o) (_global_impure_ptr)
d:/st/stm32cubeide_1.7.0/stm32cubeide/plugins/com.st.stm32cube.ide.mcu.externaltools.gnu-tools-for-stm32.9-2020-q2-update.win32_2.0.0.202105311346/tools/bin/../lib/gcc/arm-none-eabi/9.3.1/../../../../arm-none-eabi/lib/thumb/v6-m/nofp\libc_nano.a(lib_a-init.o)
                              d:/st/stm32cubeide_1.7.0/stm32cubeide/plugins/com.st.stm32cube.ide.mcu.externaltools.gnu-tools-for-stm32.9-2020-q2-update.win32_2.0.0.202105311346/tools/bin/../lib/gcc/arm-none-eabi/9.3.1/../../../../arm-none-eabi/lib/thumb/v6-m/nofp/crt0.o (__libc_init_array)
d:/st/stm32cubeide_1.7.0/stm32cubeide/plugins/com.st.stm32cube.ide.mcu.externaltools.gnu-tools-for-stm32.9-2020-q2-update.win32_2.0.0.202105311346/tools/bin/../lib/gcc/arm-none-eabi/9.3.1/../../../../arm-none-eabi/lib/thumb/v6-m/nofp\libc_nano.a(lib_a-memcpy-stub.o)
                              ./Core/Src2/modbus.o (memcpy)
d:/st/stm32cubeide_1.7.0/stm32cubeide/plugins/com.st.stm32cube.ide.mcu.externaltools.gnu-tools-for-stm32.9-2020-q2-update.win32_2.0.0.202105311346/tools/bin/../lib/gcc/arm-none-eabi/9.3.1/../../../../arm-none-eabi/lib/thumb/v6-m/nofp\libc_nano.a(lib_a-memset.o)
                              d:/st/stm32cubeide_1.7.0/stm32cubeide/plugins/com.st.stm32cube.ide.mcu.externaltools.gnu-tools-for-stm32.9-2020-q2-update.win32_2.0.0.202105311346/tools/bin/../lib/gcc/arm-none-eabi/9.3.1/../../../../arm-none-eabi/lib/thumb/v6-m/nofp/crt0.o (memset)
d:/st/stm32cubeide_1.7.0/stm32cubeide/plugins/com.st.stm32cube.ide.mcu.externaltools.gnu-tools-for-stm32.9-2020-q2-update.win32_2.0.0.202105311346/tools/bin/../lib/gcc/arm-none-eabi/9.3.1/../../../../arm-none-eabi/lib/thumb/v6-m/nofp\libc_nano.a(lib_a-strlen.o)
                              ./Core/Src1/debug.o (strlen)
d:/st/stm32cubeide_1.7.0/stm32cubeide/plugins/com.st.stm32cube.ide.mcu.externaltools.gnu-tools-for-stm32.9-2020-q2-update.win32_2.0.0.202105311346/tools/bin/../lib/gcc/arm-none-eabi/9.3.1/../../../../arm-none-eabi/lib/thumb/v6-m/nofp\libc_nano.a(lib_a-vsnprintf.o)
                              ./Core/Src1/debug.o (vsnprintf)
d:/st/stm32cubeide_1.7.0/stm32cubeide/plugins/com.st.stm32cube.ide.mcu.externaltools.gnu-tools-for-stm32.9-2020-q2-update.win32_2.0.0.202105311346/tools/bin/../lib/gcc/arm-none-eabi/9.3.1/../../../../arm-none-eabi/lib/thumb/v6-m/nofp\libc_nano.a(lib_a-nano-svfprintf.o)
                              d:/st/stm32cubeide_1.7.0/stm32cubeide/plugins/com.st.stm32cube.ide.mcu.externaltools.gnu-tools-for-stm32.9-2020-q2-update.win32_2.0.0.202105311346/tools/bin/../lib/gcc/arm-none-eabi/9.3.1/../../../../arm-none-eabi/lib/thumb/v6-m/nofp\libc_nano.a(lib_a-vsnprintf.o) (_svfprintf_r)
d:/st/stm32cubeide_1.7.0/stm32cubeide/plugins/com.st.stm32cube.ide.mcu.externaltools.gnu-tools-for-stm32.9-2020-q2-update.win32_2.0.0.202105311346/tools/bin/../lib/gcc/arm-none-eabi/9.3.1/../../../../arm-none-eabi/lib/thumb/v6-m/nofp\libc_nano.a(lib_a-nano-vfprintf_i.o)
                              d:/st/stm32cubeide_1.7.0/stm32cubeide/plugins/com.st.stm32cube.ide.mcu.externaltools.gnu-tools-for-stm32.9-2020-q2-update.win32_2.0.0.202105311346/tools/bin/../lib/gcc/arm-none-eabi/9.3.1/../../../../arm-none-eabi/lib/thumb/v6-m/nofp\libc_nano.a(lib_a-nano-svfprintf.o) (_printf_i)
[...]
Memory Configuration

Name             Origin             Length             Attributes
RAM              0x0000000020000000 0x0000000000002000 xrw
FLASH            0x0000000008000000 0x0000000000008000 xr
*default*        0x0000000000000000 0xffffffffffffffff

Linker script and memory map

LOAD d:/st/stm32cubeide_1.7.0/stm32cubeide/plugins/com.st.stm32cube.ide.mcu.externaltools.gnu-tools-for-stm32.9-2020-q2-update.win32_2.0.0.202105311346/tools/bin/../lib/gcc/arm-none-eabi/9.3.1/thumb/v6-m/nofp/crti.o
LOAD d:/st/stm32cubeide_1.7.0/stm32cubeide/plugins/com.st.stm32cube.ide.mcu.externaltools.gnu-tools-for-stm32.9-2020-q2-update.win32_2.0.0.202105311346/tools/bin/../lib/gcc/arm-none-eabi/9.3.1/thumb/v6-m/nofp/crtbegin.o
LOAD d:/st/stm32cubeide_1.7.0/stm32cubeide/plugins/com.st.stm32cube.ide.mcu.externaltools.gnu-tools-for-stm32.9-2020-q2-update.win32_2.0.0.202105311346/tools/bin/../lib/gcc/arm-none-eabi/9.3.1/../../../../arm-none-eabi/lib/thumb/v6-m/nofp/crt0.o
LOAD ./Core/Src/adc.o
LOAD ./Core/Src/crc.o
LOAD ./Core/Src/gpio.o
LOAD ./Core/Src/i2c.o
LOAD ./Core/Src/lptim.o
LOAD ./Core/Src/main.o
LOAD ./Core/Src/stm32l0xx_it.o
LOAD ./Core/Src/syscalls.o
LOAD ./Core/Src/sysmem.o
LOAD ./Core/Src/system_stm32l0xx.o
LOAD ./Core/Src/tim.o
LOAD ./Core/Src/usart.o
LOAD ./Core/Src1/arhiv.o
LOAD ./Core/Src1/calculations.o
LOAD ./Core/Src1/debug.o
LOAD ./Core/Src1/eeprom.o
LOAD ./Core/Src1/flash.o
LOAD ./Core/Src1/lmp91000.o
LOAD ./Core/Src1/modbus_lpuart.o
LOAD ./Core/Src2/ADS1115.o
LOAD ./Core/Src2/Mipex_command.o
LOAD ./Core/Src2/device.o
LOAD ./Core/Src2/modbus.o
LOAD ./Core/Src2/msi.o
LOAD ./Core/Startup/startup_stm32l031g6ux.o
LOAD ./Drivers/STM32L0xx_HAL_Driver/stm32l0xx_ll_adc.o
LOAD ./Drivers/STM32L0xx_HAL_Driver/stm32l0xx_ll_crc.o
LOAD ./Drivers/STM32L0xx_HAL_Driver/stm32l0xx_ll_dma.o
LOAD ./Drivers/STM32L0xx_HAL_Driver/stm32l0xx_ll_exti.o
LOAD ./Drivers/STM32L0xx_HAL_Driver/stm32l0xx_ll_gpio.o
LOAD ./Drivers/STM32L0xx_HAL_Driver/stm32l0xx_ll_i2c.o
LOAD ./Drivers/STM32L0xx_HAL_Driver/stm32l0xx_ll_lptim.o
LOAD ./Drivers/STM32L0xx_HAL_Driver/stm32l0xx_ll_lpuart.o
LOAD ./Drivers/STM32L0xx_HAL_Driver/stm32l0xx_ll_pwr.o
LOAD ./Drivers/STM32L0xx_HAL_Driver/stm32l0xx_ll_rcc.o
LOAD ./Drivers/STM32L0xx_HAL_Driver/stm32l0xx_ll_tim.o
LOAD ./Drivers/STM32L0xx_HAL_Driver/stm32l0xx_ll_usart.o
LOAD ./Drivers/STM32L0xx_HAL_Driver/stm32l0xx_ll_utils.o
START GROUP
LOAD d:/st/stm32cubeide_1.7.0/stm32cubeide/plugins/com.st.stm32cube.ide.mcu.externaltools.gnu-tools-for-stm32.9-2020-q2-update.win32_2.0.0.202105311346/tools/bin/../lib/gcc/arm-none-eabi/9.3.1/../../../../arm-none-eabi/lib/thumb/v6-m/nofp\libc_nano.a
LOAD d:/st/stm32cubeide_1.7.0/stm32cubeide/plugins/com.st.stm32cube.ide.mcu.externaltools.gnu-tools-for-stm32.9-2020-q2-update.win32_2.0.0.202105311346/tools/bin/../lib/gcc/arm-none-eabi/9.3.1/../../../../arm-none-eabi/lib/thumb/v6-m/nofp\libm.a
END GROUP
START GROUP
LOAD d:/st/stm32cubeide_1.7.0/stm32cubeide/plugins/com.st.stm32cube.ide.mcu.externaltools.gnu-tools-for-stm32.9-2020-q2-update.win32_2.0.0.202105311346/tools/bin/../lib/gcc/arm-none-eabi/9.3.1/thumb/v6-m/nofp\libgcc.a
LOAD d:/st/stm32cubeide_1.7.0/stm32cubeide/plugins/com.st.stm32cube.ide.mcu.externaltools.gnu-tools-for-stm32.9-2020-q2-update.win32_2.0.0.202105311346/tools/bin/../lib/gcc/arm-none-eabi/9.3.1/../../../../arm-none-eabi/lib/thumb/v6-m/nofp\libc_nano.a
END GROUP
START GROUP
LOAD d:/st/stm32cubeide_1.7.0/stm32cubeide/plugins/com.st.stm32cube.ide.mcu.externaltools.gnu-tools-for-stm32.9-2020-q2-update.win32_2.0.0.202105311346/tools/bin/../lib/gcc/arm-none-eabi/9.3.1/thumb/v6-m/nofp\libgcc.a
LOAD d:/st/stm32cubeide_1.7.0/stm32cubeide/plugins/com.st.stm32cube.ide.mcu.externaltools.gnu-tools-for-stm32.9-2020-q2-update.win32_2.0.0.202105311346/tools/bin/../lib/gcc/arm-none-eabi/9.3.1/../../../../arm-none-eabi/lib/thumb/v6-m/nofp\libc_nano.a
LOAD d:/st/stm32cubeide_1.7.0/stm32cubeide/plugins/com.st.stm32cube.ide.mcu.externaltools.gnu-tools-for-stm32.9-2020-q2-update.win32_2.0.0.202105311346/tools/bin/../lib/gcc/arm-none-eabi/9.3.1/../../../../arm-none-eabi/lib/thumb/v6-m/nofp\libnosys.a
END GROUP
START GROUP
LOAD d:/st/stm32cubeide_1.7.0/stm32cubeide/plugins/com.st.stm32cube.ide.mcu.externaltools.gnu-tools-for-stm32.9-2020-q2-update.win32_2.0.0.202105311346/tools/bin/../lib/gcc/arm-none-eabi/9.3.1/thumb/v6-m/nofp\libgcc.a
LOAD d:/st/stm32cubeide_1.7.0/stm32cubeide/plugins/com.st.stm32cube.ide.mcu.externaltools.gnu-tools-for-stm32.9-2020-q2-update.win32_2.0.0.202105311346/tools/bin/../lib/gcc/arm-none-eabi/9.3.1/../../../../arm-none-eabi/lib/thumb/v6-m/nofp\libc_nano.a
LOAD d:/st/stm32cubeide_1.7.0/stm32cubeide/plugins/com.st.stm32cube.ide.mcu.externaltools.gnu-tools-for-stm32.9-2020-q2-update.win32_2.0.0.202105311346/tools/bin/../lib/gcc/arm-none-eabi/9.3.1/../../../../arm-none-eabi/lib/thumb/v6-m/nofp\libnosys.a
END GROUP
LOAD d:/st/stm32cubeide_1.7.0/stm32cubeide/plugins/com.st.stm32cube.ide.mcu.externaltools.gnu-tools-for-stm32.9-2020-q2-update.win32_2.0.0.202105311346/tools/bin/../lib/gcc/arm-none-eabi/9.3.1/thumb/v6-m/nofp/crtend.o
LOAD d:/st/stm32cubeide_1.7.0/stm32cubeide/plugins/com.st.stm32cube.ide.mcu.externaltools.gnu-tools-for-stm32.9-2020-q2-update.win32_2.0.0.202105311346/tools/bin/../lib/gcc/arm-none-eabi/9.3.1/thumb/v6-m/nofp/crtn.o
                0x0000000020002000                _estack = (ORIGIN (RAM) + LENGTH (RAM))
                0x0000000000000200                _Min_Heap_Size = 0x200
                0x0000000000000400                _Min_Stack_Size = 0x400

.isr_vector     0x0000000008000000       0xc0
                0x0000000008000000                . = ALIGN (0x4)
 *(.isr_vector)
 .isr_vector    0x0000000008000000       0xc0 ./Core/Startup/startup_stm32l031g6ux.o
                0x0000000008000000                g_pfnVectors
                0x00000000080000c0                . = ALIGN (0x4)

.text           0x00000000080000c0     0x37a8
                0x00000000080000c0                . = ALIGN (0x4)
 *(.text)
 .text          0x00000000080000c0       0x48 d:/st/stm32cubeide_1.7.0/stm32cubeide/plugins/com.st.stm32cube.ide.mcu.externaltools.gnu-tools-for-stm32.9-2020-q2-update.win32_2.0.0.202105311346/tools/bin/../lib/gcc/arm-none-eabi/9.3.1/thumb/v6-m/nofp/crtbegin.o
 .text          0x0000000008000108        0xe d:/st/stm32cubeide_1.7.0/stm32cubeide/plugins/com.st.stm32cube.ide.mcu.externaltools.gnu-tools-for-stm32.9-2020-q2-update.win32_2.0.0.202105311346/tools/bin/../lib/gcc/arm-none-eabi/9.3.1/../../../../arm-none-eabi/lib/thumb/v6-m/nofp\libc_nano.a(lib_a-strlen.o)
                0x0000000008000108                strlen
 *fill*         0x0000000008000116        0x2 
 .text          0x0000000008000118       0x14 d:/st/stm32cubeide_1.7.0/stm32cubeide/plugins/com.st.stm32cube.ide.mcu.externaltools.gnu-tools-for-stm32.9-2020-q2-update.win32_2.0.0.202105311346/tools/bin/../lib/gcc/arm-none-eabi/9.3.1/thumb/v6-m/nofp\libgcc.a(_thumb1_case_shi.o)
                0x0000000008000118                __gnu_thumb1_case_shi
 .text          0x000000000800012c      0x114 d:/st/stm32cubeide_1.7.0/stm32cubeide/plugins/com.st.stm32cube.ide.mcu.externaltools.gnu-tools-for-stm32.9-2020-q2-update.win32_2.0.0.202105311346/tools/bin/../lib/gcc/arm-none-eabi/9.3.1/thumb/v6-m/nofp\libgcc.a(_udivsi3.o)
                0x000000000800012c                __aeabi_uidiv
                0x000000000800012c                __udivsi3
                0x0000000008000238                __aeabi_uidivmod
 .text          0x0000000008000240      0x1d4 d:/st/stm32cubeide_1.7.0/stm32cubeide/plugins/com.st.stm32cube.ide.mcu.externaltools.gnu-tools-for-stm32.9-2020-q2-update.win32_2.0.0.202105311346/tools/bin/../lib/gcc/arm-none-eabi/9.3.1/thumb/v6-m/nofp\libgcc.a(_divsi3.o)
                0x0000000008000240                __divsi3
                0x0000000008000240                __aeabi_idiv
                0x000000000800040c                __aeabi_idivmod
 .text          0x0000000008000414        0x4 d:/st/stm32cubeide_1.7.0/stm32cubeide/plugins/com.st.stm32cube.ide.mcu.externaltools.gnu-tools-for-stm32.9-2020-q2-update.win32_2.0.0.202105311346/tools/bin/../lib/gcc/arm-none-eabi/9.3.1/thumb/v6-m/nofp\libgcc.a(_dvmd_tls.o)
                0x0000000008000414                __aeabi_idiv0
                0x0000000008000414                __aeabi_ldiv0
 .text          0x0000000008000418       0x40 d:/st/stm32cubeide_1.7.0/stm32cubeide/plugins/com.st.stm32cube.ide.mcu.externaltools.gnu-tools-for-stm32.9-2020-q2-update.win32_2.0.0.202105311346/tools/bin/../lib/gcc/arm-none-eabi/9.3.1/thumb/v6-m/nofp\libgcc.a(_aeabi_uldivmod.o)
                0x0000000008000418                __aeabi_uldivmod
 .text          0x0000000008000458      0x198 d:/st/stm32cubeide_1.7.0/stm32cubeide/plugins/com.st.stm32cube.ide.mcu.externaltools.gnu-tools-for-stm32.9-2020-q2-update.win32_2.0.0.202105311346/tools/bin/../lib/gcc/arm-none-eabi/9.3.1/thumb/v6-m/nofp\libgcc.a(_udivmoddi4.o)
                0x0000000008000458                __udivmoddi4
 .text          0x00000000080005f0       0x18 d:/st/stm32cubeide_1.7.0/stm32cubeide/plugins/com.st.stm32cube.ide.mcu.externaltools.gnu-tools-for-stm32.9-2020-q2-update.win32_2.0.0.202105311346/tools/bin/../lib/gcc/arm-none-eabi/9.3.1/thumb/v6-m/nofp\libgcc.a(_clzdi2.o)
                0x00000000080005f0                __clzdi2
 .text          0x0000000008000608       0x3c d:/st/stm32cubeide_1.7.0/stm32cubeide/plugins/com.st.stm32cube.ide.mcu.externaltools.gnu-tools-for-stm32.9-2020-q2-update.win32_2.0.0.202105311346/tools/bin/../lib/gcc/arm-none-eabi/9.3.1/thumb/v6-m/nofp\libgcc.a(_clzsi2.o)
                0x0000000008000608                __clzsi2
 *(.text*)
 .text.MX_ADC_Init
                0x0000000008000644      0x180 ./Core/Src/adc.o
                0x0000000008000644                MX_ADC_Init
 .text.MX_CRC_Init
                0x00000000080007c4       0x4c ./Core/Src/crc.o
                0x00000000080007c4                MX_CRC_Init
 .text.CalcCRC  0x0000000008000810       0x2c ./Core/Src/crc.o
                0x0000000008000810                CalcCRC
 .text.MX_GPIO_Init
                0x000000000800083c       0xe4 ./Core/Src/gpio.o
                0x000000000800083c                MX_GPIO_Init
 .text.MX_I2C1_Init
                0x0000000008000920       0xdc ./Core/Src/i2c.o
                0x0000000008000920                MX_I2C1_Init
 .text.MX_LPTIM1_Init
                0x00000000080009fc       0x94 ./Core/Src/lptim.o
                0x00000000080009fc                MX_LPTIM1_Init
 .text.SystemClock_Config
                0x0000000008000a90      0x108 ./Core/Src/main.o
                0x0000000008000a90                SystemClock_Config
 .text.main     0x0000000008000b98      0x198 ./Core/Src/main.o
                0x0000000008000b98                main
 .text.NMI_Handler
                0x0000000008000d30        0x2 ./Core/Src/stm32l0xx_it.o
                0x0000000008000d30                NMI_Handler
 .text.HardFault_Handler
                0x0000000008000d32        0x2 ./Core/Src/stm32l0xx_it.o
                0x0000000008000d32                HardFault_Handler
 .text.SVC_Handler
                0x0000000008000d34        0x2 ./Core/Src/stm32l0xx_it.o
                0x0000000008000d34                SVC_Handler
 .text.PendSV_Handler
                0x0000000008000d36        0x2 ./Core/Src/stm32l0xx_it.o
                0x0000000008000d36                PendSV_Handler
 .text.SysTick_Handler
                0x0000000008000d38       0x18 ./Core/Src/stm32l0xx_it.o
                0x0000000008000d38                SysTick_Handler
 .text.EXTI4_15_IRQHandler
                0x0000000008000d50       0x14 ./Core/Src/stm32l0xx_it.o
                0x0000000008000d50                EXTI4_15_IRQHandler
 .text.ADC1_COMP_IRQHandler
                0x0000000008000d64       0x4c ./Core/Src/stm32l0xx_it.o
                0x0000000008000d64                ADC1_COMP_IRQHandler
 .text.LPTIM1_IRQHandler
                0x0000000008000db0       0x20 ./Core/Src/stm32l0xx_it.o
                0x0000000008000db0                LPTIM1_IRQHandler
 .text.TIM21_IRQHandler
                0x0000000008000dd0        0x2 ./Core/Src/stm32l0xx_it.o
                0x0000000008000dd0                TIM21_IRQHandler
 *fill*         0x0000000008000dd2        0x2 
 .text.TIM22_IRQHandler
                0x0000000008000dd4       0x28 ./Core/Src/stm32l0xx_it.o
                0x0000000008000dd4                TIM22_IRQHandler
 .text.USART2_IRQHandler
                0x0000000008000dfc        0x8 ./Core/Src/stm32l0xx_it.o
                0x0000000008000dfc                USART2_IRQHandler
 .text.LPUART1_IRQHandler
                0x0000000008000e04        0x8 ./Core/Src/stm32l0xx_it.o
                0x0000000008000e04                LPUART1_IRQHandler
 .text._sbrk    0x0000000008000e0c       0x48 ./Core/Src/sysmem.o
                0x0000000008000e0c                _sbrk
 .text.SystemInit
                0x0000000008000e54        0x2 ./Core/Src/system_stm32l0xx.o
                0x0000000008000e54                SystemInit
 *fill*         0x0000000008000e56        0x2 
 .text.MX_TIM21_Init
                0x0000000008000e58       0xac ./Core/Src/tim.o
                0x0000000008000e58                MX_TIM21_Init
 .text.MX_TIM22_Init
                0x0000000008000f04       0xbc ./Core/Src/tim.o
                0x0000000008000f04                MX_TIM22_Init
 .text.MX_LPUART1_UART_Init
                0x0000000008000fc0       0xd4 ./Core/Src/usart.o
                0x0000000008000fc0                MX_LPUART1_UART_Init
 .text.MX_USART2_UART_Init
                0x0000000008001094       0xe4 ./Core/Src/usart.o
                0x0000000008001094                MX_USART2_UART_Init
 .text.DayArhivStore
                0x0000000008001178       0x38 ./Core/Src1/arhiv.o
                0x0000000008001178                DayArhivStore
 .text.CalibGasZero
                0x00000000080011b0       0x28 ./Core/Src1/calculations.o
                0x00000000080011b0                CalibGasZero
 .text.CalibGasConc
                0x00000000080011d8       0x2c ./Core/Src1/calculations.o
                0x00000000080011d8                CalibGasConc
 .text.get_koef_temper_conc
                0x0000000008001204       0xc0 ./Core/Src1/calculations.o
                0x0000000008001204                get_koef_temper_conc
 .text.SetGasValue
                0x00000000080012c4       0xa0 ./Core/Src1/calculations.o
                0x00000000080012c4                SetGasValue
 .text.d_printf
                0x0000000008001364       0x6c ./Core/Src1/debug.o
                0x0000000008001364                d_printf
 .text.Debug_TXEmpty_Callback
                0x00000000080013d0       0x48 ./Core/Src1/debug.o
                0x00000000080013d0                Debug_TXEmpty_Callback
 .text.Debug_RXNEmpty_Callback
                0x0000000008001418       0x14 ./Core/Src1/debug.o
                0x0000000008001418                Debug_RXNEmpty_Callback
 .text.Debug_UART_IRQHandler
                0x000000000800142c       0x40 ./Core/Src1/debug.o
                0x000000000800142c                Debug_UART_IRQHandler
 .text.EEPROM_WaitEOP
                0x000000000800146c       0x2c ./Core/Src1/eeprom.o
                0x000000000800146c                EEPROM_WaitEOP
 .text.writeWordToEEPROM
                0x0000000008001498       0x1c ./Core/Src1/eeprom.o
                0x0000000008001498                writeWordToEEPROM
 .text.write_mem_to_eeprom
                0x00000000080014b4       0x20 ./Core/Src1/eeprom.o
                0x00000000080014b4                write_mem_to_eeprom
 .text.eeprom_config_write_bank
                0x00000000080014d4       0x50 ./Core/Src1/eeprom.o
                0x00000000080014d4                eeprom_config_write_bank
 .text.eeprom_config_write
                0x0000000008001524       0x40 ./Core/Src1/eeprom.o
                0x0000000008001524                eeprom_config_write
 .text.factory_config_write
                0x0000000008001564       0x14 ./Core/Src1/eeprom.o
                0x0000000008001564                factory_config_write
 .text.factory_config_read
                0x0000000008001578       0x7c ./Core/Src1/eeprom.o
                0x0000000008001578                factory_config_read
 .text.read_config_from_eeprom
                0x00000000080015f4      0x130 ./Core/Src1/eeprom.o
                0x00000000080015f4                read_config_from_eeprom
 .text.FLASH_UNLOCK
                0x0000000008001724       0x58 ./Core/Src1/flash.o
                0x0000000008001724                FLASH_UNLOCK
 .text.FLASH_LOCK
                0x000000000800177c       0x18 ./Core/Src1/flash.o
                0x000000000800177c                FLASH_LOCK
 .text.FlashWaitNoBSY
                0x0000000008001794       0x28 ./Core/Src1/flash.o
                0x0000000008001794                FlashWaitNoBSY
 .text.FlashWaitEOP
                0x00000000080017bc       0x2c ./Core/Src1/flash.o
                0x00000000080017bc                FlashWaitEOP
 .text.FlashPageErase
                0x00000000080017e8       0x40 ./Core/Src1/flash.o
                0x00000000080017e8                FlashPageErase
 .text.FlashProgram
                0x0000000008001828       0x70 ./Core/Src1/flash.o
                0x0000000008001828                FlashProgram
 .text.ArhivStoreNote
                0x0000000008001898       0x68 ./Core/Src1/flash.o
                0x0000000008001898                ArhivStoreNote
 .text.modbus_init
                0x0000000008001900       0x2c ./Core/Src1/modbus_lpuart.o
                0x0000000008001900                modbus_init
 .text.Modbus_TO_timer
                0x000000000800192c       0x20 ./Core/Src1/modbus_lpuart.o
                0x000000000800192c                Modbus_TO_timer
 .text.Modbus_RXNEmpty_Callback
                0x000000000800194c       0x44 ./Core/Src1/modbus_lpuart.o
                0x000000000800194c                Modbus_RXNEmpty_Callback
 .text.Modbus_TXEmpty_Callback
                0x0000000008001990       0x48 ./Core/Src1/modbus_lpuart.o
                0x0000000008001990                Modbus_TXEmpty_Callback
 .text.Modbus_LPUART_IRQHandler
                0x00000000080019d8       0x64 ./Core/Src1/modbus_lpuart.o
                0x00000000080019d8                Modbus_LPUART_IRQHandler
 .text.TimeOut_Set_I2C
                0x0000000008001a3c       0x1c ./Core/Src2/ADS1115.o
 .text.TimeOut_Read_I2C
                0x0000000008001a58       0x34 ./Core/Src2/ADS1115.o
 .text.I2C_ByteSend
                0x0000000008001a8c       0x28 ./Core/Src2/ADS1115.o
 .text.ADS_WRITE_REG
                0x0000000008001ab4       0x50 ./Core/Src2/ADS1115.o
 .text.ADS_READ_REG
                0x0000000008001b04       0x94 ./Core/Src2/ADS1115.o
 .text.ADS_Init
                0x0000000008001b98       0x18 ./Core/Src2/ADS1115.o
                0x0000000008001b98                ADS_Init
 .text.ADS_Read_Diff
                0x0000000008001bb0       0x5c ./Core/Src2/ADS1115.o
                0x0000000008001bb0                ADS_Read_Diff
 .text.ADS_Read_adc
                0x0000000008001c0c        0xc ./Core/Src2/ADS1115.o
                0x0000000008001c0c                ADS_Read_adc
 .text.ADS_Read_volt
                0x0000000008001c18       0x80 ./Core/Src2/ADS1115.o
                0x0000000008001c18                ADS_Read_volt
 .text.timer_1_128
                0x0000000008001c98       0xa8 ./Core/Src2/device.o
                0x0000000008001c98                timer_1_128
 .text.serviceTimerStart
                0x0000000008001d40        0xc ./Core/Src2/device.o
                0x0000000008001d40                serviceTimerStart
 .text.serviceTimerStop
                0x0000000008001d4c       0x40 ./Core/Src2/device.o
                0x0000000008001d4c                serviceTimerStop
 .text.serviceTimerProc
                0x0000000008001d8c       0x20 ./Core/Src2/device.o
                0x0000000008001d8c                serviceTimerProc
 .text.dev_set_config_default
                0x0000000008001dac       0x28 ./Core/Src2/device.o
                0x0000000008001dac                dev_set_config_default
 .text.dev_init
                0x0000000008001dd4       0x2c ./Core/Src2/device.o
                0x0000000008001dd4                dev_init
 .text.heat_proc
                0x0000000008001e00       0xb4 ./Core/Src2/device.o
                0x0000000008001e00                heat_proc
 .text.dev_proc
                0x0000000008001eb4       0x78 ./Core/Src2/device.o
                0x0000000008001eb4                dev_proc
 .text.Adc_Eoc_Callback
                0x0000000008001f2c       0x48 ./Core/Src2/device.o
                0x0000000008001f2c                Adc_Eoc_Callback
 .text.Adc_read_data
                0x0000000008001f74       0xa0 ./Core/Src2/device.o
                0x0000000008001f74                Adc_read_data
 .text.mb_crc   0x0000000008002014       0x38 ./Core/Src2/modbus.o
                0x0000000008002014                mb_crc
 .text.modbusSet
                0x000000000800204c       0x60 ./Core/Src2/modbus.o
                0x000000000800204c                modbusSet
 .text.__CMD_PUT_WORD
                0x00000000080020ac       0x48 ./Core/Src2/modbus.o
                0x00000000080020ac                __CMD_PUT_WORD
 .text.CmdFunc3
                0x00000000080020f4       0xd8 ./Core/Src2/modbus.o
                0x00000000080020f4                CmdFunc3
 .text.CmdFunc4
                0x00000000080021cc       0xb8 ./Core/Src2/modbus.o
                0x00000000080021cc                CmdFunc4
 .text.__CMD_SAVE_WORD
                0x0000000008002284       0x44 ./Core/Src2/modbus.o
                0x0000000008002284                __CMD_SAVE_WORD
 .text.check_block
                0x00000000080022c8       0xc8 ./Core/Src2/modbus.o
                0x00000000080022c8                check_block
 .text.modbusCMD
                0x0000000008002390       0x8c ./Core/Src2/modbus.o
                0x0000000008002390                modbusCMD
 .text.CmdFunc6
                0x000000000800241c       0xf8 ./Core/Src2/modbus.o
                0x000000000800241c                CmdFunc6
 .text.CmdFunc8
                0x0000000008002514       0x10 ./Core/Src2/modbus.o
                0x0000000008002514                CmdFunc8
 .text.CmdFunc12
                0x0000000008002524       0x54 ./Core/Src2/modbus.o
                0x0000000008002524                CmdFunc12
 .text.CmdFunc16
                0x0000000008002578      0x130 ./Core/Src2/modbus.o
                0x0000000008002578                CmdFunc16
 .text.cmdModbusRTU
                0x00000000080026a8       0x94 ./Core/Src2/modbus.o
                0x00000000080026a8                cmdModbusRTU
 .text.mb_proc  0x000000000800273c       0x80 ./Core/Src2/modbus.o
                0x000000000800273c                mb_proc
 .text.Reset_Handler
                0x00000000080027bc       0x50 ./Core/Startup/startup_stm32l031g6ux.o
                0x00000000080027bc                Reset_Handler
 .text.Default_Handler
                0x000000000800280c        0x2 ./Core/Startup/startup_stm32l031g6ux.o
                0x000000000800280c                PVD_IRQHandler
                0x000000000800280c                I2C1_IRQHandler
                0x000000000800280c                SPI1_IRQHandler
                0x000000000800280c                EXTI2_3_IRQHandler
                0x000000000800280c                RTC_IRQHandler
                0x000000000800280c                DMA1_Channel4_5_6_7_IRQHandler
                0x000000000800280c                RCC_IRQHandler
                0x000000000800280c                DMA1_Channel1_IRQHandler
                0x000000000800280c                Default_Handler
                0x000000000800280c                EXTI0_1_IRQHandler
                0x000000000800280c                WWDG_IRQHandler
                0x000000000800280c                TIM2_IRQHandler
                0x000000000800280c                DMA1_Channel2_3_IRQHandler
                0x000000000800280c                FLASH_IRQHandler
 *fill*         0x000000000800280e        0x2 
 .text.LL_ADC_Init
                0x0000000008002810       0x34 ./Drivers/STM32L0xx_HAL_Driver/stm32l0xx_ll_adc.o
                0x0000000008002810                LL_ADC_Init
 .text.LL_ADC_REG_Init
                0x0000000008002844       0x30 ./Drivers/STM32L0xx_HAL_Driver/stm32l0xx_ll_adc.o
                0x0000000008002844                LL_ADC_REG_Init
 .text.LL_EXTI_Init
                0x0000000008002874       0xc8 ./Drivers/STM32L0xx_HAL_Driver/stm32l0xx_ll_exti.o
                0x0000000008002874                LL_EXTI_Init
 .text.LL_GPIO_Init
                0x000000000800293c       0xb0 ./Drivers/STM32L0xx_HAL_Driver/stm32l0xx_ll_gpio.o
                0x000000000800293c                LL_GPIO_Init
 .text.LL_I2C_Init
                0x00000000080029ec       0x78 ./Drivers/STM32L0xx_HAL_Driver/stm32l0xx_ll_i2c.o
                0x00000000080029ec                LL_I2C_Init
 .text.LL_LPUART_Init
                0x0000000008002a64       0x80 ./Drivers/STM32L0xx_HAL_Driver/stm32l0xx_ll_lpuart.o
                0x0000000008002a64                LL_LPUART_Init
 .text.RCC_GetHCLKClockFreq
                0x0000000008002ae4       0x1c ./Drivers/STM32L0xx_HAL_Driver/stm32l0xx_ll_rcc.o
                0x0000000008002ae4                RCC_GetHCLKClockFreq
 .text.RCC_GetPCLK1ClockFreq
                0x0000000008002b00       0x1c ./Drivers/STM32L0xx_HAL_Driver/stm32l0xx_ll_rcc.o
                0x0000000008002b00                RCC_GetPCLK1ClockFreq
 .text.RCC_PLL_GetFreqDomain_SYS
                0x0000000008002b1c       0x50 ./Drivers/STM32L0xx_HAL_Driver/stm32l0xx_ll_rcc.o
                0x0000000008002b1c                RCC_PLL_GetFreqDomain_SYS
 .text.RCC_GetSystemClockFreq
                0x0000000008002b6c       0x70 ./Drivers/STM32L0xx_HAL_Driver/stm32l0xx_ll_rcc.o
                0x0000000008002b6c                RCC_GetSystemClockFreq
 .text.LL_RCC_GetUSARTClockFreq
                0x0000000008002bdc       0x88 ./Drivers/STM32L0xx_HAL_Driver/stm32l0xx_ll_rcc.o
                0x0000000008002bdc                LL_RCC_GetUSARTClockFreq
 .text.LL_RCC_GetLPUARTClockFreq
                0x0000000008002c64       0x74 ./Drivers/STM32L0xx_HAL_Driver/stm32l0xx_ll_rcc.o
                0x0000000008002c64                LL_RCC_GetLPUARTClockFreq
 .text.OC1Config
                0x0000000008002cd8       0x34 ./Drivers/STM32L0xx_HAL_Driver/stm32l0xx_ll_tim.o
 .text.OC2Config
                0x0000000008002d0c       0x40 ./Drivers/STM32L0xx_HAL_Driver/stm32l0xx_ll_tim.o
 .text.OC3Config
                0x0000000008002d4c       0x40 ./Drivers/STM32L0xx_HAL_Driver/stm32l0xx_ll_tim.o
 .text.OC4Config
                0x0000000008002d8c       0x48 ./Drivers/STM32L0xx_HAL_Driver/stm32l0xx_ll_tim.o
 .text.LL_TIM_Init
                0x0000000008002dd4       0x5c ./Drivers/STM32L0xx_HAL_Driver/stm32l0xx_ll_tim.o
                0x0000000008002dd4                LL_TIM_Init
 .text.LL_TIM_OC_Init
                0x0000000008002e30       0x40 ./Drivers/STM32L0xx_HAL_Driver/stm32l0xx_ll_tim.o
                0x0000000008002e30                LL_TIM_OC_Init
 .text.LL_USART_Init
                0x0000000008002e70       0xb0 ./Drivers/STM32L0xx_HAL_Driver/stm32l0xx_ll_usart.o
                0x0000000008002e70                LL_USART_Init
 .text.LL_Init1msTick
                0x0000000008002f20       0x20 ./Drivers/STM32L0xx_HAL_Driver/stm32l0xx_ll_utils.o
                0x0000000008002f20                LL_Init1msTick
 .text.LL_mDelay
                0x0000000008002f40       0x28 ./Drivers/STM32L0xx_HAL_Driver/stm32l0xx_ll_utils.o
                0x0000000008002f40                LL_mDelay
 .text.LL_SetSystemCoreClock
                0x0000000008002f68        0xc ./Drivers/STM32L0xx_HAL_Driver/stm32l0xx_ll_utils.o
                0x0000000008002f68                LL_SetSystemCoreClock
 .text.__errno  0x0000000008002f74        0xc d:/st/stm32cubeide_1.7.0/stm32cubeide/plugins/com.st.stm32cube.ide.mcu.externaltools.gnu-tools-for-stm32.9-2020-q2-update.win32_2.0.0.202105311346/tools/bin/../lib/gcc/arm-none-eabi/9.3.1/../../../../arm-none-eabi/lib/thumb/v6-m/nofp\libc_nano.a(lib_a-errno.o)
                0x0000000008002f74                __errno
 .text.__libc_init_array
                0x0000000008002f80       0x48 d:/st/stm32cubeide_1.7.0/stm32cubeide/plugins/com.st.stm32cube.ide.mcu.externaltools.gnu-tools-for-stm32.9-2020-q2-update.win32_2.0.0.202105311346/tools/bin/../lib/gcc/arm-none-eabi/9.3.1/../../../../arm-none-eabi/lib/thumb/v6-m/nofp\libc_nano.a(lib_a-init.o)
                0x0000000008002f80                __libc_init_array
 .text.memcpy   0x0000000008002fc8       0x12 d:/st/stm32cubeide_1.7.0/stm32cubeide/plugins/com.st.stm32cube.ide.mcu.externaltools.gnu-tools-for-stm32.9-2020-q2-update.win32_2.0.0.202105311346/tools/bin/../lib/gcc/arm-none-eabi/9.3.1/../../../../arm-none-eabi/lib/thumb/v6-m/nofp\libc_nano.a(lib_a-memcpy-stub.o)
                0x0000000008002fc8                memcpy
 .text.memset   0x0000000008002fda       0x10 d:/st/stm32cubeide_1.7.0/stm32cubeide/plugins/com.st.stm32cube.ide.mcu.externaltools.gnu-tools-for-stm32.9-2020-q2-update.win32_2.0.0.202105311346/tools/bin/../lib/gcc/arm-none-eabi/9.3.1/../../../../arm-none-eabi/lib/thumb/v6-m/nofp\libc_nano.a(lib_a-memset.o)
                0x0000000008002fda                memset
 .text._vsnprintf_r
                0x0000000008002fea       0x56 d:/st/stm32cubeide_1.7.0/stm32cubeide/plugins/com.st.stm32cube.ide.mcu.externaltools.gnu-tools-for-stm32.9-2020-q2-update.win32_2.0.0.202105311346/tools/bin/../lib/gcc/arm-none-eabi/9.3.1/../../../../arm-none-eabi/lib/thumb/v6-m/nofp\libc_nano.a(lib_a-vsnprintf.o)
                0x0000000008002fea                _vsniprintf_r
                0x0000000008002fea                _vsnprintf_r
 .text.vsnprintf
                0x0000000008003040       0x18 d:/st/stm32cubeide_1.7.0/stm32cubeide/plugins/com.st.stm32cube.ide.mcu.externaltools.gnu-tools-for-stm32.9-2020-q2-update.win32_2.0.0.202105311346/tools/bin/../lib/gcc/arm-none-eabi/9.3.1/../../../../arm-none-eabi/lib/thumb/v6-m/nofp\libc_nano.a(lib_a-vsnprintf.o)
                0x0000000008003040                vsniprintf
                0x0000000008003040                vsnprintf
 .text.__ssputs_r
                0x0000000008003058       0xc4 d:/st/stm32cubeide_1.7.0/stm32cubeide/plugins/com.st.stm32cube.ide.mcu.externaltools.gnu-tools-for-stm32.9-2020-q2-update.win32_2.0.0.202105311346/tools/bin/../lib/gcc/arm-none-eabi/9.3.1/../../../../arm-none-eabi/lib/thumb/v6-m/nofp\libc_nano.a(lib_a-nano-svfprintf.o)
                0x0000000008003058                __ssputs_r
 .text._svfprintf_r
                0x000000000800311c      0x200 d:/st/stm32cubeide_1.7.0/stm32cubeide/plugins/com.st.stm32cube.ide.mcu.externaltools.gnu-tools-for-stm32.9-2020-q2-update.win32_2.0.0.202105311346/tools/bin/../lib/gcc/arm-none-eabi/9.3.1/../../../../arm-none-eabi/lib/thumb/v6-m/nofp\libc_nano.a(lib_a-nano-svfprintf.o)
                0x000000000800311c                _svfiprintf_r
                0x000000000800311c                _svfprintf_r
 .text._printf_common
                0x000000000800331c       0xde d:/st/stm32cubeide_1.7.0/stm32cubeide/plugins/com.st.stm32cube.ide.mcu.externaltools.gnu-tools-for-stm32.9-2020-q2-update.win32_2.0.0.202105311346/tools/bin/../lib/gcc/arm-none-eabi/9.3.1/../../../../arm-none-eabi/lib/thumb/v6-m/nofp\libc_nano.a(lib_a-nano-vfprintf_i.o)
                0x000000000800331c                _printf_common
 *fill*         0x00000000080033fa        0x2 
 .text._printf_i
                0x00000000080033fc      0x224 d:/st/stm32cubeide_1.7.0/stm32cubeide/plugins/com.st.stm32cube.ide.mcu.externaltools.gnu-tools-for-stm32.9-2020-q2-update.win32_2.0.0.202105311346/tools/bin/../lib/gcc/arm-none-eabi/9.3.1/../../../../arm-none-eabi/lib/thumb/v6-m/nofp\libc_nano.a(lib_a-nano-vfprintf_i.o)
                0x00000000080033fc                _printf_i
 .text.memchr   0x0000000008003620       0x16 d:/st/stm32cubeide_1.7.0/stm32cubeide/plugins/com.st.stm32cube.ide.mcu.externaltools.gnu-tools-for-stm32.9-2020-q2-update.win32_2.0.0.202105311346/tools/bin/../lib/gcc/arm-none-eabi/9.3.1/../../../../arm-none-eabi/lib/thumb/v6-m/nofp\libc_nano.a(lib_a-memchr-stub.o)
                0x0000000008003620                memchr
 .text.memmove  0x0000000008003636       0x26 d:/st/stm32cubeide_1.7.0/stm32cubeide/plugins/com.st.stm32cube.ide.mcu.externaltools.gnu-tools-for-stm32.9-2020-q2-update.win32_2.0.0.202105311346/tools/bin/../lib/gcc/arm-none-eabi/9.3.1/../../../../arm-none-eabi/lib/thumb/v6-m/nofp\libc_nano.a(lib_a-memmove.o)
                0x0000000008003636                memmove
 .text._free_r  0x000000000800365c       0x94 d:/st/stm32cubeide_1.7.0/stm32cubeide/plugins/com.st.stm32cube.ide.mcu.externaltools.gnu-tools-for-stm32.9-2020-q2-update.win32_2.0.0.202105311346/tools/bin/../lib/gcc/arm-none-eabi/9.3.1/../../../../arm-none-eabi/lib/thumb/v6-m/nofp\libc_nano.a(lib_a-nano-freer.o)
                0x000000000800365c                _free_r
 .text._malloc_r
                0x00000000080036f0       0xbc d:/st/stm32cubeide_1.7.0/stm32cubeide/plugins/com.st.stm32cube.ide.mcu.externaltools.gnu-tools-for-stm32.9-2020-q2-update.win32_2.0.0.202105311346/tools/bin/../lib/gcc/arm-none-eabi/9.3.1/../../../../arm-none-eabi/lib/thumb/v6-m/nofp\libc_nano.a(lib_a-nano-mallocr.o)
                0x00000000080036f0                _malloc_r
 .text._realloc_r
                0x00000000080037ac       0x4c d:/st/stm32cubeide_1.7.0/stm32cubeide/plugins/com.st.stm32cube.ide.mcu.externaltools.gnu-tools-for-stm32.9-2020-q2-update.win32_2.0.0.202105311346/tools/bin/../lib/gcc/arm-none-eabi/9.3.1/../../../../arm-none-eabi/lib/thumb/v6-m/nofp\libc_nano.a(lib_a-nano-reallocr.o)
                0x00000000080037ac                _realloc_r
 .text._sbrk_r  0x00000000080037f8       0x24 d:/st/stm32cubeide_1.7.0/stm32cubeide/plugins/com.st.stm32cube.ide.mcu.externaltools.gnu-tools-for-stm32.9-2020-q2-update.win32_2.0.0.202105311346/tools/bin/../lib/gcc/arm-none-eabi/9.3.1/../../../../arm-none-eabi/lib/thumb/v6-m/nofp\libc_nano.a(lib_a-sbrkr.o)
                0x00000000080037f8                _sbrk_r
 .text.__malloc_lock
                0x000000000800381c       0x10 d:/st/stm32cubeide_1.7.0/stm32cubeide/plugins/com.st.stm32cube.ide.mcu.externaltools.gnu-tools-for-stm32.9-2020-q2-update.win32_2.0.0.202105311346/tools/bin/../lib/gcc/arm-none-eabi/9.3.1/../../../../arm-none-eabi/lib/thumb/v6-m/nofp\libc_nano.a(lib_a-mlock.o)
                0x000000000800381c                __malloc_lock
 .text.__malloc_unlock
                0x000000000800382c       0x10 d:/st/stm32cubeide_1.7.0/stm32cubeide/plugins/com.st.stm32cube.ide.mcu.externaltools.gnu-tools-for-stm32.9-2020-q2-update.win32_2.0.0.202105311346/tools/bin/../lib/gcc/arm-none-eabi/9.3.1/../../../../arm-none-eabi/lib/thumb/v6-m/nofp\libc_nano.a(lib_a-mlock.o)
                0x000000000800382c                __malloc_unlock
 .text._malloc_usable_size_r
                0x000000000800383c       0x10 d:/st/stm32cubeide_1.7.0/stm32cubeide/plugins/com.st.stm32cube.ide.mcu.externaltools.gnu-tools-for-stm32.9-2020-q2-update.win32_2.0.0.202105311346/tools/bin/../lib/gcc/arm-none-eabi/9.3.1/../../../../arm-none-eabi/lib/thumb/v6-m/nofp\libc_nano.a(lib_a-nano-msizer.o)
                0x000000000800383c                _malloc_usable_size_r
 .text.__retarget_lock_acquire_recursive
                0x000000000800384c        0x2 d:/st/stm32cubeide_1.7.0/stm32cubeide/plugins/com.st.stm32cube.ide.mcu.externaltools.gnu-tools-for-stm32.9-2020-q2-update.win32_2.0.0.202105311346/tools/bin/../lib/gcc/arm-none-eabi/9.3.1/../../../../arm-none-eabi/lib/thumb/v6-m/nofp\libc_nano.a(lib_a-lock.o)
                0x000000000800384c                __retarget_lock_acquire_recursive
 .text.__retarget_lock_release_recursive
                0x000000000800384e        0x2 d:/st/stm32cubeide_1.7.0/stm32cubeide/plugins/com.st.stm32cube.ide.mcu.externaltools.gnu-tools-for-stm32.9-2020-q2-update.win32_2.0.0.202105311346/tools/bin/../lib/gcc/arm-none-eabi/9.3.1/../../../../arm-none-eabi/lib/thumb/v6-m/nofp\libc_nano.a(lib_a-lock.o)
                0x000000000800384e                __retarget_lock_release_recursive
 *(.glue_7)
 .glue_7        0x0000000008003850        0x0 linker stubs
 *(.glue_7t)
 .glue_7t       0x0000000008003850        0x0 linker stubs
 *(.eh_frame)
 .eh_frame      0x0000000008003850        0x0 d:/st/stm32cubeide_1.7.0/stm32cubeide/plugins/com.st.stm32cube.ide.mcu.externaltools.gnu-tools-for-stm32.9-2020-q2-update.win32_2.0.0.202105311346/tools/bin/../lib/gcc/arm-none-eabi/9.3.1/thumb/v6-m/nofp/crtbegin.o
 *(.init)
 .init          0x0000000008003850        0x4 d:/st/stm32cubeide_1.7.0/stm32cubeide/plugins/com.st.stm32cube.ide.mcu.externaltools.gnu-tools-for-stm32.9-2020-q2-update.win32_2.0.0.202105311346/tools/bin/../lib/gcc/arm-none-eabi/9.3.1/thumb/v6-m/nofp/crti.o
                0x0000000008003850                _init
 .init          0x0000000008003854        0x8 d:/st/stm32cubeide_1.7.0/stm32cubeide/plugins/com.st.stm32cube.ide.mcu.externaltools.gnu-tools-for-stm32.9-2020-q2-update.win32_2.0.0.202105311346/tools/bin/../lib/gcc/arm-none-eabi/9.3.1/thumb/v6-m/nofp/crtn.o
 *(.fini)
 .fini          0x000000000800385c        0x4 d:/st/stm32cubeide_1.7.0/stm32cubeide/plugins/com.st.stm32cube.ide.mcu.externaltools.gnu-tools-for-stm32.9-2020-q2-update.win32_2.0.0.202105311346/tools/bin/../lib/gcc/arm-none-eabi/9.3.1/thumb/v6-m/nofp/crti.o
                0x000000000800385c                _fini
 .fini          0x0000000008003860        0x8 d:/st/stm32cubeide_1.7.0/stm32cubeide/plugins/com.st.stm32cube.ide.mcu.externaltools.gnu-tools-for-stm32.9-2020-q2-update.win32_2.0.0.202105311346/tools/bin/../lib/gcc/arm-none-eabi/9.3.1/thumb/v6-m/nofp/crtn.o
                0x0000000008003868                . = ALIGN (0x4)
                0x0000000008003868                _etext = .

.vfp11_veneer   0x0000000008003868        0x0
 .vfp11_veneer  0x0000000008003868        0x0 linker stubs

.v4_bx          0x0000000008003868        0x0
 .v4_bx         0x0000000008003868        0x0 linker stubs

.iplt           0x0000000008003868        0x0
 .iplt          0x0000000008003868        0x0 d:/st/stm32cubeide_1.7.0/stm32cubeide/plugins/com.st.stm32cube.ide.mcu.externaltools.gnu-tools-for-stm32.9-2020-q2-update.win32_2.0.0.202105311346/tools/bin/../lib/gcc/arm-none-eabi/9.3.1/thumb/v6-m/nofp/crtbegin.o

.rodata         0x0000000008003868      0x5fc
                0x0000000008003868                . = ALIGN (0x4)
 *(.rodata)
 *(.rodata*)
 .rodata.AHBPrescTable
                0x0000000008003868       0x10 ./Core/Src/system_stm32l0xx.o
                0x0000000008003868                AHBPrescTable
 .rodata.APBPrescTable
                0x0000000008003878        0x8 ./Core/Src/system_stm32l0xx.o
                0x0000000008003878                APBPrescTable
 .rodata.PLLMulTable
                0x0000000008003880        0x9 ./Core/Src/system_stm32l0xx.o
                0x0000000008003880                PLLMulTable
 *fill*         0x0000000008003889        0x3 
 .rodata.eeprom_config_write.str1.4
                0x000000000800388c       0x11 ./Core/Src1/eeprom.o
 *fill*         0x000000000800389d        0x3 
 .rodata.factory_config_write.str1.4
                0x00000000080038a0       0x17 ./Core/Src1/eeprom.o
 *fill*         0x00000000080038b7        0x1 
 .rodata.factory_config_read.str1.4
                0x00000000080038b8       0x23 ./Core/Src1/eeprom.o
 *fill*         0x00000000080038db        0x1 
 .rodata.read_config_from_eeprom.str1.4
                0x00000000080038dc       0x24 ./Core/Src1/eeprom.o
 .rodata.modbusCMD.str1.4
                0x0000000008003900       0x1d ./Core/Src2/modbus.o
 *fill*         0x000000000800391d        0x3 
 .rodata.CmdFunc6.str1.4
                0x0000000008003920       0x3a ./Core/Src2/modbus.o
 *fill*         0x000000000800395a        0x2 
 .rodata.CmdFunc16.str1.4
                0x000000000800395c       0x35 ./Core/Src2/modbus.o
 *fill*         0x0000000008003991        0x3 
 .rodata.cmdModbusRTU.str1.4
                0x0000000008003994       0x1c ./Core/Src2/modbus.o
 .rodata.cmdModbusRTU
                0x00000000080039b0       0x38 ./Core/Src2/modbus.o
 .rodata.reg_x03
                0x00000000080039e8      0x380 ./Core/Src2/modbus.o
                0x00000000080039e8                reg_x03
 .rodata.reg_x04
                0x0000000008003d68       0xc8 ./Core/Src2/modbus.o
                0x0000000008003d68                reg_x04
 .rodata._svfprintf_r.str1.1
                0x0000000008003e30       0x11 d:/st/stm32cubeide_1.7.0/stm32cubeide/plugins/com.st.stm32cube.ide.mcu.externaltools.gnu-tools-for-stm32.9-2020-q2-update.win32_2.0.0.202105311346/tools/bin/../lib/gcc/arm-none-eabi/9.3.1/../../../../arm-none-eabi/lib/thumb/v6-m/nofp\libc_nano.a(lib_a-nano-svfprintf.o)
 .rodata._printf_i.str1.1
                0x0000000008003e41       0x22 d:/st/stm32cubeide_1.7.0/stm32cubeide/plugins/com.st.stm32cube.ide.mcu.externaltools.gnu-tools-for-stm32.9-2020-q2-update.win32_2.0.0.202105311346/tools/bin/../lib/gcc/arm-none-eabi/9.3.1/../../../../arm-none-eabi/lib/thumb/v6-m/nofp\libc_nano.a(lib_a-nano-vfprintf_i.o)
                0x0000000008003e64                . = ALIGN (0x4)
 *fill*         0x0000000008003e63        0x1 

.ARM.extab      0x0000000008003e64        0x0
                0x0000000008003e64                . = ALIGN (0x4)
 *(.ARM.extab* .gnu.linkonce.armextab.*)
                0x0000000008003e64                . = ALIGN (0x4)

.ARM            0x0000000008003e64        0x8
                0x0000000008003e64                . = ALIGN (0x4)
                0x0000000008003e64                __exidx_start = .
 *(.ARM.exidx*)
 .ARM.exidx     0x0000000008003e64        0x8 d:/st/stm32cubeide_1.7.0/stm32cubeide/plugins/com.st.stm32cube.ide.mcu.externaltools.gnu-tools-for-stm32.9-2020-q2-update.win32_2.0.0.202105311346/tools/bin/../lib/gcc/arm-none-eabi/9.3.1/thumb/v6-m/nofp\libgcc.a(_udivmoddi4.o)
                0x0000000008003e6c                __exidx_end = .
                0x0000000008003e6c                . = ALIGN (0x4)

.rel.dyn        0x0000000008003e6c        0x0
 .rel.iplt      0x0000000008003e6c        0x0 d:/st/stm32cubeide_1.7.0/stm32cubeide/plugins/com.st.stm32cube.ide.mcu.externaltools.gnu-tools-for-stm32.9-2020-q2-update.win32_2.0.0.202105311346/tools/bin/../lib/gcc/arm-none-eabi/9.3.1/thumb/v6-m/nofp/crtbegin.o

.preinit_array  0x0000000008003e6c        0x0
                0x0000000008003e6c                . = ALIGN (0x4)
                0x0000000008003e6c                PROVIDE (__preinit_array_start = .)
 *(.preinit_array*)
                0x0000000008003e6c                PROVIDE (__preinit_array_end = .)
                0x0000000008003e6c                . = ALIGN (0x4)

.init_array     0x0000000008003e6c        0x4
                0x0000000008003e6c                . = ALIGN (0x4)
                0x0000000008003e6c                PROVIDE (__init_array_start = .)
 *(SORT_BY_NAME(.init_array.*))
 *(.init_array*)
 .init_array    0x0000000008003e6c        0x4 d:/st/stm32cubeide_1.7.0/stm32cubeide/plugins/com.st.stm32cube.ide.mcu.externaltools.gnu-tools-for-stm32.9-2020-q2-update.win32_2.0.0.202105311346/tools/bin/../lib/gcc/arm-none-eabi/9.3.1/thumb/v6-m/nofp/crtbegin.o
                0x0000000008003e70                PROVIDE (__init_array_end = .)
                0x0000000008003e70                . = ALIGN (0x4)

.fini_array     0x0000000008003e70        0x4
                0x0000000008003e70                . = ALIGN (0x4)
                [!provide]                        PROVIDE (__fini_array_start = .)
 *(SORT_BY_NAME(.fini_array.*))
 *(.fini_array*)
 .fini_array    0x0000000008003e70        0x4 d:/st/stm32cubeide_1.7.0/stm32cubeide/plugins/com.st.stm32cube.ide.mcu.externaltools.gnu-tools-for-stm32.9-2020-q2-update.win32_2.0.0.202105311346/tools/bin/../lib/gcc/arm-none-eabi/9.3.1/thumb/v6-m/nofp/crtbegin.o
                [!provide]                        PROVIDE (__fini_array_end = .)
                0x0000000008003e74                . = ALIGN (0x4)
                0x0000000008003e74                _sidata = LOADADDR (.data)

.data           0x0000000020000000       0x70 load address 0x0000000008003e74
                0x0000000020000000                . = ALIGN (0x4)
                0x0000000020000000                _sdata = .
 *(.data)
 *(.data*)
 .data.SystemCoreClock
                0x0000000020000000        0x4 ./Core/Src/system_stm32l0xx.o
                0x0000000020000000                SystemCoreClock
 .data.ADC_in_RefVoltage
                0x0000000020000004        0x4 ./Core/Src2/device.o
                0x0000000020000004                ADC_in_RefVoltage
 .data.f_Time2min
                0x0000000020000008        0x1 ./Core/Src2/device.o
                0x0000000020000008                f_Time2min
 *fill*         0x0000000020000009        0x3 
 .data._impure_ptr
                0x000000002000000c        0x4 d:/st/stm32cubeide_1.7.0/stm32cubeide/plugins/com.st.stm32cube.ide.mcu.externaltools.gnu-tools-for-stm32.9-2020-q2-update.win32_2.0.0.202105311346/tools/bin/../lib/gcc/arm-none-eabi/9.3.1/../../../../arm-none-eabi/lib/thumb/v6-m/nofp\libc_nano.a(lib_a-impure.o)
                0x000000002000000c                _impure_ptr
 .data.impure_data
                0x0000000020000010       0x60 d:/st/stm32cubeide_1.7.0/stm32cubeide/plugins/com.st.stm32cube.ide.mcu.externaltools.gnu-tools-for-stm32.9-2020-q2-update.win32_2.0.0.202105311346/tools/bin/../lib/gcc/arm-none-eabi/9.3.1/../../../../arm-none-eabi/lib/thumb/v6-m/nofp\libc_nano.a(lib_a-impure.o)
 *(.RamFunc)
 *(.RamFunc*)
                0x0000000020000070                . = ALIGN (0x4)
                0x0000000020000070                _edata = .

.igot.plt       0x0000000020000070        0x0 load address 0x0000000008003ee4
 .igot.plt      0x0000000020000070        0x0 d:/st/stm32cubeide_1.7.0/stm32cubeide/plugins/com.st.stm32cube.ide.mcu.externaltools.gnu-tools-for-stm32.9-2020-q2-update.win32_2.0.0.202105311346/tools/bin/../lib/gcc/arm-none-eabi/9.3.1/thumb/v6-m/nofp/crtbegin.o
                0x0000000020000070                . = ALIGN (0x4)

.bss            0x0000000020000070      0x500 load address 0x0000000008003ee4
                0x0000000020000070                _sbss = .
                0x0000000020000070                __bss_start__ = _sbss
 *(.bss)
 .bss           0x0000000020000070       0x1c d:/st/stm32cubeide_1.7.0/stm32cubeide/plugins/com.st.stm32cube.ide.mcu.externaltools.gnu-tools-for-stm32.9-2020-q2-update.win32_2.0.0.202105311346/tools/bin/../lib/gcc/arm-none-eabi/9.3.1/thumb/v6-m/nofp/crtbegin.o
 *(.bss*)
 .bss.count_1ms
                0x000000002000008c        0x4 ./Core/Src/stm32l0xx_it.o
                0x000000002000008c                count_1ms
 .bss.__sbrk_heap_end
                0x0000000020000090        0x4 ./Core/Src/sysmem.o
 .bss.nConfigBank
                0x0000000020000094        0x1 ./Core/Src1/eeprom.o
                0x0000000020000094                nConfigBank
 .bss.f_mbs_packet_rcv
                0x0000000020000095        0x1 ./Core/Src1/modbus_lpuart.o
                0x0000000020000095                f_mbs_packet_rcv
 *fill*         0x0000000020000096        0x2 
 .bss.TimeOutCnt
                0x0000000020000098        0x4 ./Core/Src2/ADS1115.o
 .bss.TimeOutDelay
                0x000000002000009c        0x4 ./Core/Src2/ADS1115.o
 .bss.config_ads
                0x00000000200000a0        0x2 ./Core/Src2/ADS1115.o
 *fill*         0x00000000200000a2        0x2 
 .bss.CntSec    0x00000000200000a4        0x4 ./Core/Src2/device.o
                0x00000000200000a4                CntSec
 .bss.CntTo2min
                0x00000000200000a8        0x1 ./Core/Src2/device.o
                0x00000000200000a8                CntTo2min
 .bss.CntToSec  0x00000000200000a9        0x1 ./Core/Src2/device.o
                0x00000000200000a9                CntToSec
 *fill*         0x00000000200000aa        0x2 
 .bss.Cnt_1_128
                0x00000000200000ac        0x4 ./Core/Src2/device.o
 .bss.CountPeriod
                0x00000000200000b0        0x2 ./Core/Src2/device.o
 .bss.Counter   0x00000000200000b2        0x2 ./Core/Src2/device.o
 .bss.CounterDecPeriod
                0x00000000200000b4        0x2 ./Core/Src2/device.o
 *fill*         0x00000000200000b6        0x2 
 .bss.HourTimer
                0x00000000200000b8        0x4 ./Core/Src2/device.o
                0x00000000200000b8                HourTimer
 .bss.adc_cnt   0x00000000200000bc        0x1 ./Core/Src2/device.o
                0x00000000200000bc                adc_cnt
 .bss.f_Time250ms
                0x00000000200000bd        0x1 ./Core/Src2/device.o
                0x00000000200000bd                f_Time250ms
 .bss.f_Time500ms
                0x00000000200000be        0x1 ./Core/Src2/device.o
                0x00000000200000be                f_Time500ms
 .bss.flagPulse
                0x00000000200000bf        0x1 ./Core/Src2/device.o
 .bss.Address   0x00000000200000c0        0x2 ./Core/Src2/modbus.o
 .bss.AnswerLen
                0x00000000200000c2        0x1 ./Core/Src2/modbus.o
 *fill*         0x00000000200000c3        0x1 
 .bss.Count     0x00000000200000c4        0x2 ./Core/Src2/modbus.o
 *fill*         0x00000000200000c6        0x2 
 .bss.CountByte
                0x00000000200000c8        0x4 ./Core/Src2/modbus.o
 .bss.Save      0x00000000200000cc        0x1 ./Core/Src2/modbus.o
 *fill*         0x00000000200000cd        0x3 
 .bss.Value     0x00000000200000d0        0x4 ./Core/Src2/modbus.o
 .bss.__malloc_free_list
                0x00000000200000d4        0x4 d:/st/stm32cubeide_1.7.0/stm32cubeide/plugins/com.st.stm32cube.ide.mcu.externaltools.gnu-tools-for-stm32.9-2020-q2-update.win32_2.0.0.202105311346/tools/bin/../lib/gcc/arm-none-eabi/9.3.1/../../../../arm-none-eabi/lib/thumb/v6-m/nofp\libc_nano.a(lib_a-nano-mallocr.o)
                0x00000000200000d4                __malloc_free_list
 .bss.__malloc_sbrk_start
                0x00000000200000d8        0x4 d:/st/stm32cubeide_1.7.0/stm32cubeide/plugins/com.st.stm32cube.ide.mcu.externaltools.gnu-tools-for-stm32.9-2020-q2-update.win32_2.0.0.202105311346/tools/bin/../lib/gcc/arm-none-eabi/9.3.1/../../../../arm-none-eabi/lib/thumb/v6-m/nofp\libc_nano.a(lib_a-nano-mallocr.o)
                0x00000000200000d8                __malloc_sbrk_start
 *(COMMON)
 COMMON         0x00000000200000dc        0xc ./Core/Src1/arhiv.o
                0x00000000200000dc                arh
 COMMON         0x00000000200000e8      0x110 ./Core/Src1/debug.o
                0x00000000200000e8                tx_buffer
                0x00000000200001e8                dbg_cmd
                0x00000000200001ec                dbg_ring_buff_tx
 COMMON         0x00000000200001f8      0x208 ./Core/Src1/modbus_lpuart.o
                0x00000000200001f8                mbs_pkt_rx
                0x00000000200002f8                mbs_rx_cnt
                0x00000000200002fa                mbs_tx_cnt
                0x00000000200002fc                mbs_rx_pkt_len
                0x00000000200002fe                mbs_tx_len
                0x0000000020000300                mbs_pkt_tx
 COMMON         0x0000000020000400       0x1c ./Core/Src2/Mipex_command.o
                0x0000000020000400                Mipex_ring_buff_rx
                0x000000002000040c                TimerRxMipex
                0x0000000020000410                Mipex_ring_buff_tx
 COMMON         0x000000002000041c      0x138 ./Core/Src2/device.o
                0x000000002000041c                ADC_in
                0x0000000020000424                dev
                0x0000000020000540                CntTo250ms
                0x0000000020000541                CntTo500ms
                0x0000000020000542                f_AdcDataBad
                0x0000000020000543                f_AdcCycleEnd
                0x0000000020000544                ADC_in_Celsius
                0x0000000020000546                ADC_in_mVolt_Temper
                0x0000000020000548                ADC_in_Temper
                0x000000002000054a                ADC_in_mVolt
                0x000000002000054c                ADC_in_mVolt_TIA
                0x000000002000054e                flag_1ms
                0x0000000020000550                LMP_temper
                0x0000000020000552                serviceTimer
 COMMON         0x0000000020000554        0xb ./Core/Src2/modbus.o
                0x0000000020000554                mbServiceMode
                0x0000000020000556                mbHoldDevStatus
                0x0000000020000558                Reserv
                0x000000002000055a                AccessCode
                0x000000002000055c                AccessData
                0x000000002000055e                mbUnlock
 *fill*         0x000000002000055f        0x1 
 COMMON         0x0000000020000560        0x4 d:/st/stm32cubeide_1.7.0/stm32cubeide/plugins/com.st.stm32cube.ide.mcu.externaltools.gnu-tools-for-stm32.9-2020-q2-update.win32_2.0.0.202105311346/tools/bin/../lib/gcc/arm-none-eabi/9.3.1/../../../../arm-none-eabi/lib/thumb/v6-m/nofp\libc_nano.a(lib_a-reent.o)
                0x0000000020000560                errno
 COMMON         0x0000000020000564        0x9 d:/st/stm32cubeide_1.7.0/stm32cubeide/plugins/com.st.stm32cube.ide.mcu.externaltools.gnu-tools-for-stm32.9-2020-q2-update.win32_2.0.0.202105311346/tools/bin/../lib/gcc/arm-none-eabi/9.3.1/../../../../arm-none-eabi/lib/thumb/v6-m/nofp\libc_nano.a(lib_a-lock.o)
                0x0000000020000564                __lock___atexit_recursive_mutex
                0x0000000020000565                __lock___arc4random_mutex
                0x0000000020000566                __lock___env_recursive_mutex
                0x0000000020000567                __lock___sinit_recursive_mutex
                0x0000000020000568                __lock___malloc_recursive_mutex
                0x0000000020000569                __lock___at_quick_exit_mutex
                0x000000002000056a                __lock___dd_hash_mutex
                0x000000002000056b                __lock___tz_mutex
                0x000000002000056c                __lock___sfp_recursive_mutex
                0x0000000020000570                . = ALIGN (0x4)
 *fill*         0x000000002000056d        0x3 
                0x0000000020000570                _ebss = .
                0x0000000020000570                __bss_end__ = _ebss

._user_heap_stack
                0x0000000020000570      0x600 load address 0x0000000008003ee4
                0x0000000020000570                . = ALIGN (0x8)
                [!provide]                        PROVIDE (end = .)
                0x0000000020000570                PROVIDE (_end = .)
                0x0000000020000770                . = (. + _Min_Heap_Size)
 *fill*         0x0000000020000570      0x200 
                0x0000000020000b70                . = (. + _Min_Stack_Size)
 *fill*         0x0000000020000770      0x400 
                0x0000000020000b70                . = ALIGN (0x8)

/DISCARD/
 libc.a(*)
 libm.a(*)
 libgcc.a(*)

.ARM.attributes
                0x0000000000000000       0x28
 *(.ARM.attributes)
 .ARM.attributes
                0x0000000000000000       0x1e d:/st/stm32cubeide_1.7.0/stm32cubeide/plugins/com.st.stm32cube.ide.mcu.externaltools.gnu-tools-for-stm32.9-2020-q2-update.win32_2.0.0.202105311346/tools/bin/../lib/gcc/arm-none-eabi/9.3.1/thumb/v6-m/nofp/crti.o
 .ARM.attributes
                0x000000000000001e       0x2c d:/st/stm32cubeide_1.7.0/stm32cubeide/plugins/com.st.stm32cube.ide.mcu.externaltools.gnu-tools-for-stm32.9-2020-q2-update.win32_2.0.0.202105311346/tools/bin/../lib/gcc/arm-none-eabi/9.3.1/thumb/v6-m/nofp/crtbegin.o
 .ARM.attributes
                0x000000000000004a       0x2c ./Core/Src/adc.o
 .ARM.attributes
                0x0000000000000076       0x2c ./Core/Src/crc.o
 .ARM.attributes
                0x00000000000000a2       0x2c ./Core/Src/gpio.o
 .ARM.attributes
                0x00000000000000ce       0x2c ./Core/Src/i2c.o
 .ARM.attributes
                0x00000000000000fa       0x2c ./Core/Src/lptim.o
 .ARM.attributes
                0x0000000000000126       0x2c ./Core/Src/main.o
 .ARM.attributes
                0x0000000000000152       0x2c ./Core/Src/stm32l0xx_it.o
 .ARM.attributes
                0x000000000000017e       0x2c ./Core/Src/sysmem.o
 .ARM.attributes
                0x00000000000001aa       0x2c ./Core/Src/system_stm32l0xx.o
 .ARM.attributes
                0x00000000000001d6       0x2c ./Core/Src/tim.o
 .ARM.attributes
                0x0000000000000202       0x2c ./Core/Src/usart.o
 .ARM.attributes
                0x000000000000022e       0x2c ./Core/Src1/arhiv.o
 .ARM.attributes
                0x000000000000025a       0x2c ./Core/Src1/calculations.o
 .ARM.attributes
                0x0000000000000286       0x2c ./Core/Src1/debug.o
 .ARM.attributes
                0x00000000000002b2       0x2c ./Core/Src1/eeprom.o
 .ARM.attributes
                0x00000000000002de       0x2c ./Core/Src1/flash.o
 .ARM.attributes
                0x000000000000030a       0x2c ./Core/Src1/modbus_lpuart.o
 .ARM.attributes
                0x0000000000000336       0x2c ./Core/Src2/ADS1115.o
 .ARM.attributes
                0x0000000000000362       0x2c ./Core/Src2/Mipex_command.o
 .ARM.attributes
                0x000000000000038e       0x2c ./Core/Src2/device.o
 .ARM.attributes
                0x00000000000003ba       0x2c ./Core/Src2/modbus.o
 .ARM.attributes
                0x00000000000003e6       0x22 ./Core/Startup/startup_stm32l031g6ux.o
 .ARM.attributes
                0x0000000000000408       0x2c ./Drivers/STM32L0xx_HAL_Driver/stm32l0xx_ll_adc.o
 .ARM.attributes
                0x0000000000000434       0x2c ./Drivers/STM32L0xx_HAL_Driver/stm32l0xx_ll_exti.o
 .ARM.attributes
                0x0000000000000460       0x2c ./Drivers/STM32L0xx_HAL_Driver/stm32l0xx_ll_gpio.o
 .ARM.attributes
                0x000000000000048c       0x2c ./Drivers/STM32L0xx_HAL_Driver/stm32l0xx_ll_i2c.o
 .ARM.attributes
                0x00000000000004b8       0x2c ./Drivers/STM32L0xx_HAL_Driver/stm32l0xx_ll_lpuart.o
 .ARM.attributes
                0x00000000000004e4       0x2c ./Drivers/STM32L0xx_HAL_Driver/stm32l0xx_ll_rcc.o
 .ARM.attributes
                0x0000000000000510       0x2c ./Drivers/STM32L0xx_HAL_Driver/stm32l0xx_ll_tim.o
 .ARM.attributes
                0x000000000000053c       0x2c ./Drivers/STM32L0xx_HAL_Driver/stm32l0xx_ll_usart.o
 .ARM.attributes
                0x0000000000000568       0x2c ./Drivers/STM32L0xx_HAL_Driver/stm32l0xx_ll_utils.o
 .ARM.attributes
                0x0000000000000594       0x2c d:/st/stm32cubeide_1.7.0/stm32cubeide/plugins/com.st.stm32cube.ide.mcu.externaltools.gnu-tools-for-stm32.9-2020-q2-update.win32_2.0.0.202105311346/tools/bin/../lib/gcc/arm-none-eabi/9.3.1/../../../../arm-none-eabi/lib/thumb/v6-m/nofp\libc_nano.a(lib_a-errno.o)
 .ARM.attributes
                0x00000000000005c0       0x2c d:/st/stm32cubeide_1.7.0/stm32cubeide/plugins/com.st.stm32cube.ide.mcu.externaltools.gnu-tools-for-stm32.9-2020-q2-update.win32_2.0.0.202105311346/tools/bin/../lib/gcc/arm-none-eabi/9.3.1/../../../../arm-none-eabi/lib/thumb/v6-m/nofp\libc_nano.a(lib_a-impure.o)
 .ARM.attributes
                0x00000000000005ec       0x2c d:/st/stm32cubeide_1.7.0/stm32cubeide/plugins/com.st.stm32cube.ide.mcu.externaltools.gnu-tools-for-stm32.9-2020-q2-update.win32_2.0.0.202105311346/tools/bin/../lib/gcc/arm-none-eabi/9.3.1/../../../../arm-none-eabi/lib/thumb/v6-m/nofp\libc_nano.a(lib_a-init.o)
 .ARM.attributes
                0x0000000000000618       0x2c d:/st/stm32cubeide_1.7.0/stm32cubeide/plugins/com.st.stm32cube.ide.mcu.externaltools.gnu-tools-for-stm32.9-2020-q2-update.win32_2.0.0.202105311346/tools/bin/../lib/gcc/arm-none-eabi/9.3.1/../../../../arm-none-eabi/lib/thumb/v6-m/nofp\libc_nano.a(lib_a-memcpy-stub.o)
 .ARM.attributes
                0x0000000000000644       0x2c d:/st/stm32cubeide_1.7.0/stm32cubeide/plugins/com.st.stm32cube.ide.mcu.externaltools.gnu-tools-for-stm32.9-2020-q2-update.win32_2.0.0.202105311346/tools/bin/../lib/gcc/arm-none-eabi/9.3.1/../../../../arm-none-eabi/lib/thumb/v6-m/nofp\libc_nano.a(lib_a-memset.o)
 .ARM.attributes
                0x0000000000000670       0x1c d:/st/stm32cubeide_1.7.0/stm32cubeide/plugins/com.st.stm32cube.ide.mcu.externaltools.gnu-tools-for-stm32.9-2020-q2-update.win32_2.0.0.202105311346/tools/bin/../lib/gcc/arm-none-eabi/9.3.1/../../../../arm-none-eabi/lib/thumb/v6-m/nofp\libc_nano.a(lib_a-strlen.o)
 .ARM.attributes
                0x000000000000068c       0x2c d:/st/stm32cubeide_1.7.0/stm32cubeide/plugins/com.st.stm32cube.ide.mcu.externaltools.gnu-tools-for-stm32.9-2020-q2-update.win32_2.0.0.202105311346/tools/bin/../lib/gcc/arm-none-eabi/9.3.1/../../../../arm-none-eabi/lib/thumb/v6-m/nofp\libc_nano.a(lib_a-vsnprintf.o)
 .ARM.attributes
                0x00000000000006b8       0x2c d:/st/stm32cubeide_1.7.0/stm32cubeide/plugins/com.st.stm32cube.ide.mcu.externaltools.gnu-tools-for-stm32.9-2020-q2-update.win32_2.0.0.202105311346/tools/bin/../lib/gcc/arm-none-eabi/9.3.1/../../../../arm-none-eabi/lib/thumb/v6-m/nofp\libc_nano.a(lib_a-nano-svfprintf.o)
 .ARM.attributes
                0x00000000000006e4       0x2c d:/st/stm32cubeide_1.7.0/stm32cubeide/plugins/com.st.stm32cube.ide.mcu.externaltools.gnu-tools-for-stm32.9-2020-q2-update.win32_2.0.0.202105311346/tools/bin/../lib/gcc/arm-none-eabi/9.3.1/../../../../arm-none-eabi/lib/thumb/v6-m/nofp\libc_nano.a(lib_a-nano-vfprintf_i.o)
 .ARM.attributes
                0x0000000000000710       0x2c d:/st/stm32cubeide_1.7.0/stm32cubeide/plugins/com.st.stm32cube.ide.mcu.externaltools.gnu-tools-for-stm32.9-2020-q2-update.win32_2.0.0.202105311346/tools/bin/../lib/gcc/arm-none-eabi/9.3.1/../../../../arm-none-eabi/lib/thumb/v6-m/nofp\libc_nano.a(lib_a-memchr-stub.o)
 .ARM.attributes
                0x000000000000073c       0x2c d:/st/stm32cubeide_1.7.0/stm32cubeide/plugins/com.st.stm32cube.ide.mcu.externaltools.gnu-tools-for-stm32.9-2020-q2-update.win32_2.0.0.202105311346/tools/bin/../lib/gcc/arm-none-eabi/9.3.1/../../../../arm-none-eabi/lib/thumb/v6-m/nofp\libc_nano.a(lib_a-memmove.o)
 .ARM.attributes
                0x0000000000000768       0x2c d:/st/stm32cubeide_1.7.0/stm32cubeide/plugins/com.st.stm32cube.ide.mcu.externaltools.gnu-tools-for-stm32.9-2020-q2-update.win32_2.0.0.202105311346/tools/bin/../lib/gcc/arm-none-eabi/9.3.1/../../../../arm-none-eabi/lib/thumb/v6-m/nofp\libc_nano.a(lib_a-nano-freer.o)
 .ARM.attributes
                0x0000000000000794       0x2c d:/st/stm32cubeide_1.7.0/stm32cubeide/plugins/com.st.stm32cube.ide.mcu.externaltools.gnu-tools-for-stm32.9-2020-q2-update.win32_2.0.0.202105311346/tools/bin/../lib/gcc/arm-none-eabi/9.3.1/../../../../arm-none-eabi/lib/thumb/v6-m/nofp\libc_nano.a(lib_a-nano-mallocr.o)
 .ARM.attributes
                0x00000000000007c0       0x2c d:/st/stm32cubeide_1.7.0/stm32cubeide/plugins/com.st.stm32cube.ide.mcu.externaltools.gnu-tools-for-stm32.9-2020-q2-update.win32_2.0.0.202105311346/tools/bin/../lib/gcc/arm-none-eabi/9.3.1/../../../../arm-none-eabi/lib/thumb/v6-m/nofp\libc_nano.a(lib_a-nano-reallocr.o)
 .ARM.attributes
                0x00000000000007ec       0x2c d:/st/stm32cubeide_1.7.0/stm32cubeide/plugins/com.st.stm32cube.ide.mcu.externaltools.gnu-tools-for-stm32.9-2020-q2-update.win32_2.0.0.202105311346/tools/bin/../lib/gcc/arm-none-eabi/9.3.1/../../../../arm-none-eabi/lib/thumb/v6-m/nofp\libc_nano.a(lib_a-sbrkr.o)
 .ARM.attributes
                0x0000000000000818       0x2c d:/st/stm32cubeide_1.7.0/stm32cubeide/plugins/com.st.stm32cube.ide.mcu.externaltools.gnu-tools-for-stm32.9-2020-q2-update.win32_2.0.0.202105311346/tools/bin/../lib/gcc/arm-none-eabi/9.3.1/../../../../arm-none-eabi/lib/thumb/v6-m/nofp\libc_nano.a(lib_a-mlock.o)
 .ARM.attributes
                0x0000000000000844       0x2c d:/st/stm32cubeide_1.7.0/stm32cubeide/plugins/com.st.stm32cube.ide.mcu.externaltools.gnu-tools-for-stm32.9-2020-q2-update.win32_2.0.0.202105311346/tools/bin/../lib/gcc/arm-none-eabi/9.3.1/../../../../arm-none-eabi/lib/thumb/v6-m/nofp\libc_nano.a(lib_a-nano-msizer.o)
 .ARM.attributes
                0x0000000000000870       0x2c d:/st/stm32cubeide_1.7.0/stm32cubeide/plugins/com.st.stm32cube.ide.mcu.externaltools.gnu-tools-for-stm32.9-2020-q2-update.win32_2.0.0.202105311346/tools/bin/../lib/gcc/arm-none-eabi/9.3.1/../../../../arm-none-eabi/lib/thumb/v6-m/nofp\libc_nano.a(lib_a-reent.o)
 .ARM.attributes
                0x000000000000089c       0x2c d:/st/stm32cubeide_1.7.0/stm32cubeide/plugins/com.st.stm32cube.ide.mcu.externaltools.gnu-tools-for-stm32.9-2020-q2-update.win32_2.0.0.202105311346/tools/bin/../lib/gcc/arm-none-eabi/9.3.1/../../../../arm-none-eabi/lib/thumb/v6-m/nofp\libc_nano.a(lib_a-lock.o)
 .ARM.attributes
                0x00000000000008c8       0x1e d:/st/stm32cubeide_1.7.0/stm32cubeide/plugins/com.st.stm32cube.ide.mcu.externaltools.gnu-tools-for-stm32.9-2020-q2-update.win32_2.0.0.202105311346/tools/bin/../lib/gcc/arm-none-eabi/9.3.1/thumb/v6-m/nofp\libgcc.a(_thumb1_case_shi.o)
 .ARM.attributes
                0x00000000000008e6       0x1e d:/st/stm32cubeide_1.7.0/stm32cubeide/plugins/com.st.stm32cube.ide.mcu.externaltools.gnu-tools-for-stm32.9-2020-q2-update.win32_2.0.0.202105311346/tools/bin/../lib/gcc/arm-none-eabi/9.3.1/thumb/v6-m/nofp\libgcc.a(_udivsi3.o)
 .ARM.attributes
                0x0000000000000904       0x1e d:/st/stm32cubeide_1.7.0/stm32cubeide/plugins/com.st.stm32cube.ide.mcu.externaltools.gnu-tools-for-stm32.9-2020-q2-update.win32_2.0.0.202105311346/tools/bin/../lib/gcc/arm-none-eabi/9.3.1/thumb/v6-m/nofp\libgcc.a(_divsi3.o)
 .ARM.attributes
                0x0000000000000922       0x1e d:/st/stm32cubeide_1.7.0/stm32cubeide/plugins/com.st.stm32cube.ide.mcu.externaltools.gnu-tools-for-stm32.9-2020-q2-update.win32_2.0.0.202105311346/tools/bin/../lib/gcc/arm-none-eabi/9.3.1/thumb/v6-m/nofp\libgcc.a(_dvmd_tls.o)
 .ARM.attributes
                0x0000000000000940       0x1e d:/st/stm32cubeide_1.7.0/stm32cubeide/plugins/com.st.stm32cube.ide.mcu.externaltools.gnu-tools-for-stm32.9-2020-q2-update.win32_2.0.0.202105311346/tools/bin/../lib/gcc/arm-none-eabi/9.3.1/thumb/v6-m/nofp\libgcc.a(_aeabi_uldivmod.o)
 .ARM.attributes
                0x000000000000095e       0x2c d:/st/stm32cubeide_1.7.0/stm32cubeide/plugins/com.st.stm32cube.ide.mcu.externaltools.gnu-tools-for-stm32.9-2020-q2-update.win32_2.0.0.202105311346/tools/bin/../lib/gcc/arm-none-eabi/9.3.1/thumb/v6-m/nofp\libgcc.a(_udivmoddi4.o)
 .ARM.attributes
                0x000000000000098a       0x1e d:/st/stm32cubeide_1.7.0/stm32cubeide/plugins/com.st.stm32cube.ide.mcu.externaltools.gnu-tools-for-stm32.9-2020-q2-update.win32_2.0.0.202105311346/tools/bin/../lib/gcc/arm-none-eabi/9.3.1/thumb/v6-m/nofp\libgcc.a(_clzdi2.o)
 .ARM.attributes
                0x00000000000009a8       0x1e d:/st/stm32cubeide_1.7.0/stm32cubeide/plugins/com.st.stm32cube.ide.mcu.externaltools.gnu-tools-for-stm32.9-2020-q2-update.win32_2.0.0.202105311346/tools/bin/../lib/gcc/arm-none-eabi/9.3.1/thumb/v6-m/nofp\libgcc.a(_clzsi2.o)
 .ARM.attributes
                0x00000000000009c6       0x1e d:/st/stm32cubeide_1.7.0/stm32cubeide/plugins/com.st.stm32cube.ide.mcu.externaltools.gnu-tools-for-stm32.9-2020-q2-update.win32_2.0.0.202105311346/tools/bin/../lib/gcc/arm-none-eabi/9.3.1/thumb/v6-m/nofp/crtn.o
OUTPUT(Smart-Pwr.elf elf32-littlearm)
LOAD linker stubs
LOAD d:/st/stm32cubeide_1.7.0/stm32cubeide/plugins/com.st.stm32cube.ide.mcu.externaltools.gnu-tools-for-stm32.9-2020-q2-update.win32_2.0.0.202105311346/tools/bin/../lib/gcc/arm-none-eabi/9.3.1/../../../../arm-none-eabi/lib/thumb/v6-m/nofp\libc.a
LOAD d:/st/stm32cubeide_1.7.0/stm32cubeide/plugins/com.st.stm32cube.ide.mcu.externaltools.gnu-tools-for-stm32.9-2020-q2-update.win32_2.0.0.202105311346/tools/bin/../lib/gcc/arm-none-eabi/9.3.1/../../../../arm-none-eabi/lib/thumb/v6-m/nofp\libm.a
LOAD d:/st/stm32cubeide_1.7.0/stm32cubeide/plugins/com.st.stm32cube.ide.mcu.externaltools.gnu-tools-for-stm32.9-2020-q2-update.win32_2.0.0.202105311346/tools/bin/../lib/gcc/arm-none-eabi/9.3.1/thumb/v6-m/nofp\libgcc.a

.debug_info     0x0000000000000000    0x19426
 .debug_info    0x0000000000000000      0xf01 ./Core/Src/adc.o
 .debug_info    0x0000000000000f01      0x6e4 ./Core/Src/crc.o
 .debug_info    0x00000000000015e5      0xb2f ./Core/Src/gpio.o
 .debug_info    0x0000000000002114      0x80e ./Core/Src/i2c.o
 .debug_info    0x0000000000002922      0x8e4 ./Core/Src/lptim.o
 .debug_info    0x0000000000003206     0x17c0 ./Core/Src/main.o
 .debug_info    0x00000000000049c6     0x1006 ./Core/Src/stm32l0xx_it.o
 .debug_info    0x00000000000059cc      0xa46 ./Core/Src/sysmem.o
 .debug_info    0x0000000000006412      0x31b ./Core/Src/system_stm32l0xx.o
 .debug_info    0x000000000000672d      0xf9b ./Core/Src/tim.o
 .debug_info    0x00000000000076c8      0xd92 ./Core/Src/usart.o
 .debug_info    0x000000000000845a     0x104e ./Core/Src1/arhiv.o
 .debug_info    0x00000000000094a8      0xa4b ./Core/Src1/calculations.o
 .debug_info    0x0000000000009ef3     0x12eb ./Core/Src1/debug.o
 .debug_info    0x000000000000b1de      0xd83 ./Core/Src1/eeprom.o
 .debug_info    0x000000000000bf61      0xbb2 ./Core/Src1/flash.o
 .debug_info    0x000000000000cb13     0x12d4 ./Core/Src1/modbus_lpuart.o
 .debug_info    0x000000000000dde7      0xf4c ./Core/Src2/ADS1115.o
 .debug_info    0x000000000000ed33     0x2833 ./Core/Src2/Mipex_command.o
 .debug_info    0x0000000000011566      0xe1e ./Core/Src2/device.o
 .debug_info    0x0000000000012384     0x1b35 ./Core/Src2/modbus.o
 .debug_info    0x0000000000013eb9       0x22 ./Core/Startup/startup_stm32l031g6ux.o
 .debug_info    0x0000000000013edb      0x9f7 ./Drivers/STM32L0xx_HAL_Driver/stm32l0xx_ll_adc.o
 .debug_info    0x00000000000148d2      0x58a ./Drivers/STM32L0xx_HAL_Driver/stm32l0xx_ll_exti.o
 .debug_info    0x0000000000014e5c      0x885 ./Drivers/STM32L0xx_HAL_Driver/stm32l0xx_ll_gpio.o
 .debug_info    0x00000000000156e1      0x7da ./Drivers/STM32L0xx_HAL_Driver/stm32l0xx_ll_i2c.o
 .debug_info    0x0000000000015ebb      0x696 ./Drivers/STM32L0xx_HAL_Driver/stm32l0xx_ll_lpuart.o
 .debug_info    0x0000000000016551      0xb23 ./Drivers/STM32L0xx_HAL_Driver/stm32l0xx_ll_rcc.o
 .debug_info    0x0000000000017074      0xfa4 ./Drivers/STM32L0xx_HAL_Driver/stm32l0xx_ll_tim.o
 .debug_info    0x0000000000018018      0x82e ./Drivers/STM32L0xx_HAL_Driver/stm32l0xx_ll_usart.o
 .debug_info    0x0000000000018846      0xbe0 ./Drivers/STM32L0xx_HAL_Driver/stm32l0xx_ll_utils.o

.debug_abbrev   0x0000000000000000     0x4cc4
 .debug_abbrev  0x0000000000000000      0x237 ./Core/Src/adc.o
 .debug_abbrev  0x0000000000000237      0x229 ./Core/Src/crc.o
 .debug_abbrev  0x0000000000000460      0x232 ./Core/Src/gpio.o
 .debug_abbrev  0x0000000000000692      0x1cd ./Core/Src/i2c.o
 .debug_abbrev  0x000000000000085f      0x1c0 ./Core/Src/lptim.o
 .debug_abbrev  0x0000000000000a1f      0x2cd ./Core/Src/main.o
 .debug_abbrev  0x0000000000000cec      0x263 ./Core/Src/stm32l0xx_it.o
 .debug_abbrev  0x0000000000000f4f      0x203 ./Core/Src/sysmem.o
 .debug_abbrev  0x0000000000001152      0x11c ./Core/Src/system_stm32l0xx.o
 .debug_abbrev  0x000000000000126e      0x24e ./Core/Src/tim.o
 .debug_abbrev  0x00000000000014bc      0x238 ./Core/Src/usart.o
 .debug_abbrev  0x00000000000016f4      0x232 ./Core/Src1/arhiv.o
 .debug_abbrev  0x0000000000001926      0x1d6 ./Core/Src1/calculations.o
 .debug_abbrev  0x0000000000001afc      0x387 ./Core/Src1/debug.o
 .debug_abbrev  0x0000000000001e83      0x324 ./Core/Src1/eeprom.o
 .debug_abbrev  0x00000000000021a7      0x305 ./Core/Src1/flash.o
 .debug_abbrev  0x00000000000024ac      0x2c4 ./Core/Src1/modbus_lpuart.o
 .debug_abbrev  0x0000000000002770      0x317 ./Core/Src2/ADS1115.o
 .debug_abbrev  0x0000000000002a87      0x531 ./Core/Src2/Mipex_command.o
 .debug_abbrev  0x0000000000002fb8      0x2b1 ./Core/Src2/device.o
 .debug_abbrev  0x0000000000003269      0x42c ./Core/Src2/modbus.o
 .debug_abbrev  0x0000000000003695       0x12 ./Core/Startup/startup_stm32l031g6ux.o
 .debug_abbrev  0x00000000000036a7      0x27f ./Drivers/STM32L0xx_HAL_Driver/stm32l0xx_ll_adc.o
 .debug_abbrev  0x0000000000003926      0x1d7 ./Drivers/STM32L0xx_HAL_Driver/stm32l0xx_ll_exti.o
 .debug_abbrev  0x0000000000003afd      0x22e ./Drivers/STM32L0xx_HAL_Driver/stm32l0xx_ll_gpio.o
 .debug_abbrev  0x0000000000003d2b      0x1f1 ./Drivers/STM32L0xx_HAL_Driver/stm32l0xx_ll_i2c.o
 .debug_abbrev  0x0000000000003f1c      0x23d ./Drivers/STM32L0xx_HAL_Driver/stm32l0xx_ll_lpuart.o
 .debug_abbrev  0x0000000000004159      0x299 ./Drivers/STM32L0xx_HAL_Driver/stm32l0xx_ll_rcc.o
 .debug_abbrev  0x00000000000043f2      0x2e1 ./Drivers/STM32L0xx_HAL_Driver/stm32l0xx_ll_tim.o
 .debug_abbrev  0x00000000000046d3      0x2d1 ./Drivers/STM32L0xx_HAL_Driver/stm32l0xx_ll_usart.o
 .debug_abbrev  0x00000000000049a4      0x320 ./Drivers/STM32L0xx_HAL_Driver/stm32l0xx_ll_utils.o

.debug_loc      0x0000000000000000     0x6fa7
 .debug_loc     0x0000000000000000      0x309 ./Core/Src/adc.o
 .debug_loc     0x0000000000000309      0x1da ./Core/Src/crc.o
 .debug_loc     0x00000000000004e3      0x196 ./Core/Src/gpio.o
 .debug_loc     0x0000000000000679       0xc6 ./Core/Src/i2c.o
 .debug_loc     0x000000000000073f      0x169 ./Core/Src/lptim.o
 .debug_loc     0x00000000000008a8      0x288 ./Core/Src/main.o
 .debug_loc     0x0000000000000b30      0x164 ./Core/Src/stm32l0xx_it.o
 .debug_loc     0x0000000000000c94       0x93 ./Core/Src/sysmem.o
 .debug_loc     0x0000000000000d27      0x1ef ./Core/Src/system_stm32l0xx.o
 .debug_loc     0x0000000000000f16      0x3d7 ./Core/Src/tim.o
 .debug_loc     0x00000000000012ed      0x1ca ./Core/Src/usart.o
 .debug_loc     0x00000000000014b7       0x22 ./Core/Src1/arhiv.o
 .debug_loc     0x00000000000014d9      0x4e0 ./Core/Src1/calculations.o
 .debug_loc     0x00000000000019b9      0x3a7 ./Core/Src1/debug.o
 .debug_loc     0x0000000000001d60      0x378 ./Core/Src1/eeprom.o
 .debug_loc     0x00000000000020d8      0x386 ./Core/Src1/flash.o
 .debug_loc     0x000000000000245e      0x20b ./Core/Src1/modbus_lpuart.o
 .debug_loc     0x0000000000002669      0x58d ./Core/Src2/ADS1115.o
 .debug_loc     0x0000000000002bf6     0x11df ./Core/Src2/Mipex_command.o
 .debug_loc     0x0000000000003dd5       0x34 ./Core/Src2/device.o
 .debug_loc     0x0000000000003e09      0x7e4 ./Core/Src2/modbus.o
 .debug_loc     0x00000000000045ed      0x3d4 ./Drivers/STM32L0xx_HAL_Driver/stm32l0xx_ll_adc.o
 .debug_loc     0x00000000000049c1      0x28c ./Drivers/STM32L0xx_HAL_Driver/stm32l0xx_ll_exti.o
 .debug_loc     0x0000000000004c4d      0x37d ./Drivers/STM32L0xx_HAL_Driver/stm32l0xx_ll_gpio.o
 .debug_loc     0x0000000000004fca      0x23c ./Drivers/STM32L0xx_HAL_Driver/stm32l0xx_ll_i2c.o
 .debug_loc     0x0000000000005206      0x270 ./Drivers/STM32L0xx_HAL_Driver/stm32l0xx_ll_lpuart.o
 .debug_loc     0x0000000000005476      0x460 ./Drivers/STM32L0xx_HAL_Driver/stm32l0xx_ll_rcc.o
 .debug_loc     0x00000000000058d6      0xbfc ./Drivers/STM32L0xx_HAL_Driver/stm32l0xx_ll_tim.o
 .debug_loc     0x00000000000064d2      0x445 ./Drivers/STM32L0xx_HAL_Driver/stm32l0xx_ll_usart.o
 .debug_loc     0x0000000000006917      0x690 ./Drivers/STM32L0xx_HAL_Driver/stm32l0xx_ll_utils.o

.debug_aranges  0x0000000000000000      0x860
 .debug_aranges
                0x0000000000000000       0x20 ./Core/Src/adc.o
 .debug_aranges
                0x0000000000000020       0x28 ./Core/Src/crc.o
 .debug_aranges
                0x0000000000000048       0x20 ./Core/Src/gpio.o
 .debug_aranges
                0x0000000000000068       0x20 ./Core/Src/i2c.o
 .debug_aranges
                0x0000000000000088       0x20 ./Core/Src/lptim.o
 .debug_aranges
                0x00000000000000a8       0x38 ./Core/Src/main.o
 .debug_aranges
                0x00000000000000e0       0x78 ./Core/Src/stm32l0xx_it.o
 .debug_aranges
                0x0000000000000158       0x20 ./Core/Src/sysmem.o
 .debug_aranges
                0x0000000000000178       0x28 ./Core/Src/system_stm32l0xx.o
 .debug_aranges
                0x00000000000001a0       0x28 ./Core/Src/tim.o
 .debug_aranges
                0x00000000000001c8       0x28 ./Core/Src/usart.o
 .debug_aranges
                0x00000000000001f0       0x20 ./Core/Src1/arhiv.o
 .debug_aranges
                0x0000000000000210       0x48 ./Core/Src1/calculations.o
 .debug_aranges
                0x0000000000000258       0x40 ./Core/Src1/debug.o
 .debug_aranges
                0x0000000000000298       0x58 ./Core/Src1/eeprom.o
 .debug_aranges
                0x00000000000002f0       0x58 ./Core/Src1/flash.o
 .debug_aranges
                0x0000000000000348       0x40 ./Core/Src1/modbus_lpuart.o
 .debug_aranges
                0x0000000000000388       0x60 ./Core/Src2/ADS1115.o
 .debug_aranges
                0x00000000000003e8       0x98 ./Core/Src2/Mipex_command.o
 .debug_aranges
                0x0000000000000480       0x68 ./Core/Src2/device.o
 .debug_aranges
                0x00000000000004e8       0x88 ./Core/Src2/modbus.o
 .debug_aranges
                0x0000000000000570       0x28 ./Core/Startup/startup_stm32l031g6ux.o
 .debug_aranges
                0x0000000000000598       0x58 ./Drivers/STM32L0xx_HAL_Driver/stm32l0xx_ll_adc.o
 .debug_aranges
                0x00000000000005f0       0x30 ./Drivers/STM32L0xx_HAL_Driver/stm32l0xx_ll_exti.o
 .debug_aranges
                0x0000000000000620       0x30 ./Drivers/STM32L0xx_HAL_Driver/stm32l0xx_ll_gpio.o
 .debug_aranges
                0x0000000000000650       0x30 ./Drivers/STM32L0xx_HAL_Driver/stm32l0xx_ll_i2c.o
 .debug_aranges
                0x0000000000000680       0x30 ./Drivers/STM32L0xx_HAL_Driver/stm32l0xx_ll_lpuart.o
 .debug_aranges
                0x00000000000006b0       0x70 ./Drivers/STM32L0xx_HAL_Driver/stm32l0xx_ll_rcc.o
 .debug_aranges
                0x0000000000000720       0xa0 ./Drivers/STM32L0xx_HAL_Driver/stm32l0xx_ll_tim.o
 .debug_aranges
                0x00000000000007c0       0x40 ./Drivers/STM32L0xx_HAL_Driver/stm32l0xx_ll_usart.o
 .debug_aranges
                0x0000000000000800       0x60 ./Drivers/STM32L0xx_HAL_Driver/stm32l0xx_ll_utils.o

.debug_ranges   0x0000000000000000      0xa88
 .debug_ranges  0x0000000000000000       0x10 ./Core/Src/adc.o
 .debug_ranges  0x0000000000000010       0x18 ./Core/Src/crc.o
 .debug_ranges  0x0000000000000028       0x10 ./Core/Src/gpio.o
 .debug_ranges  0x0000000000000038       0x10 ./Core/Src/i2c.o
 .debug_ranges  0x0000000000000048       0x10 ./Core/Src/lptim.o
 .debug_ranges  0x0000000000000058       0x28 ./Core/Src/main.o
 .debug_ranges  0x0000000000000080       0x68 ./Core/Src/stm32l0xx_it.o
 .debug_ranges  0x00000000000000e8       0x10 ./Core/Src/sysmem.o
 .debug_ranges  0x00000000000000f8       0x18 ./Core/Src/system_stm32l0xx.o
 .debug_ranges  0x0000000000000110       0x18 ./Core/Src/tim.o
 .debug_ranges  0x0000000000000128       0x18 ./Core/Src/usart.o
 .debug_ranges  0x0000000000000140       0x10 ./Core/Src1/arhiv.o
 .debug_ranges  0x0000000000000150       0x38 ./Core/Src1/calculations.o
 .debug_ranges  0x0000000000000188       0xc0 ./Core/Src1/debug.o
 .debug_ranges  0x0000000000000248       0x48 ./Core/Src1/eeprom.o
 .debug_ranges  0x0000000000000290       0x48 ./Core/Src1/flash.o
 .debug_ranges  0x00000000000002d8       0x30 ./Core/Src1/modbus_lpuart.o
 .debug_ranges  0x0000000000000308       0x50 ./Core/Src2/ADS1115.o
 .debug_ranges  0x0000000000000358      0x280 ./Core/Src2/Mipex_command.o
 .debug_ranges  0x00000000000005d8       0x58 ./Core/Src2/device.o
 .debug_ranges  0x0000000000000630       0xa8 ./Core/Src2/modbus.o
 .debug_ranges  0x00000000000006d8       0x20 ./Core/Startup/startup_stm32l031g6ux.o
 .debug_ranges  0x00000000000006f8       0x48 ./Drivers/STM32L0xx_HAL_Driver/stm32l0xx_ll_adc.o
 .debug_ranges  0x0000000000000740       0x50 ./Drivers/STM32L0xx_HAL_Driver/stm32l0xx_ll_exti.o
 .debug_ranges  0x0000000000000790       0x68 ./Drivers/STM32L0xx_HAL_Driver/stm32l0xx_ll_gpio.o
 .debug_ranges  0x00000000000007f8       0x38 ./Drivers/STM32L0xx_HAL_Driver/stm32l0xx_ll_i2c.o
 .debug_ranges  0x0000000000000830       0x50 ./Drivers/STM32L0xx_HAL_Driver/stm32l0xx_ll_lpuart.o
 .debug_ranges  0x0000000000000880       0x60 ./Drivers/STM32L0xx_HAL_Driver/stm32l0xx_ll_rcc.o
 .debug_ranges  0x00000000000008e0       0xd8 ./Drivers/STM32L0xx_HAL_Driver/stm32l0xx_ll_tim.o
 .debug_ranges  0x00000000000009b8       0x80 ./Drivers/STM32L0xx_HAL_Driver/stm32l0xx_ll_usart.o
 .debug_ranges  0x0000000000000a38       0x50 ./Drivers/STM32L0xx_HAL_Driver/stm32l0xx_ll_utils.o

.debug_macro    0x0000000000000000    0x10276
 .debug_macro   0x0000000000000000      0x173 ./Core/Src/adc.o
 .debug_macro   0x0000000000000173      0xac0 ./Core/Src/adc.o
 .debug_macro   0x0000000000000c33       0x2e ./Core/Src/adc.o
 .debug_macro   0x0000000000000c61       0x28 ./Core/Src/adc.o
 .debug_macro   0x0000000000000c89       0x22 ./Core/Src/adc.o
 .debug_macro   0x0000000000000cab       0x8e ./Core/Src/adc.o
 .debug_macro   0x0000000000000d39       0x51 ./Core/Src/adc.o
 .debug_macro   0x0000000000000d8a      0x103 ./Core/Src/adc.o
 .debug_macro   0x0000000000000e8d       0x6a ./Core/Src/adc.o
 .debug_macro   0x0000000000000ef7      0x1df ./Core/Src/adc.o
 .debug_macro   0x00000000000010d6       0x1c ./Core/Src/adc.o
 .debug_macro   0x00000000000010f2       0x22 ./Core/Src/adc.o
 .debug_macro   0x0000000000001114       0xb5 ./Core/Src/adc.o
 .debug_macro   0x00000000000011c9      0x3ad ./Core/Src/adc.o
 .debug_macro   0x0000000000001576     0x7ef9 ./Core/Src/adc.o
 .debug_macro   0x000000000000946f       0x3c ./Core/Src/adc.o
 .debug_macro   0x00000000000094ab      0x6c6 ./Core/Src/adc.o
 .debug_macro   0x0000000000009b71       0x5f ./Core/Src/adc.o
 .debug_macro   0x0000000000009bd0      0x246 ./Core/Src/adc.o
 .debug_macro   0x0000000000009e16      0x1a7 ./Core/Src/adc.o
 .debug_macro   0x0000000000009fbd      0x229 ./Core/Src/adc.o
 .debug_macro   0x000000000000a1e6      0x3b4 ./Core/Src/adc.o
 .debug_macro   0x000000000000a59a       0xb5 ./Core/Src/adc.o
 .debug_macro   0x000000000000a64f      0x14b ./Core/Src/adc.o
 .debug_macro   0x000000000000a79a      0x109 ./Core/Src/adc.o
 .debug_macro   0x000000000000a8a3       0x16 ./Core/Src/adc.o
 .debug_macro   0x000000000000a8b9       0x2a ./Core/Src/adc.o
 .debug_macro   0x000000000000a8e3       0xcf ./Core/Src/adc.o
 .debug_macro   0x000000000000a9b2      0x303 ./Core/Src/adc.o
 .debug_macro   0x000000000000acb5      0x57d ./Core/Src/adc.o
 .debug_macro   0x000000000000b232      0x2f7 ./Core/Src/adc.o
 .debug_macro   0x000000000000b529      0x12d ./Core/Src/adc.o
 .debug_macro   0x000000000000b656       0x64 ./Core/Src/adc.o
 .debug_macro   0x000000000000b6ba      0x173 ./Core/Src/crc.o
 .debug_macro   0x000000000000b82d      0x173 ./Core/Src/gpio.o
 .debug_macro   0x000000000000b9a0      0x173 ./Core/Src/i2c.o
 .debug_macro   0x000000000000bb13      0x173 ./Core/Src/lptim.o
 .debug_macro   0x000000000000bc86      0x224 ./Core/Src/main.o
 .debug_macro   0x000000000000beaa       0x4c ./Core/Src/main.o
 .debug_macro   0x000000000000bef6       0x10 ./Core/Src/main.o
 .debug_macro   0x000000000000bf06      0x130 ./Core/Src/main.o
 .debug_macro   0x000000000000c036       0x1c ./Core/Src/main.o
 .debug_macro   0x000000000000c052       0x10 ./Core/Src/main.o
 .debug_macro   0x000000000000c062       0x28 ./Core/Src/main.o
 .debug_macro   0x000000000000c08a       0x22 ./Core/Src/main.o
 .debug_macro   0x000000000000c0ac      0x1af ./Core/Src/stm32l0xx_it.o
 .debug_macro   0x000000000000c25b       0x16 ./Core/Src/stm32l0xx_it.o
 .debug_macro   0x000000000000c271       0x58 ./Core/Src/stm32l0xx_it.o
 .debug_macro   0x000000000000c2c9       0xff ./Core/Src/sysmem.o
 .debug_macro   0x000000000000c3c8      0x23b ./Core/Src/sysmem.o
 .debug_macro   0x000000000000c603       0xba ./Core/Src/system_stm32l0xx.o
 .debug_macro   0x000000000000c6bd      0x173 ./Core/Src/tim.o
 .debug_macro   0x000000000000c830      0x173 ./Core/Src/usart.o
 .debug_macro   0x000000000000c9a3      0x267 ./Core/Src1/arhiv.o
 .debug_macro   0x000000000000cc0a       0x52 ./Core/Src1/arhiv.o
 .debug_macro   0x000000000000cc5c      0x333 ./Core/Src1/arhiv.o
 .debug_macro   0x000000000000cf8f       0x10 ./Core/Src1/arhiv.o
 .debug_macro   0x000000000000cf9f       0x20 ./Core/Src1/arhiv.o
 .debug_macro   0x000000000000cfbf      0x1a7 ./Core/Src1/calculations.o
 .debug_macro   0x000000000000d166      0x31f ./Core/Src1/debug.o
 .debug_macro   0x000000000000d485       0x16 ./Core/Src1/debug.o
 .debug_macro   0x000000000000d49b       0x97 ./Core/Src1/debug.o
 .debug_macro   0x000000000000d532       0xfd ./Core/Src1/debug.o
 .debug_macro   0x000000000000d62f       0x4c ./Core/Src1/debug.o
 .debug_macro   0x000000000000d67b       0x16 ./Core/Src1/debug.o
 .debug_macro   0x000000000000d691      0x1c1 ./Core/Src1/eeprom.o
 .debug_macro   0x000000000000d852      0x1c7 ./Core/Src1/flash.o
 .debug_macro   0x000000000000da19      0x263 ./Core/Src1/modbus_lpuart.o
 .debug_macro   0x000000000000dc7c      0x18d ./Core/Src2/ADS1115.o
 .debug_macro   0x000000000000de09      0x344 ./Core/Src2/Mipex_command.o
 .debug_macro   0x000000000000e14d      0x1e7 ./Core/Src2/device.o
 .debug_macro   0x000000000000e334      0x2f2 ./Core/Src2/modbus.o
 .debug_macro   0x000000000000e626      0x131 ./Drivers/STM32L0xx_HAL_Driver/stm32l0xx_ll_adc.o
 .debug_macro   0x000000000000e757       0xe1 ./Drivers/STM32L0xx_HAL_Driver/stm32l0xx_ll_exti.o
 .debug_macro   0x000000000000e838      0x103 ./Drivers/STM32L0xx_HAL_Driver/stm32l0xx_ll_exti.o
 .debug_macro   0x000000000000e93b       0xfc ./Drivers/STM32L0xx_HAL_Driver/stm32l0xx_ll_gpio.o
 .debug_macro   0x000000000000ea37      0x127 ./Drivers/STM32L0xx_HAL_Driver/stm32l0xx_ll_gpio.o
 .debug_macro   0x000000000000eb5e       0xfc ./Drivers/STM32L0xx_HAL_Driver/stm32l0xx_ll_i2c.o
 .debug_macro   0x000000000000ec5a      0x240 ./Drivers/STM32L0xx_HAL_Driver/stm32l0xx_ll_i2c.o
 .debug_macro   0x000000000000ee9a      0x111 ./Drivers/STM32L0xx_HAL_Driver/stm32l0xx_ll_lpuart.o
 .debug_macro   0x000000000000efab      0x223 ./Drivers/STM32L0xx_HAL_Driver/stm32l0xx_ll_lpuart.o
 .debug_macro   0x000000000000f1ce       0xe7 ./Drivers/STM32L0xx_HAL_Driver/stm32l0xx_ll_rcc.o
 .debug_macro   0x000000000000f2b5      0x3ae ./Drivers/STM32L0xx_HAL_Driver/stm32l0xx_ll_rcc.o
 .debug_macro   0x000000000000f663      0x11a ./Drivers/STM32L0xx_HAL_Driver/stm32l0xx_ll_tim.o
 .debug_macro   0x000000000000f77d      0x577 ./Drivers/STM32L0xx_HAL_Driver/stm32l0xx_ll_tim.o
 .debug_macro   0x000000000000fcf4      0x12f ./Drivers/STM32L0xx_HAL_Driver/stm32l0xx_ll_usart.o
 .debug_macro   0x000000000000fe23      0x2f1 ./Drivers/STM32L0xx_HAL_Driver/stm32l0xx_ll_usart.o
 .debug_macro   0x0000000000010114      0x162 ./Drivers/STM32L0xx_HAL_Driver/stm32l0xx_ll_utils.o

.debug_line     0x0000000000000000    0x132ef
 .debug_line    0x0000000000000000      0x902 ./Core/Src/adc.o
 .debug_line    0x0000000000000902      0x7fd ./Core/Src/crc.o
 .debug_line    0x00000000000010ff      0x85b ./Core/Src/gpio.o
 .debug_line    0x000000000000195a      0x81d ./Core/Src/i2c.o
 .debug_line    0x0000000000002177      0x7a0 ./Core/Src/lptim.o
 .debug_line    0x0000000000002917      0xc74 ./Core/Src/main.o
 .debug_line    0x000000000000358b      0xa21 ./Core/Src/stm32l0xx_it.o
 .debug_line    0x0000000000003fac      0x51c ./Core/Src/sysmem.o
 .debug_line    0x00000000000044c8      0x5c7 ./Core/Src/system_stm32l0xx.o
 .debug_line    0x0000000000004a8f      0x97f ./Core/Src/tim.o
 .debug_line    0x000000000000540e      0x9ae ./Core/Src/usart.o
 .debug_line    0x0000000000005dbc      0x908 ./Core/Src1/arhiv.o
 .debug_line    0x00000000000066c4      0xa9e ./Core/Src1/calculations.o
 .debug_line    0x0000000000007162      0xc1f ./Core/Src1/debug.o
 .debug_line    0x0000000000007d81      0xbf1 ./Core/Src1/eeprom.o
 .debug_line    0x0000000000008972      0xb18 ./Core/Src1/flash.o
 .debug_line    0x000000000000948a      0xb07 ./Core/Src1/modbus_lpuart.o
 .debug_line    0x0000000000009f91      0xb43 ./Core/Src2/ADS1115.o
 .debug_line    0x000000000000aad4     0x17e9 ./Core/Src2/Mipex_command.o
 .debug_line    0x000000000000c2bd      0xb92 ./Core/Src2/device.o
 .debug_line    0x000000000000ce4f     0x12a8 ./Core/Src2/modbus.o
 .debug_line    0x000000000000e0f7       0x89 ./Core/Startup/startup_stm32l031g6ux.o
 .debug_line    0x000000000000e180      0x8af ./Drivers/STM32L0xx_HAL_Driver/stm32l0xx_ll_adc.o
 .debug_line    0x000000000000ea2f      0x795 ./Drivers/STM32L0xx_HAL_Driver/stm32l0xx_ll_exti.o
 .debug_line    0x000000000000f1c4      0x809 ./Drivers/STM32L0xx_HAL_Driver/stm32l0xx_ll_gpio.o
 .debug_line    0x000000000000f9cd      0x724 ./Drivers/STM32L0xx_HAL_Driver/stm32l0xx_ll_i2c.o
 .debug_line    0x00000000000100f1      0x723 ./Drivers/STM32L0xx_HAL_Driver/stm32l0xx_ll_lpuart.o
 .debug_line    0x0000000000010814      0xbb3 ./Drivers/STM32L0xx_HAL_Driver/stm32l0xx_ll_rcc.o
 .debug_line    0x00000000000113c7      0xbdd ./Drivers/STM32L0xx_HAL_Driver/stm32l0xx_ll_tim.o
 .debug_line    0x0000000000011fa4      0x828 ./Drivers/STM32L0xx_HAL_Driver/stm32l0xx_ll_usart.o
 .debug_line    0x00000000000127cc      0xb23 ./Drivers/STM32L0xx_HAL_Driver/stm32l0xx_ll_utils.o

.debug_str      0x0000000000000000    0x4e297
 .debug_str     0x0000000000000000    0x419a6 ./Core/Src/adc.o
                                      0x41c9b (size before relaxing)
 .debug_str     0x00000000000419a6      0x154 ./Core/Src/crc.o
                                      0x41827 (size before relaxing)
 .debug_str     0x0000000000041afa      0x127 ./Core/Src/gpio.o
                                      0x41a98 (size before relaxing)
 .debug_str     0x0000000000041c21      0x17e ./Core/Src/i2c.o
                                      0x418eb (size before relaxing)
 .debug_str     0x0000000000041d9f       0xc7 ./Core/Src/lptim.o
                                      0x419be (size before relaxing)
 .debug_str     0x0000000000041e66     0x1232 ./Core/Src/main.o
                                      0x42aca (size before relaxing)
 .debug_str     0x0000000000043098      0x477 ./Core/Src/stm32l0xx_it.o
                                      0x4219a (size before relaxing)
 .debug_str     0x000000000004350f     0x24a7 ./Core/Src/sysmem.o
                                       0x6290 (size before relaxing)
 .debug_str     0x00000000000459b6       0x61 ./Core/Src/system_stm32l0xx.o
                                      0x3196e (size before relaxing)
 .debug_str     0x0000000000045a17      0x210 ./Core/Src/tim.o
                                      0x41bce (size before relaxing)
 .debug_str     0x0000000000045c27      0x1e0 ./Core/Src/usart.o
                                      0x41b98 (size before relaxing)
 .debug_str     0x0000000000045e07     0x1587 ./Core/Src1/arhiv.o
                                      0x451c8 (size before relaxing)
 .debug_str     0x000000000004738e       0xe7 ./Core/Src1/calculations.o
                                      0x41da0 (size before relaxing)
 .debug_str     0x0000000000047475     0x12a8 ./Core/Src1/debug.o
                                      0x45eca (size before relaxing)
 .debug_str     0x000000000004871d      0x18a ./Core/Src1/eeprom.o
                                      0x41ec4 (size before relaxing)
 .debug_str     0x00000000000488a7      0x12f ./Core/Src1/flash.o
                                      0x41dae (size before relaxing)
 .debug_str     0x00000000000489d6      0x196 ./Core/Src1/modbus_lpuart.o
                                      0x4502a (size before relaxing)
 .debug_str     0x0000000000048b6c      0x221 ./Core/Src2/ADS1115.o
                                      0x423a5 (size before relaxing)
 .debug_str     0x0000000000048d8d      0x431 ./Core/Src2/Mipex_command.o
                                      0x469d2 (size before relaxing)
 .debug_str     0x00000000000491be      0x35a ./Core/Src2/device.o
                                      0x42a5e (size before relaxing)
 .debug_str     0x0000000000049518      0x52d ./Core/Src2/modbus.o
                                      0x459b6 (size before relaxing)
 .debug_str     0x0000000000049a45       0x36 ./Core/Startup/startup_stm32l031g6ux.o
                                         0x6b (size before relaxing)
 .debug_str     0x0000000000049a7b      0xe6d ./Drivers/STM32L0xx_HAL_Driver/stm32l0xx_ll_adc.o
                                      0x3749f (size before relaxing)
 .debug_str     0x000000000004a8e8      0x328 ./Drivers/STM32L0xx_HAL_Driver/stm32l0xx_ll_exti.o
                                      0x32170 (size before relaxing)
 .debug_str     0x000000000004ac10      0x54e ./Drivers/STM32L0xx_HAL_Driver/stm32l0xx_ll_gpio.o
                                      0x32b23 (size before relaxing)
 .debug_str     0x000000000004b15e      0x42a ./Drivers/STM32L0xx_HAL_Driver/stm32l0xx_ll_i2c.o
                                      0x33298 (size before relaxing)