stm32l0xx_ll_tim.c:476:20:OC1Config	16	static
stm32l0xx_ll_tim.c:535:20:OC2Config	16	static
stm32l0xx_ll_tim.c:594:20:OC3Config	16	static
stm32l0xx_ll_tim.c:653:20:OC4Config	16	static
stm32l0xx_ll_tim.c:713:20:IC1Config	12	static
stm32l0xx_ll_tim.c:746:20:IC2Config	12	static
stm32l0xx_ll_tim.c:779:20:IC3Config	8	static
stm32l0xx_ll_tim.c:812:20:IC4Config	8	static
stm32l0xx_ll_tim.c:146:13:LL_TIM_DeInit	0	static
stm32l0xx_ll_tim.c:205:6:LL_TIM_StructInit	0	static
stm32l0xx_ll_tim.c:223:13:LL_TIM_Init	0	static
stm32l0xx_ll_tim.c:268:6:LL_TIM_OC_StructInit	0	static
stm32l0xx_ll_tim.c:291:13:LL_TIM_OC_Init	8	static
stm32l0xx_ll_tim.c:323:6:LL_TIM_IC_StructInit	0	static
stm32l0xx_ll_tim.c:346:13:LL_TIM_IC_Init	8	static
stm32l0xx_ll_tim.c:377:6:LL_TIM_ENCODER_StructInit	0	static
stm32l0xx_ll_tim.c:400:13:LL_TIM_ENCODER_Init	12	static
