C:/Users/Dmitriy/STM32Cube/Repository/STM32Cube_FW_L0_V1.12.1/Drivers/STM32L0xx_HAL_Driver/Src/stm32l0xx_ll_adc.c:211:13:LL_ADC_CommonDeInit	0	static
C:/Users/Dmitriy/STM32Cube/Repository/STM32Cube_FW_L0_V1.12.1/Drivers/STM32L0xx_HAL_Driver/Src/stm32l0xx_ll_adc.c:240:13:LL_ADC_CommonInit	0	static
C:/Users/Dmitriy/STM32Cube/Repository/STM32Cube_FW_L0_V1.12.1/Drivers/STM32L0xx_HAL_Driver/Src/stm32l0xx_ll_adc.c:277:6:LL_ADC_CommonStructInit	0	static
C:/Users/Dmitriy/STM32Cube/Repository/STM32Cube_FW_L0_V1.12.1/Drivers/STM32L0xx_HAL_Driver/Src/stm32l0xx_ll_adc.c:301:13:LL_ADC_DeInit	16	static
C:/Users/Dmitriy/STM32Cube/Repository/STM32Cube_FW_L0_V1.12.1/Drivers/STM32L0xx_HAL_Driver/Src/stm32l0xx_ll_adc.c:480:13:LL_ADC_Init	8	static
C:/Users/Dmitriy/STM32Cube/Repository/STM32Cube_FW_L0_V1.12.1/Drivers/STM32L0xx_HAL_Driver/Src/stm32l0xx_ll_adc.c:532:6:LL_ADC_StructInit	0	static
C:/Users/Dmitriy/STM32Cube/Repository/STM32Cube_FW_L0_V1.12.1/Drivers/STM32L0xx_HAL_Driver/Src/stm32l0xx_ll_adc.c:575:13:LL_ADC_REG_Init	8	static
C:/Users/Dmitriy/STM32Cube/Repository/STM32Cube_FW_L0_V1.12.1/Drivers/STM32L0xx_HAL_Driver/Src/stm32l0xx_ll_adc.c:637:6:LL_ADC_REG_StructInit	0	static
