stm32l0xx_ll_tim.c:469:20:OC1Config	16	static
stm32l0xx_ll_tim.c:528:20:OC2Config	16	static
stm32l0xx_ll_tim.c:587:20:OC3Config	16	static
stm32l0xx_ll_tim.c:646:20:OC4Config	16	static
stm32l0xx_ll_tim.c:706:20:IC1Config	12	static
stm32l0xx_ll_tim.c:739:20:IC2Config	12	static
stm32l0xx_ll_tim.c:772:20:IC3Config	8	static
stm32l0xx_ll_tim.c:805:20:IC4Config	8	static
stm32l0xx_ll_tim.c:146:13:LL_TIM_DeInit	0	static
stm32l0xx_ll_tim.c:205:6:LL_TIM_StructInit	0	static
stm32l0xx_ll_tim.c:222:13:LL_TIM_Init	0	static
stm32l0xx_ll_tim.c:266:6:LL_TIM_OC_StructInit	0	static
stm32l0xx_ll_tim.c:288:13:LL_TIM_OC_Init	8	static
stm32l0xx_ll_tim.c:319:6:LL_TIM_IC_StructInit	0	static
stm32l0xx_ll_tim.c:341:13:LL_TIM_IC_Init	8	static
stm32l0xx_ll_tim.c:371:6:LL_TIM_ENCODER_StructInit	0	static
stm32l0xx_ll_tim.c:393:13:LL_TIM_ENCODER_Init	12	static
