C:/Users/Dmitriy/STM32Cube/Repository/STM32Cube_FW_L0_V1.12.1/Drivers/STM32L0xx_HAL_Driver/Src/stm32l0xx_ll_lptim.c:96:13:LL_LPTIM_DeInit	0	static
C:/Users/Dmitriy/STM32Cube/Repository/STM32Cube_FW_L0_V1.12.1/Drivers/STM32L0xx_HAL_Driver/Src/stm32l0xx_ll_lptim.c:122:6:LL_LPTIM_StructInit	0	static
C:/Users/Dmitriy/STM32Cube/Repository/STM32Cube_FW_L0_V1.12.1/Drivers/STM32L0xx_HAL_Driver/Src/stm32l0xx_ll_lptim.c:141:13:LL_LPTIM_Init	8	static
C:/Users/Dmitriy/STM32Cube/Repository/STM32Cube_FW_L0_V1.12.1/Drivers/STM32L0xx_HAL_Driver/Src/stm32l0xx_ll_lptim.c:184:6:LL_LPTIM_Disable	48	static,ignoring_inline_asm
