../Core/Src2/device.c:58:6:timer_1_128	0	static
../Core/Src2/device.c:142:6:serviceTimerStart	0	static
../Core/Src2/device.c:147:6:serviceTimerStop	8	static
../Core/Src2/device.c:129:6:serviceTimerProc	8	static
../Core/Src2/device.c:179:6:dev_set_config_default	0	static
../Core/Src2/device.c:249:6:dev_init	8	static
../Core/Src2/device.c:311:7:delay_us	0	static
../Core/Src2/device.c:322:6:heat_proc	24	static
../Core/Src2/device.c:378:6:dev_proc	8	static
../Core/Src2/device.c:415:6:Adc_Eoc_Callback	0	static
../Core/Src2/device.c:579:6:Adc_read_data	16	static
