Mipex_command.c:77:13:Mipex_TXEmpty_Callback	0	static
Mipex_command.c:95:16:Mipex_crc	8	static
Mipex_command.c:103:12:strcompare	16	static
Mipex_command.c:117:20:Mipex_parcing_commmand	40	static
Mipex_command.c:85:13:Mipex_RXNEmpty_Callback	8	static
Mipex_command.c:195:13:transmit_UART	8	static,ignoring_inline_asm
Mipex_command.c:206:13:transmit_UART_IT	16	static
Mipex_command.c:216:16:receive_UART	0	static
Mipex_command.c:43:6:Mipex_init_buff	64	static
Mipex_command.c:63:6:Mipex_UART_IRQHandler	8	static
Mipex_command.c:235:6:Mipex_transmit_commmand	40	static
Mipex_command.c:48:6:Mipex_Init	8	static
Mipex_command.c:58:6:Mipex_Restart	8	static
Mipex_command.c:311:6:Mipex_transmit_commmand_IT	32	static
Mipex_command.c:360:6:Mipex_transmit_commmand_repeat	8	static
Mipex_command.c:368:6:Mipex_transmit_commmand_repeat_IT	8	static
