../Core/Src2/msi.c:403:13:MSI_TurnClock	32	static
../Core/Src2/msi.c:445:13:MSI_RCC_AdjustCalibrationValue	0	static
../Core/Src2/msi.c:318:10:MSI_FreqMeasure	16	static,ignoring_inline_asm
../Core/Src2/msi.c:273:13:MSI_CalibrateCurve	24	static
../Core/Src2/msi.c:394:6:MSI_MeasurementInit	0	static
../Core/Src2/msi.c:43:10:MSI_CalibrateMinError	48	static
../Core/Src2/msi.c:128:13:MSI_CalibrateFixedError	56	static
../Core/Src2/msi.c:214:6:MSI_GetCurve	24	static
../Core/Src2/msi.c:452:6:MSI_Callback_Capture_Timer	8	static
