stm32l0xx_it.c:78:6:NMI_Handler	0	static
stm32l0xx_it.c:93:6:HardFault_Handler	0	static
stm32l0xx_it.c:108:6:SVC_Handler	0	static
stm32l0xx_it.c:121:6:PendSV_Handler	0	static
stm32l0xx_it.c:134:6:SysTick_Handler	0	static
stm32l0xx_it.c:155:6:EXTI4_15_IRQHandler	0	static
stm32l0xx_it.c:176:6:ADC1_COMP_IRQHandler	8	static,ignoring_inline_asm
stm32l0xx_it.c:215:6:LPTIM1_IRQHandler	8	static
stm32l0xx_it.c:232:6:TIM21_IRQHandler	8	static
stm32l0xx_it.c:247:6:TIM22_IRQHandler	8	static
stm32l0xx_it.c:275:6:USART2_IRQHandler	8	static
stm32l0xx_it.c:291:6:LPUART1_IRQHandler	8	static
