../Core/Src1/calculations.c:21:6:CalibGasZero	24	static
../Core/Src1/calculations.c:38:6:CalibGasConc	8	static
../Core/Src1/calculations.c:62:10:get_koef_temper_conc	40	static
../Core/Src1/calculations.c:200:6:LinearizInit_O2	8	static
../Core/Src1/calculations.c:228:6:LinearizInit	8	static
../Core/Src1/calculations.c:238:10:LinearizKoef	40	static
../Core/Src1/calculations.c:337:6:test_lineariz	8	static
../Core/Src1/calculations.c:353:6:SetGasValue	24	static
../Core/Src1/calculations.c:443:6:test_temp_korr	8	static
../Core/Src1/calculations.c:458:6:SetGasValue_mg_m3	8	static
